Component: ARM Compiler 5.06 update 6 (build 750) Tool: armlink [4d35ed]

==============================================================================

Section Cross References

    startup_stm32f427xx.o(STACK) refers (Special) to heapauxi.o(.text) for __use_two_region_memory
    startup_stm32f427xx.o(HEAP) refers (Special) to heapauxi.o(.text) for __use_two_region_memory
    startup_stm32f427xx.o(RESET) refers (Special) to heapauxi.o(.text) for __use_two_region_memory
    startup_stm32f427xx.o(RESET) refers to startup_stm32f427xx.o(STACK) for __initial_sp
    startup_stm32f427xx.o(RESET) refers to startup_stm32f427xx.o(.text) for Reset_Handler
    startup_stm32f427xx.o(RESET) refers to stm32f4xx_it.o(i.NMI_Handler) for NMI_Handler
    startup_stm32f427xx.o(RESET) refers to stm32f4xx_it.o(i.HardFault_Handler) for HardFault_Handler
    startup_stm32f427xx.o(RESET) refers to stm32f4xx_it.o(i.MemManage_Handler) for MemManage_Handler
    startup_stm32f427xx.o(RESET) refers to stm32f4xx_it.o(i.BusFault_Handler) for BusFault_Handler
    startup_stm32f427xx.o(RESET) refers to stm32f4xx_it.o(i.UsageFault_Handler) for UsageFault_Handler
    startup_stm32f427xx.o(RESET) refers to port.o(.emb_text) for SVC_Handler
    startup_stm32f427xx.o(RESET) refers to stm32f4xx_it.o(i.DebugMon_Handler) for DebugMon_Handler
    startup_stm32f427xx.o(RESET) refers to stm32f4xx_it.o(i.SysTick_Handler) for SysTick_Handler
    startup_stm32f427xx.o(RESET) refers to stm32f4xx_it.o(i.EXTI0_IRQHandler) for EXTI0_IRQHandler
    startup_stm32f427xx.o(RESET) refers to stm32f4xx_it.o(i.EXTI2_IRQHandler) for EXTI2_IRQHandler
    startup_stm32f427xx.o(RESET) refers to stm32f4xx_it.o(i.DMA1_Stream0_IRQHandler) for DMA1_Stream0_IRQHandler
    startup_stm32f427xx.o(RESET) refers to stm32f4xx_it.o(i.DMA1_Stream1_IRQHandler) for DMA1_Stream1_IRQHandler
    startup_stm32f427xx.o(RESET) refers to stm32f4xx_it.o(i.DMA1_Stream3_IRQHandler) for DMA1_Stream3_IRQHandler
    startup_stm32f427xx.o(RESET) refers to stm32f4xx_it.o(i.DMA1_Stream6_IRQHandler) for DMA1_Stream6_IRQHandler
    startup_stm32f427xx.o(RESET) refers to stm32f4xx_it.o(i.CAN1_RX0_IRQHandler) for CAN1_RX0_IRQHandler
    startup_stm32f427xx.o(RESET) refers to stm32f4xx_it.o(i.DMA2_Stream1_IRQHandler) for DMA2_Stream1_IRQHandler
    startup_stm32f427xx.o(RESET) refers to stm32f4xx_it.o(i.CAN2_RX0_IRQHandler) for CAN2_RX0_IRQHandler
    startup_stm32f427xx.o(RESET) refers to stm32f4xx_it.o(i.DMA2_Stream6_IRQHandler) for DMA2_Stream6_IRQHandler
    startup_stm32f427xx.o(RESET) refers to stm32f4xx_it.o(i.USART6_IRQHandler) for USART6_IRQHandler
    startup_stm32f427xx.o(RESET) refers to stm32f4xx_it.o(i.UART7_IRQHandler) for UART7_IRQHandler
    startup_stm32f427xx.o(RESET) refers to stm32f4xx_it.o(i.UART8_IRQHandler) for UART8_IRQHandler
    startup_stm32f427xx.o(.text) refers (Special) to heapauxi.o(.text) for __use_two_region_memory
    startup_stm32f427xx.o(.text) refers to system_stm32f4xx.o(i.SystemInit) for SystemInit
    startup_stm32f427xx.o(.text) refers to __main.o(!!!main) for __main
    startup_stm32f427xx.o(.text) refers to startup_stm32f427xx.o(HEAP) for Heap_Mem
    startup_stm32f427xx.o(.text) refers to startup_stm32f427xx.o(STACK) for Stack_Mem
    main.o(i.SystemClock_Config) refers to rt_memclr_w.o(.text) for __aeabi_memclr4
    main.o(i.SystemClock_Config) refers to stm32f4xx_hal_rcc.o(i.HAL_RCC_OscConfig) for HAL_RCC_OscConfig
    main.o(i.SystemClock_Config) refers to stm32f4xx_hal_rcc.o(i.HAL_RCC_ClockConfig) for HAL_RCC_ClockConfig
    main.o(i.main) refers to stm32f4xx_hal.o(i.HAL_Init) for HAL_Init
    main.o(i.main) refers to main.o(i.SystemClock_Config) for SystemClock_Config
    main.o(i.main) refers to gpio.o(i.MX_GPIO_Init) for MX_GPIO_Init
    main.o(i.main) refers to dma.o(i.MX_DMA_Init) for MX_DMA_Init
    main.o(i.main) refers to usart.o(i.MX_UART8_Init) for MX_UART8_Init
    main.o(i.main) refers to usart.o(i.MX_USART6_UART_Init) for MX_USART6_UART_Init
    main.o(i.main) refers to can.o(i.MX_CAN1_Init) for MX_CAN1_Init
    main.o(i.main) refers to tim.o(i.MX_TIM2_Init) for MX_TIM2_Init
    main.o(i.main) refers to tim.o(i.MX_TIM8_Init) for MX_TIM8_Init
    main.o(i.main) refers to usart.o(i.MX_UART7_Init) for MX_UART7_Init
    main.o(i.main) refers to can.o(i.MX_CAN2_Init) for MX_CAN2_Init
    main.o(i.main) refers to bsp_can.o(i.can_filter_init) for can_filter_init
    main.o(i.main) refers to servo.o(i.servo_init) for servo_init
    main.o(i.main) refers to can_cmd_all.o(i.CAN_angleControl) for CAN_angleControl
    main.o(i.main) refers to motor_ctrl.o(i.angle_m6020_init) for angle_m6020_init
    main.o(i.main) refers to freertos.o(i.MX_FREERTOS_Init) for MX_FREERTOS_Init
    main.o(i.main) refers to cmsis_os.o(i.osKernelStart) for osKernelStart
    main.o(i.usart_printf) refers to vsprintf.o(.text) for vsprintf
    main.o(i.usart_printf) refers to stm32f4xx_hal_uart.o(i.HAL_UART_Transmit) for HAL_UART_Transmit
[...]
    CAN_cmd_chassis                          0x08001f2d   Thumb Code    60  can_cmd_all.o(i.CAN_cmd_chassis)
    DMA1_Stream0_IRQHandler                  0x08001f75   Thumb Code     6  stm32f4xx_it.o(i.DMA1_Stream0_IRQHandler)
    DMA1_Stream1_IRQHandler                  0x08001f81   Thumb Code     6  stm32f4xx_it.o(i.DMA1_Stream1_IRQHandler)
    DMA1_Stream3_IRQHandler                  0x08001f8d   Thumb Code     6  stm32f4xx_it.o(i.DMA1_Stream3_IRQHandler)
    DMA1_Stream6_IRQHandler                  0x08001f99   Thumb Code     6  stm32f4xx_it.o(i.DMA1_Stream6_IRQHandler)
    DMA2_Stream1_IRQHandler                  0x08001fa5   Thumb Code     6  stm32f4xx_it.o(i.DMA2_Stream1_IRQHandler)
    DMA2_Stream6_IRQHandler                  0x08001fb1   Thumb Code     6  stm32f4xx_it.o(i.DMA2_Stream6_IRQHandler)
    DebugMon_Handler                         0x08002061   Thumb Code     2  stm32f4xx_it.o(i.DebugMon_Handler)
    EXTI0_IRQHandler                         0x08002087   Thumb Code     6  stm32f4xx_it.o(i.EXTI0_IRQHandler)
    EXTI2_IRQHandler                         0x0800208d   Thumb Code     6  stm32f4xx_it.o(i.EXTI2_IRQHandler)
    Error_Handler                            0x08002093   Thumb Code     4  main.o(i.Error_Handler)
    HAL_CAN_ActivateNotification             0x08002097   Thumb Code    36  stm32f4xx_hal_can.o(i.HAL_CAN_ActivateNotification)
    HAL_CAN_AddTxMessage                     0x080020bb   Thumb Code   200  stm32f4xx_hal_can.o(i.HAL_CAN_AddTxMessage)
    HAL_CAN_ConfigFilter                     0x08002185   Thumb Code   262  stm32f4xx_hal_can.o(i.HAL_CAN_ConfigFilter)
    HAL_CAN_ErrorCallback                    0x08002291   Thumb Code     2  stm32f4xx_hal_can.o(i.HAL_CAN_ErrorCallback)
    HAL_CAN_GetRxMessage                     0x08002293   Thumb Code   232  stm32f4xx_hal_can.o(i.HAL_CAN_GetRxMessage)
    HAL_CAN_IRQHandler                       0x0800237b   Thumb Code   508  stm32f4xx_hal_can.o(i.HAL_CAN_IRQHandler)
    HAL_CAN_Init                             0x08002577   Thumb Code   282  stm32f4xx_hal_can.o(i.HAL_CAN_Init)
    HAL_CAN_MspInit                          0x08002691   Thumb Code   228  can.o(i.HAL_CAN_MspInit)
    HAL_CAN_RxFifo0FullCallback              0x0800278d   Thumb Code     2  stm32f4xx_hal_can.o(i.HAL_CAN_RxFifo0FullCallback)
    HAL_CAN_RxFifo0MsgPendingCallback        0x08002791   Thumb Code   198  can_receive.o(i.HAL_CAN_RxFifo0MsgPendingCallback)
    HAL_CAN_RxFifo1FullCallback              0x08002861   Thumb Code     2  stm32f4xx_hal_can.o(i.HAL_CAN_RxFifo1FullCallback)
    HAL_CAN_RxFifo1MsgPendingCallback        0x08002863   Thumb Code     2  stm32f4xx_hal_can.o(i.HAL_CAN_RxFifo1MsgPendingCallback)
    HAL_CAN_SleepCallback                    0x08002865   Thumb Code     2  stm32f4xx_hal_can.o(i.HAL_CAN_SleepCallback)
    HAL_CAN_Start                            0x08002869   Thumb Code    88  stm32f4xx_hal_can.o(i.HAL_CAN_Start)
    HAL_CAN_TxMailbox0AbortCallback          0x080028c1   Thumb Code     2  stm32f4xx_hal_can.o(i.HAL_CAN_TxMailbox0AbortCallback)
    HAL_CAN_TxMailbox0CompleteCallback       0x080028c3   Thumb Code     2  stm32f4xx_hal_can.o(i.HAL_CAN_TxMailbox0CompleteCallback)
    HAL_CAN_TxMailbox1AbortCallback          0x080028c5   Thumb Code     2  stm32f4xx_hal_can.o(i.HAL_CAN_TxMailbox1AbortCallback)
    HAL_CAN_TxMailbox1CompleteCallback       0x080028c7   Thumb Code     2  stm32f4xx_hal_can.o(i.HAL_CAN_TxMailbox1CompleteCallback)
    HAL_CAN_TxMailbox2AbortCallback          0x080028c9   Thumb Code     2  stm32f4xx_hal_can.o(i.HAL_CAN_TxMailbox2AbortCallback)
    HAL_CAN_TxMailbox2CompleteCallback       0x080028cb   Thumb Code     2  stm32f4xx_hal_can.o(i.HAL_CAN_TxMailbox2CompleteCallback)
    HAL_CAN_WakeUpFromRxMsgCallback          0x080028cd   Thumb Code     2  stm32f4xx_hal_can.o(i.HAL_CAN_WakeUpFromRxMsgCallback)
    HAL_DMA_Abort                            0x080028cf   Thumb Code   146  stm32f4xx_hal_dma.o(i.HAL_DMA_Abort)
    HAL_DMA_Abort_IT                         0x08002961   Thumb Code    36  stm32f4xx_hal_dma.o(i.HAL_DMA_Abort_IT)
    HAL_DMA_IRQHandler                       0x08002985   Thumb Code   412  stm32f4xx_hal_dma.o(i.HAL_DMA_IRQHandler)
    HAL_DMA_Init                             0x08002b25   Thumb Code   206  stm32f4xx_hal_dma.o(i.HAL_DMA_Init)
    HAL_DMA_Start_IT                         0x08002bf9   Thumb Code   110  stm32f4xx_hal_dma.o(i.HAL_DMA_Start_IT)
    HAL_Delay                                0x08002c69   Thumb Code    32  stm32f4xx_hal.o(i.HAL_Delay)
    HAL_GPIO_EXTI_Callback                   0x08002c8d   Thumb Code     2  stm32f4xx_hal_gpio.o(i.HAL_GPIO_EXTI_Callback)
    HAL_GPIO_EXTI_IRQHandler                 0x08002c91   Thumb Code    18  stm32f4xx_hal_gpio.o(i.HAL_GPIO_EXTI_IRQHandler)
    HAL_GPIO_Init                            0x08002ca9   Thumb Code   510  stm32f4xx_hal_gpio.o(i.HAL_GPIO_Init)
    HAL_GPIO_ReadPin                         0x08002edd   Thumb Code    10  stm32f4xx_hal_gpio.o(i.HAL_GPIO_ReadPin)
    HAL_GPIO_WritePin                        0x08002ee7   Thumb Code    10  stm32f4xx_hal_gpio.o(i.HAL_GPIO_WritePin)
    HAL_GetTick                              0x08002ef1   Thumb Code     6  stm32f4xx_hal.o(i.HAL_GetTick)
    HAL_IncTick                              0x08002efd   Thumb Code    12  stm32f4xx_hal.o(i.HAL_IncTick)
    HAL_Init                                 0x08002f0d   Thumb Code    48  stm32f4xx_hal.o(i.HAL_Init)
    HAL_InitTick                             0x08002f41   Thumb Code    54  stm32f4xx_hal.o(i.HAL_InitTick)
    HAL_MspInit                              0x08002f81   Thumb Code    52  stm32f4xx_hal_msp.o(i.HAL_MspInit)
    HAL_NVIC_EnableIRQ                       0x08002fb9   Thumb Code    26  stm32f4xx_hal_cortex.o(i.HAL_NVIC_EnableIRQ)
    HAL_NVIC_SetPriority                     0x08002fd5   Thumb Code    60  stm32f4xx_hal_cortex.o(i.HAL_NVIC_SetPriority)
    HAL_NVIC_SetPriorityGrouping             0x08003015   Thumb Code    26  stm32f4xx_hal_cortex.o(i.HAL_NVIC_SetPriorityGrouping)
    HAL_RCC_ClockConfig                      0x08003039   Thumb Code   288  stm32f4xx_hal_rcc.o(i.HAL_RCC_ClockConfig)
    HAL_RCC_GetPCLK1Freq                     0x0800316d   Thumb Code    20  stm32f4xx_hal_rcc.o(i.HAL_RCC_GetPCLK1Freq)
    HAL_RCC_GetPCLK2Freq                     0x0800318d   Thumb Code    20  stm32f4xx_hal_rcc.o(i.HAL_RCC_GetPCLK2Freq)
    HAL_RCC_GetSysClockFreq                  0x080031ad   Thumb Code    88  stm32f4xx_hal_rcc.o(i.HAL_RCC_GetSysClockFreq)
    HAL_RCC_OscConfig                        0x08003211   Thumb Code   856  stm32f4xx_hal_rcc.o(i.HAL_RCC_OscConfig)
    HAL_SYSTICK_Config                       0x0800357d   Thumb Code    40  stm32f4xx_hal_cortex.o(i.HAL_SYSTICK_Config)
    HAL_TIMEx_ConfigBreakDeadTime            0x080035a5   Thumb Code    84  stm32f4xx_hal_tim_ex.o(i.HAL_TIMEx_ConfigBreakDeadTime)
    HAL_TIMEx_MasterConfigSynchronization    0x080035f9   Thumb Code   116  stm32f4xx_hal_tim_ex.o(i.HAL_TIMEx_MasterConfigSynchronization)
    HAL_TIM_Base_Start                       0x08003689   Thumb Code    90  stm32f4xx_hal_tim.o(i.HAL_TIM_Base_Start)
    HAL_TIM_MspPostInit                      0x08003701   Thumb Code   112  tim.o(i.HAL_TIM_MspPostInit)
    HAL_TIM_PWM_ConfigChannel                0x08003781   Thumb Code   204  stm32f4xx_hal_tim.o(i.HAL_TIM_PWM_ConfigChannel)
    HAL_TIM_PWM_Init                         0x0800384d   Thumb Code    90  stm32f4xx_hal_tim.o(i.HAL_TIM_PWM_Init)
    HAL_TIM_PWM_MspInit                      0x080038a9   Thumb Code    56  tim.o(i.HAL_TIM_PWM_MspInit)
    HAL_TIM_PWM_Start                        0x080038e9   Thumb Code   172  stm32f4xx_hal_tim.o(i.HAL_TIM_PWM_Start)
    HAL_UARTEx_RxEventCallback               0x080039b1   Thumb Code     2  stm32f4xx_hal_uart.o(i.HAL_UARTEx_RxEventCallback)
    HAL_UART_ErrorCallback                   0x080039b3   Thumb Code    14  commu_task.o(i.HAL_UART_ErrorCallback)
    HAL_UART_IRQHandler                      0x080039c1   Thumb Code   610  stm32f4xx_hal_uart.o(i.HAL_UART_IRQHandler)
    HAL_UART_Init                            0x08003c29   Thumb Code    98  stm32f4xx_hal_uart.o(i.HAL_UART_Init)
    HAL_UART_MspInit                         0x08003c8d   Thumb Code   636  usart.o(i.HAL_UART_MspInit)
    HAL_UART_Receive_DMA                     0x08003f31   Thumb Code    42  stm32f4xx_hal_uart.o(i.HAL_UART_Receive_DMA)
    HAL_UART_RxCpltCallback                  0x08003f5d   Thumb Code   144  commu_task.o(i.HAL_UART_RxCpltCallback)
    HAL_UART_RxHalfCpltCallback              0x08003ffd   Thumb Code     2  stm32f4xx_hal_uart.o(i.HAL_UART_RxHalfCpltCallback)
    HAL_UART_Transmit                        0x08004001   Thumb Code   178  stm32f4xx_hal_uart.o(i.HAL_UART_Transmit)
    HAL_UART_TxCpltCallback                  0x080040b3   Thumb Code     2  stm32f4xx_hal_uart.o(i.HAL_UART_TxCpltCallback)
    HardFault_Handler                        0x080040b5   Thumb Code     2  stm32f4xx_it.o(i.HardFault_Handler)
    MX_CAN1_Init                             0x080040b9   Thumb Code    60  can.o(i.MX_CAN1_Init)
    MX_CAN2_Init                             0x080040fd   Thumb Code    60  can.o(i.MX_CAN2_Init)
    MX_DMA_Init                              0x08004141   Thumb Code   136  dma.o(i.MX_DMA_Init)
    MX_FREERTOS_Init                         0x080041cd   Thumb Code    96  freertos.o(i.MX_FREERTOS_Init)
    MX_GPIO_Init                             0x08004235   Thumb Code   266  gpio.o(i.MX_GPIO_Init)
    MX_TIM2_Init                             0x08004355   Thumb Code   154  tim.o(i.MX_TIM2_Init)
    MX_TIM8_Init                             0x080043f5   Thumb Code   156  tim.o(i.MX_TIM8_Init)
    MX_UART7_Init                            0x08004499   Thumb Code    48  usart.o(i.MX_UART7_Init)
    MX_UART8_Init                            0x080044d1   Thumb Code    48  usart.o(i.MX_UART8_Init)
    MX_USART6_UART_Init                      0x08004509   Thumb Code    48  usart.o(i.MX_USART6_UART_Init)
    MemManage_Handler                        0x08004541   Thumb Code     2  stm32f4xx_it.o(i.MemManage_Handler)
    NMI_Handler                              0x08004543   Thumb Code     2  stm32f4xx_it.o(i.NMI_Handler)
    PID_ECD_calc                             0x08004545   Thumb Code    46  motor_ctrl.o(i.PID_ECD_calc)
    PID_angle_calc                           0x08004573   Thumb Code    38  chassis_task.o(i.PID_angle_calc)
    PID_calc                                 0x08004599   Thumb Code   350  pid.o(i.PID_calc)
    PID_init                                 0x080046fd   Thumb Code    88  pid.o(i.PID_init)
    PID_limit_calc                           0x08004759   Thumb Code   256  chassis_task.o(i.PID_limit_calc)
    SysTick_Handler                          0x08004865   Thumb Code    24  stm32f4xx_it.o(i.SysTick_Handler)
    SystemClock_Config                       0x0800487d   Thumb Code   140  main.o(i.SystemClock_Config)
    SystemInit                               0x08004911   Thumb Code    12  system_stm32f4xx.o(i.SystemInit)
    TIM_Base_SetConfig                       0x08004921   Thumb Code   156  stm32f4xx_hal_tim.o(i.TIM_Base_SetConfig)
    TIM_CCxChannelCmd                        0x080049e9   Thumb Code    26  stm32f4xx_hal_tim.o(i.TIM_CCxChannelCmd)
    TIM_OC2_SetConfig                        0x08004a65   Thumb Code    98  stm32f4xx_hal_tim.o(i.TIM_OC2_SetConfig)
    UART7_IRQHandler                         0x08004b89   Thumb Code     6  stm32f4xx_it.o(i.UART7_IRQHandler)
    UART8_IRQHandler                         0x08004b95   Thumb Code     6  stm32f4xx_it.o(i.UART8_IRQHandler)
    UART_Start_Receive_DMA                   0x08004ecd   Thumb Code   134  stm32f4xx_hal_uart.o(i.UART_Start_Receive_DMA)
    USART6_IRQHandler                        0x08004fd9   Thumb Code     6  stm32f4xx_it.o(i.USART6_IRQHandler)
    UsageFault_Handler                       0x08004fe5   Thumb Code     2  stm32f4xx_it.o(i.UsageFault_Handler)
    __ARM_fpclassify                         0x08004fe7   Thumb Code    48  fpclassify.o(i.__ARM_fpclassify)
    __hardfp_cos                             0x08005039   Thumb Code   180  cos.o(i.__hardfp_cos)
    __hardfp_sin                             0x08005101   Thumb Code   180  sin.o(i.__hardfp_sin)
    __ieee754_rem_pio2                       0x080051c9   Thumb Code   938  rred.o(i.__ieee754_rem_pio2)
    __kernel_cos                             0x08005601   Thumb Code   322  cos_i.o(i.__kernel_cos)
    __kernel_poly                            0x08005771   Thumb Code   248  poly.o(i.__kernel_poly)
    __kernel_sin                             0x08005869   Thumb Code   280  sin_i.o(i.__kernel_sin)
    __mathlib_dbl_infnan                     0x08005999   Thumb Code    20  dunder.o(i.__mathlib_dbl_infnan)
    __mathlib_dbl_invalid                    0x080059b1   Thumb Code    24  dunder.o(i.__mathlib_dbl_invalid)
    __mathlib_dbl_underflow                  0x080059d1   Thumb Code    24  dunder.o(i.__mathlib_dbl_underflow)
    _is_digit                                0x080059f1   Thumb Code    14  __printf_wp.o(i._is_digit)
    action_to_car                            0x08005a01   Thumb Code    38  commu_task.o(i.action_to_car)
    angle_limit                              0x08005a2d   Thumb Code   274  chassis_task.o(i.angle_limit)
    angle_m6020_init                         0x08005b51   Thumb Code    86  motor_ctrl.o(i.angle_m6020_init)
    angle_m6020_to_next                      0x08005bc5   Thumb Code    20  motor_ctrl.o(i.angle_m6020_to_next)
    can_filter_init                          0x08005bdd   Thumb Code    80  bsp_can.o(i.can_filter_init)
    chassis_ctrl                             0x08005c35   Thumb Code    76  chassis_task.o(i.chassis_ctrl)
    chassis_init                             0x08005c85   Thumb Code    88  chassis_task.o(i.chassis_init)
    chassis_pid_calc                         0x08005cf1   Thumb Code    88  chassis_task.o(i.chassis_pid_calc)
    chassis_pid_init                         0x08005d51   Thumb Code   104  chassis_task.o(i.chassis_pid_init)
    chassis_task                             0x08005dc9   Thumb Code   104  chassis_task.o(i.chassis_task)
    chassis_v_to_mecanum_speed               0x08005e49   Thumb Code   198  chassis_task.o(i.chassis_v_to_mecanum_speed)
    cmd_arm_grab_ground                      0x08005f31   Thumb Code   140  servo_task.o(i.cmd_arm_grab_ground)
    cmd_arm_grab_material                    0x08005fc5   Thumb Code   142  servo_task.o(i.cmd_arm_grab_material)
    cmd_arm_place_ground                     0x08006061   Thumb Code   142  servo_task.o(i.cmd_arm_place_ground)
    cmd_arm_place_stuff                      0x080060f9   Thumb Code   136  servo_task.o(i.cmd_arm_place_stuff)
    cmd_arm_rst                              0x08006189   Thumb Code    18  servo_task.o(i.cmd_arm_rst)
    cmd_arm_to_code                          0x080061a1   Thumb Code    46  servo_task.o(i.cmd_arm_to_code)
    cmd_arm_to_stuff                         0x080061d9   Thumb Code    26  servo_task.o(i.cmd_arm_to_stuff)
    commu_task                               0x080061fd   Thumb Code   204  commu_task.o(i.commu_task)
    commu_task_init                          0x080062ed   Thumb Code    24  commu_task.o(i.commu_task_init)
    deadbond                                 0x08006311   Thumb Code    26  chassis_task.o(i.deadbond)
    decode02                                 0x08006331   Thumb Code    52  commu_task.o(i.decode02)
    decode_action                            0x08006369   Thumb Code    30  commu_task.o(i.decode_action)
    ecd_format                               0x0800638d   Thumb Code    20  motor_ctrl.o(i.ecd_format)
    ecd_limit                                0x080063a1   Thumb Code    58  motor_ctrl.o(i.ecd_limit)
    encode                                   0x080063db   Thumb Code    50  commu_task.o(i.encode)
    fabs                                     0x0800640d   Thumb Code    24  fabs.o(i.fabs)
    get_motor_2006_measure_point             0x08006425   Thumb Code    16  can_receive.o(i.get_motor_2006_measure_point)
    get_motor_3508_measure_point             0x08006439   Thumb Code    16  can_receive.o(i.get_motor_3508_measure_point)
    get_motor_6020_measure_point             0x0800644d   Thumb Code    16  can_receive.o(i.get_motor_6020_measure_point)
    give_pid_current_6020                    0x08006461   Thumb Code   112  motor_ctrl.o(i.give_pid_current_6020)
    goal_to_v                                0x080064d9   Thumb Code   502  chassis_task.o(i.goal_to_v)
    m2006_task                               0x0800679d   Thumb Code    24  gear_motor_ctrl.o(i.m2006_task)
    main                                     0x080067b5   Thumb Code    76  main.o(i.main)
    my_uart6_enable_inpterr                  0x080068f9   Thumb Code    10  commu_task.o(i.my_uart6_enable_inpterr)
    my_uart8_enable_inpterr                  0x0800690d   Thumb Code    10  commu_task.o(i.my_uart8_enable_inpterr)
    osDelay                                  0x08006921   Thumb Code    16  cmsis_os.o(i.osDelay)
    osKernelStart                            0x08006931   Thumb Code    10  cmsis_os.o(i.osKernelStart)
    osThreadCreate                           0x0800693b   Thumb Code    92  cmsis_os.o(i.osThreadCreate)
    pvPortMalloc                             0x08006d21   Thumb Code   224  heap_4.o(i.pvPortMalloc)
    pxPortInitialiseStack                    0x08006e09   Thumb Code    38  port.o(i.pxPortInitialiseStack)
    refresh_M2006_ctrl                       0x08006e35   Thumb Code    66  gear_motor_ctrl.o(i.refresh_M2006_ctrl)
    servo_angle_ctrl                         0x08006e7d   Thumb Code   126  servo.o(i.servo_angle_ctrl)
    servo_init                               0x08006efd   Thumb Code   326  servo.o(i.servo_init)
    servo_task                               0x08007051   Thumb Code   110  servo_task.o(i.servo_task)
    set_M2006_current                        0x080070c9   Thumb Code    92  gear_motor_ctrl.o(i.set_M2006_current)
    set_M2006_rotate_rounds                  0x08007129   Thumb Code    52  gear_motor_ctrl.o(i.set_M2006_rotate_rounds)
    set_M2006_speed                          0x08007161   Thumb Code    96  gear_motor_ctrl.o(i.set_M2006_speed)
    startM2006Monitor                        0x080071c5   Thumb Code     4  gear_motor_ctrl.o(i.startM2006Monitor)
    uart7_printf                             0x080071c9   Thumb Code    54  commu_task.o(i.uart7_printf)
    uart7_tx_dma_enable                      0x0800720d   Thumb Code    86  bsp_usart.o(i.uart7_tx_dma_enable)
    uart8_printf                             0x08007271   Thumb Code    54  commu_task.o(i.uart8_printf)
    uart8_tx_dma_enable                      0x080072b5   Thumb Code    86  bsp_usart.o(i.uart8_tx_dma_enable)
    usart6_tx_dma_enable                     0x08007319   Thumb Code    88  bsp_usart.o(i.usart6_tx_dma_enable)
    uxListRemove                             0x0800737d   Thumb Code    38  list.o(i.uxListRemove)
    vApplicationGetIdleTaskMemory            0x080073a5   Thumb Code    16  freertos.o(i.vApplicationGetIdleTaskMemory)
    vListInitialise                          0x080073b9   Thumb Code    22  list.o(i.vListInitialise)
    vListInitialiseItem                      0x080073cf   Thumb Code     6  list.o(i.vListInitialiseItem)
    vListInsert                              0x080073d5   Thumb Code    54  list.o(i.vListInsert)
    vListInsertEnd                           0x0800740b   Thumb Code    24  list.o(i.vListInsertEnd)
    vPortEnterCritical                       0x08007425   Thumb Code    54  port.o(i.vPortEnterCritical)
    vPortExitCritical                        0x08007465   Thumb Code    38  port.o(i.vPortExitCritical)
    vPortFree                                0x08007491   Thumb Code    94  heap_4.o(i.vPortFree)
    vPortSetupTimerInterrupt                 0x080074f5   Thumb Code    32  port.o(i.vPortSetupTimerInterrupt)
    vTaskDelay                               0x08007519   Thumb Code    70  tasks.o(i.vTaskDelay)
    vTaskStartScheduler                      0x08007569   Thumb Code   120  tasks.o(i.vTaskStartScheduler)
    vTaskSuspendAll                          0x080075f1   Thumb Code    10  tasks.o(i.vTaskSuspendAll)
    vTaskSwitchContext                       0x08007601   Thumb Code    86  tasks.o(i.vTaskSwitchContext)
    xPortStartScheduler                      0x08007661   Thumb Code   232  port.o(i.xPortStartScheduler)
    xPortSysTickHandler                      0x08007765   Thumb Code    38  port.o(i.xPortSysTickHandler)
    xTaskCreate                              0x08007791   Thumb Code   108  tasks.o(i.xTaskCreate)
    xTaskCreateStatic                        0x080077fd   Thumb Code    96  tasks.o(i.xTaskCreateStatic)
    xTaskGetSchedulerState                   0x0800785d   Thumb Code    24  tasks.o(i.xTaskGetSchedulerState)
    xTaskIncrementTick                       0x08007879   Thumb Code   202  tasks.o(i.xTaskIncrementTick)
    xTaskResumeAll                           0x0800794d   Thumb Code   190  tasks.o(i.xTaskResumeAll)
    _get_lc_numeric                          0x08007a19   Thumb Code    44  lc_numeric_c.o(locale$$code)
    _get_lc_ctype                            0x08007a45   Thumb Code    44  lc_ctype_c.o(locale$$code)
    __aeabi_dneg                             0x08007a71   Thumb Code     0  basic.o(x$fpl$basic)
    _dneg                                    0x08007a71   Thumb Code     6  basic.o(x$fpl$basic)
    __aeabi_fneg                             0x08007a77   Thumb Code     0  basic.o(x$fpl$basic)
    _fneg                                    0x08007a77   Thumb Code     6  basic.o(x$fpl$basic)
    _dabs                                    0x08007a7d   Thumb Code     6  basic.o(x$fpl$basic)
    _fabs                                    0x08007a83   Thumb Code     6  basic.o(x$fpl$basic)
    __aeabi_d2f                              0x08007a89   Thumb Code     0  d2f.o(x$fpl$d2f)
    _d2f                                     0x08007a89   Thumb Code    98  d2f.o(x$fpl$d2f)
    __aeabi_dadd                             0x08007aed   Thumb Code     0  daddsub_clz.o(x$fpl$dadd)
    _dadd                                    0x08007aed   Thumb Code   332  daddsub_clz.o(x$fpl$dadd)
    __fpl_dcmp_Inf                           0x08007c3d   Thumb Code    24  dcmpi.o(x$fpl$dcmpinf)
    __aeabi_ddiv                             0x08007c55   Thumb Code     0  ddiv.o(x$fpl$ddiv)
    _ddiv                                    0x08007c55   Thumb Code   552  ddiv.o(x$fpl$ddiv)
    __aeabi_d2iz                             0x08007f05   Thumb Code     0  dfix.o(x$fpl$dfix)
    _dfix                                    0x08007f05   Thumb Code    94  dfix.o(x$fpl$dfix)
    __aeabi_i2d                              0x08007f63   Thumb Code     0  dflt_clz.o(x$fpl$dflt)
    _dflt                                    0x08007f63   Thumb Code    46  dflt_clz.o(x$fpl$dflt)
    __aeabi_ui2d                             0x08007f91   Thumb Code     0  dflt_clz.o(x$fpl$dfltu)
    _dfltu                                   0x08007f91   Thumb Code    38  dflt_clz.o(x$fpl$dfltu)
    __aeabi_cdcmple                          0x08007fb9   Thumb Code     0  dleqf.o(x$fpl$dleqf)
    _dcmple                                  0x08007fb9   Thumb Code   120  dleqf.o(x$fpl$dleqf)
    __fpl_dcmple_InfNaN                      0x0800801b   Thumb Code     0  dleqf.o(x$fpl$dleqf)
    __aeabi_dmul                             0x08008031   Thumb Code     0  dmul.o(x$fpl$dmul)
    _dmul                                    0x08008031   Thumb Code   332  dmul.o(x$fpl$dmul)
    __fpl_dnaninf                            0x08008185   Thumb Code   156  dnaninf.o(x$fpl$dnaninf)
    __fpl_dretinf                            0x08008221   Thumb Code    12  dretinf.o(x$fpl$dretinf)
    __aeabi_cdrcmple                         0x0800822d   Thumb Code     0  drleqf.o(x$fpl$drleqf)
    _drcmple                                 0x0800822d   Thumb Code   108  drleqf.o(x$fpl$drleqf)
    __aeabi_drsub                            0x08008299   Thumb Code     0  daddsub_clz.o(x$fpl$drsb)
    _drsb                                    0x08008299   Thumb Code    22  daddsub_clz.o(x$fpl$drsb)
    __aeabi_dsub                             0x080082b1   Thumb Code     0  daddsub_clz.o(x$fpl$dsub)
    _dsub                                    0x080082b1   Thumb Code   464  daddsub_clz.o(x$fpl$dsub)
    __aeabi_f2d                              0x08008485   Thumb Code     0  f2d.o(x$fpl$f2d)
    _f2d                                     0x08008485   Thumb Code    86  f2d.o(x$fpl$f2d)
    __fpl_fnaninf                            0x080084db   Thumb Code   140  fnaninf.o(x$fpl$fnaninf)
    _fp_init                                 0x08008567   Thumb Code    10  fpinit.o(x$fpl$fpinit)
    __fplib_config_fpu_vfp                   0x0800856f   Thumb Code     0  fpinit.o(x$fpl$fpinit)
    __fplib_config_pureend_doubles           0x0800856f   Thumb Code     0  fpinit.o(x$fpl$fpinit)
    __fpl_fretinf                            0x08008571   Thumb Code    10  fretinf.o(x$fpl$fretinf)
    _printf_fp_dec                           0x0800857b   Thumb Code     4  printf1.o(x$fpl$printf1)
    _printf_fp_hex                           0x0800857f   Thumb Code     4  printf2.o(x$fpl$printf2)
    __I$use$fp                               0x08008582   Number         0  usenofp.o(x$fpl$usenofp)
    AHBPrescTable                            0x080085fc   Data          16  system_stm32f4xx.o(.constdata)
    APBPrescTable                            0x0800860c   Data           8  system_stm32f4xx.o(.constdata)
    pid_k                                    0x08008614   Data          12  chassis_task.o(.constdata)
    pid_chassis_v                            0x08008620   Data          12  chassis_task.o(.constdata)
    pid_chassis_w                            0x0800862c   Data          12  chassis_task.o(.constdata)
    pid_chassis_dist                         0x08008638   Data          12  chassis_task.o(.constdata)
    pid_6020_angle                           0x08008644   Data          12  motor_ctrl.o(.constdata)
    pid_6020_speed                           0x08008650   Data          12  motor_ctrl.o(.constdata)
    Region$$Table$$Base                      0x080088ac   Number         0  anon$$obj.o(Region$$Table)
    Region$$Table$$Limit                     0x080088cc   Number         0  anon$$obj.o(Region$$Table)
    __ctype                                  0x080088f5   Data           0  lc_ctype_c.o(locale$$data)
    commuTaskHandle                          0x20000000   Data           4  freertos.o(.data)
    servoTaskHandle                          0x20000004   Data           4  freertos.o(.data)
    chassisTaskHandle                        0x20000008   Data           4  freertos.o(.data)
    m2006TaskHandle                          0x2000000c   Data           4  freertos.o(.data)
    uwTickFreq                               0x20000014   Data           1  stm32f4xx_hal.o(.data)
    uwTickPrio                               0x20000018   Data           4  stm32f4xx_hal.o(.data)
    uwTick                                   0x2000001c   Data           4  stm32f4xx_hal.o(.data)
    SystemCoreClock                          0x20000020   Data           4  system_stm32f4xx.o(.data)
    pxCurrentTCB                             0x20000024   Data           4  tasks.o(.data)
    my_arm                                   0x20000090   Data           1  commu_task.o(.data)
    rising_falling_flag                      0x20000091   Data           1  commu_task.o(.data)
    rising_falling_flag1                     0x20000092   Data           1  commu_task.o(.data)
    action_count                             0x20000098   Data           4  commu_task.o(.data)
    rx_data                                  0x200000c0   Data           8  can_receive.o(.data)
    chassis_can_send_data                    0x200000c8   Data           8  can_receive.o(.data)
    motor_2006_can_send_data                 0x200000d0   Data           8  can_receive.o(.data)
    motor_can_send_data                      0x200000d8   Data           8  can_receive.o(.data)
    cnt                                      0x200000e0   Data           1  motor_ctrl.o(.data)
    motor_6020                               0x200000e4   Data           4  motor_ctrl.o(.data)
    pid_m2006                                0x200000f0   Data          24  gear_motor_ctrl.o(.data)
    angle_pid_m2006                          0x20000108   Data          24  gear_motor_ctrl.o(.data)
    hcan1                                    0x20000374   Data          40  can.o(.bss)
    hcan2                                    0x2000039c   Data          40  can.o(.bss)
    htim2                                    0x200003c4   Data          72  tim.o(.bss)
    htim8                                    0x2000040c   Data          72  tim.o(.bss)
    huart7                                   0x20000454   Data          68  usart.o(.bss)
    huart8                                   0x20000498   Data          68  usart.o(.bss)
    huart6                                   0x200004dc   Data          68  usart.o(.bss)
    hdma_uart7_tx                            0x20000520   Data          96  usart.o(.bss)
    hdma_uart7_rx                            0x20000580   Data          96  usart.o(.bss)
    hdma_uart8_rx                            0x200005e0   Data          96  usart.o(.bss)
    hdma_uart8_tx                            0x20000640   Data          96  usart.o(.bss)
    hdma_usart6_rx                           0x200006a0   Data          96  usart.o(.bss)
    hdma_usart6_tx                           0x20000700   Data          96  usart.o(.bss)
    servo                                    0x20004450   Data         640  servo.o(.bss)
    my_uart8_redata                          0x200048d0   Data         100  commu_task.o(.bss)
    my_uart6_redata                          0x20004934   Data          40  commu_task.o(.bss)
    my_action_data                           0x2000495c   Data          24  commu_task.o(.bss)
    my_move                                  0x20004974   Data          12  commu_task.o(.bss)
    my_car_data                              0x20004980   Data          16  commu_task.o(.bss)
    chassis_motor                            0x200049b0   Data          16  chassis_task.o(.bss)
    chassis_v_pid                            0x200049c0   Data         216  chassis_task.o(.bss)
    chassis_w_pid                            0x20004a98   Data          72  chassis_task.o(.bss)
    v                                        0x20004ae0   Data          12  chassis_task.o(.bss)
    v_tmp                                    0x20004aec   Data          12  chassis_task.o(.bss)
    pid                                      0x20004af8   Data         288  chassis_task.o(.bss)
    chassis_tx_message                       0x20004c68   Data          24  can_receive.o(.bss)
    motor_2006_tx_message                    0x20004c80   Data          24  can_receive.o(.bss)
    motor_tx_message                         0x20004c98   Data          24  can_receive.o(.bss)
    pid_angle_6020                           0x20004cb0   Data          72  motor_ctrl.o(.bss)
    pid_speed_6020                           0x20004cf8   Data          72  motor_ctrl.o(.bss)
    M2006Ctrl                                0x20004d40   Data         704  gear_motor_ctrl.o(.bss)
    __libspace_start                         0x20005000   Data          96  libspace.o(.bss)
    __temporary_stack_top$libspace           0x20005060   Data           0  libspace.o(.bss)



==============================================================================

Memory Map of the image

  Image Entry point : 0x080001ad

  Load Region LR_IROM1 (Base: 0x08000000, Size: 0x00008b18, Max: 0x00200000, ABSOLUTE)

    Execution Region ER_IROM1 (Exec base: 0x08000000, Load base: 0x08000000, Size: 0x000089f8, Max: 0x00200000, ABSOLUTE)

    Exec Addr    Load Addr    Size         Type   Attr      Idx    E Section Name        Object

    0x08000000   0x08000000   0x000001ac   Data   RO            3    RESET               startup_stm32f427xx.o
    0x080001ac   0x080001ac   0x00000008   Code   RO         6183  * !!!main             c_w.l(__main.o)
    0x080001b4   0x080001b4   0x00000034   Code   RO         6625    !!!scatter          c_w.l(__scatter.o)
    0x080001e8   0x080001e8   0x0000001a   Code   RO         6627    !!handler_copy      c_w.l(__scatter_copy.o)
    0x08000202   0x08000202   0x00000002   PAD
    0x08000204   0x08000204   0x0000001c   Code   RO         6629    !!handler_zi        c_w.l(__scatter_zi.o)
    0x08000220   0x08000220   0x00000000   Code   RO         6317    .ARM.Collect$$_printf_percent$$00000000  c_w.l(_printf_percent.o)
    0x08000220   0x08000220   0x00000006   Code   RO         6306    .ARM.Collect$$_printf_percent$$00000001  c_w.l(_printf_n.o)
    0x08000226   0x08000226   0x00000006   Code   RO         6308    .ARM.Collect$$_printf_percent$$00000002  c_w.l(_printf_p.o)
    0x0800022c   0x0800022c   0x00000006   Code   RO         6313    .ARM.Collect$$_printf_percent$$00000003  c_w.l(_printf_f.o)
    0x08000232   0x08000232   0x00000006   Code   RO         6314    .ARM.Collect$$_printf_percent$$00000004  c_w.l(_printf_e.o)
    0x08000238   0x08000238   0x00000006   Code   RO         6315    .ARM.Collect$$_printf_percent$$00000005  c_w.l(_printf_g.o)
    0x0800023e   0x0800023e   0x00000006   Code   RO         6316    .ARM.Collect$$_printf_percent$$00000006  c_w.l(_printf_a.o)
    0x08000244   0x08000244   0x0000000a   Code   RO         6321    .ARM.Collect$$_printf_percent$$00000007  c_w.l(_printf_ll.o)
    0x0800024e   0x0800024e   0x00000006   Code   RO         6310    .ARM.Collect$$_printf_percent$$00000008  c_w.l(_printf_i.o)
    0x08000254   0x08000254   0x00000006   Code   RO         6311    .ARM.Collect$$_printf_percent$$00000009  c_w.l(_printf_d.o)
    0x0800025a   0x0800025a   0x00000006   Code   RO         6312    .ARM.Collect$$_printf_percent$$0000000A  c_w.l(_printf_u.o)
    0x08000260   0x08000260   0x00000006   Code   RO         6309    .ARM.Collect$$_printf_percent$$0000000B  c_w.l(_printf_o.o)
    0x08000266   0x08000266   0x00000006   Code   RO         6307    .ARM.Collect$$_printf_percent$$0000000C  c_w.l(_printf_x.o)
    0x0800026c   0x0800026c   0x00000006   Code   RO         6318    .ARM.Collect$$_printf_percent$$0000000D  c_w.l(_printf_lli.o)
    0x08000272   0x08000272   0x00000006   Code   RO         6319    .ARM.Collect$$_printf_percent$$0000000E  c_w.l(_printf_lld.o)
    0x08000278   0x08000278   0x00000006   Code   RO         6320    .ARM.Collect$$_printf_percent$$0000000F  c_w.l(_printf_llu.o)
    0x0800027e   0x0800027e   0x00000006   Code   RO         6325    .ARM.Collect$$_printf_percent$$00000010  c_w.l(_printf_llo.o)
    0x08000284   0x08000284   0x00000006   Code   RO         6326    .ARM.Collect$$_printf_percent$$00000011  c_w.l(_printf_llx.o)
    0x0800028a   0x0800028a   0x0000000a   Code   RO         6322    .ARM.Collect$$_printf_percent$$00000012  c_w.l(_printf_l.o)
    0x08000294   0x08000294   0x00000006   Code   RO         6304    .ARM.Collect$$_printf_percent$$00000013  c_w.l(_printf_c.o)
    0x0800029a   0x0800029a   0x00000006   Code   RO         6305    .ARM.Collect$$_printf_percent$$00000014  c_w.l(_printf_s.o)
    0x080002a0   0x080002a0   0x00000006   Code   RO         6323    .ARM.Collect$$_printf_percent$$00000015  c_w.l(_printf_lc.o)
    0x080002a6   0x080002a6   0x00000006   Code   RO         6324    .ARM.Collect$$_printf_percent$$00000016  c_w.l(_printf_ls.o)
    0x080002ac   0x080002ac   0x00000004   Code   RO         6415    .ARM.Collect$$_printf_percent$$00000017  c_w.l(_printf_percent_end.o)
    0x080002b0   0x080002b0   0x00000002   Code   RO         6491    .ARM.Collect$$libinit$$00000000  c_w.l(libinit.o)
    0x080002b2   0x080002b2   0x00000004   Code   RO         6507    .ARM.Collect$$libinit$$00000001  c_w.l(libinit2.o)
    0x080002b6   0x080002b6   0x00000000   Code   RO         6510    .ARM.Collect$$libinit$$00000004  c_w.l(libinit2.o)
    0x080002b6   0x080002b6   0x00000000   Code   RO         6513    .ARM.Collect$$libinit$$0000000A  c_w.l(libinit2.o)
    0x080002b6   0x080002b6   0x00000000   Code   RO         6515    .ARM.Collect$$libinit$$0000000C  c_w.l(libinit2.o)
    0x080002b6   0x080002b6   0x00000000   Code   RO         6517    .ARM.Collect$$libinit$$0000000E  c_w.l(libinit2.o)
    0x080002b6   0x080002b6   0x00000006   Code   RO         6518    .ARM.Collect$$libinit$$0000000F  c_w.l(libinit2.o)
    0x080002bc   0x080002bc   0x00000000   Code   RO         6520    .ARM.Collect$$libinit$$00000011  c_w.l(libinit2.o)
    0x080002bc   0x080002bc   0x0000000c   Code   RO         6521    .ARM.Collect$$libinit$$00000012  c_w.l(libinit2.o)
    0x080002c8   0x080002c8   0x00000000   Code   RO         6522    .ARM.Collect$$libinit$$00000013  c_w.l(libinit2.o)
    0x080002c8   0x080002c8   0x00000000   Code   RO         6524    .ARM.Collect$$libinit$$00000015  c_w.l(libinit2.o)
    0x080002c8   0x080002c8   0x0000000a   Code   RO         6525    .ARM.Collect$$libinit$$00000016  c_w.l(libinit2.o)
    0x080002d2   0x080002d2   0x00000000   Code   RO         6526    .ARM.Collect$$libinit$$00000017  c_w.l(libinit2.o)
    0x080002d2   0x080002d2   0x00000000   Code   RO         6528    .ARM.Collect$$libinit$$00000019  c_w.l(libinit2.o)
    0x080002d2   0x080002d2   0x00000000   Code   RO         6530    .ARM.Collect$$libinit$$0000001B  c_w.l(libinit2.o)
    0x080002d2   0x080002d2   0x00000000   Code   RO         6532    .ARM.Collect$$libinit$$0000001D  c_w.l(libinit2.o)
    0x080002d2   0x080002d2   0x00000000   Code   RO         6534    .ARM.Collect$$libinit$$0000001F  c_w.l(libinit2.o)
    0x080002d2   0x080002d2   0x00000000   Code   RO         6536    .ARM.Collect$$libinit$$00000021  c_w.l(libinit2.o)
    0x080002d2   0x080002d2   0x00000000   Code   RO         6538    .ARM.Collect$$libinit$$00000023  c_w.l(libinit2.o)
    0x080002d2   0x080002d2   0x00000000   Code   RO         6540    .ARM.Collect$$libinit$$00000025  c_w.l(libinit2.o)
    0x080002d2   0x080002d2   0x00000000   Code   RO         6544    .ARM.Collect$$libinit$$0000002C  c_w.l(libinit2.o)
    0x080002d2   0x080002d2   0x00000000   Code   RO         6546    .ARM.Collect$$libinit$$0000002E  c_w.l(libinit2.o)
    0x080002d2   0x080002d2   0x00000000   Code   RO         6548    .ARM.Collect$$libinit$$00000030  c_w.l(libinit2.o)
    0x080002d2   0x080002d2   0x00000000   Code   RO         6550    .ARM.Collect$$libinit$$00000032  c_w.l(libinit2.o)
    0x080002d2   0x080002d2   0x00000002   Code   RO         6551    .ARM.Collect$$libinit$$00000033  c_w.l(libinit2.o)
    0x080002d4   0x080002d4   0x00000002   Code   RO         6582    .ARM.Collect$$libshutdown$$00000000  c_w.l(libshutdown.o)
    0x080002d6   0x080002d6   0x00000000   Code   RO         6608    .ARM.Collect$$libshutdown$$00000002  c_w.l(libshutdown2.o)
    0x080002d6   0x080002d6   0x00000000   Code   RO         6610    .ARM.Collect$$libshutdown$$00000004  c_w.l(libshutdown2.o)
    0x080002d6   0x080002d6   0x00000000   Code   RO         6613    .ARM.Collect$$libshutdown$$00000007  c_w.l(libshutdown2.o)
    0x080002d6   0x080002d6   0x00000000   Code   RO         6616    .ARM.Collect$$libshutdown$$0000000A  c_w.l(libshutdown2.o)
    0x080002d6   0x080002d6   0x00000000   Code   RO         6618    .ARM.Collect$$libshutdown$$0000000C  c_w.l(libshutdown2.o)
    0x080002d6   0x080002d6   0x00000000   Code   RO         6621    .ARM.Collect$$libshutdown$$0000000F  c_w.l(libshutdown2.o)
    0x080002d6   0x080002d6   0x00000002   Code   RO         6622    .ARM.Collect$$libshutdown$$00000010  c_w.l(libshutdown2.o)
    0x080002d8   0x080002d8   0x00000000   Code   RO         6229    .ARM.Collect$$rtentry$$00000000  c_w.l(__rtentry.o)
    0x080002d8   0x080002d8   0x00000000   Code   RO         6379    .ARM.Collect$$rtentry$$00000002  c_w.l(__rtentry2.o)
    0x080002d8   0x080002d8   0x00000006   Code   RO         6391    .ARM.Collect$$rtentry$$00000004  c_w.l(__rtentry4.o)
    0x080002de   0x080002de   0x00000000   Code   RO         6381    .ARM.Collect$$rtentry$$00000009  c_w.l(__rtentry2.o)
    0x080002de   0x080002de   0x00000004   Code   RO         6382    .ARM.Collect$$rtentry$$0000000A  c_w.l(__rtentry2.o)
    0x080002e2   0x080002e2   0x00000000   Code   RO         6384    .ARM.Collect$$rtentry$$0000000C  c_w.l(__rtentry2.o)
    0x080002e2   0x080002e2   0x00000008   Code   RO         6385    .ARM.Collect$$rtentry$$0000000D  c_w.l(__rtentry2.o)
    0x080002ea   0x080002ea   0x00000002   Code   RO         6494    .ARM.Collect$$rtexit$$00000000  c_w.l(rtexit.o)
    0x080002ec   0x080002ec   0x00000000   Code   RO         6555    .ARM.Collect$$rtexit$$00000002  c_w.l(rtexit2.o)
    0x080002ec   0x080002ec   0x00000004   Code   RO         6556    .ARM.Collect$$rtexit$$00000003  c_w.l(rtexit2.o)
    0x080002f0   0x080002f0   0x00000006   Code   RO         6557    .ARM.Collect$$rtexit$$00000004  c_w.l(rtexit2.o)
    0x080002f6   0x080002f6   0x00000002   PAD
    0x080002f8   0x080002f8   0x000000be   Code   RO         4867    .emb_text           port.o
    0x080003b6   0x080003b6   0x00000002   PAD
    0x080003b8   0x080003b8   0x00000040   Code   RO            4    .text               startup_stm32f427xx.o
    0x080003f8   0x080003f8   0x000000ee   Code   RO         6169    .text               c_w.l(lludivv7m.o)
    0x080004e6   0x080004e6   0x00000002   PAD
    0x080004e8   0x080004e8   0x00000024   Code   RO         6171    .text               c_w.l(vsprintf.o)
    0x0800050c   0x0800050c   0x00000064   Code   RO         6175    .text               c_w.l(rt_memcpy_w.o)
    0x08000570   0x08000570   0x0000004e   Code   RO         6179    .text               c_w.l(rt_memclr_w.o)
    0x080005be   0x080005be   0x00000006   Code   RO         6181    .text               c_w.l(heapauxi.o)
    0x080005c4   0x080005c4   0x00000016   Code   RO         6234    .text               c_w.l(_rserrno.o)
    0x080005da   0x080005da   0x0000004e   Code   RO         6238    .text               c_w.l(_printf_pad.o)
    0x08000628   0x08000628   0x00000024   Code   RO         6240    .text               c_w.l(_printf_truncate.o)
    0x0800064c   0x0800064c   0x00000052   Code   RO         6242    .text               c_w.l(_printf_str.o)
    0x0800069e   0x0800069e   0x00000002   PAD
    0x080006a0   0x080006a0   0x00000078   Code   RO         6244    .text               c_w.l(_printf_dec.o)
    0x08000718   0x08000718   0x00000028   Code   RO         6246    .text               c_w.l(_printf_charcount.o)
    0x08000740   0x08000740   0x00000030   Code   RO         6248    .text               c_w.l(_printf_char_common.o)
    0x08000770   0x08000770   0x0000000a   Code   RO         6250    .text               c_w.l(_sputc.o)
    0x0800077a   0x0800077a   0x00000002   PAD
    0x0800077c   0x0800077c   0x000000bc   Code   RO         6252    .text               c_w.l(_printf_wctomb.o)
    0x08000838   0x08000838   0x0000007c   Code   RO         6255    .text               c_w.l(_printf_longlong_dec.o)
    0x080008b4   0x080008b4   0x00000070   Code   RO         6261    .text               c_w.l(_printf_oct_int_ll.o)
    0x08000924   0x08000924   0x00000094   Code   RO         6281    .text               c_w.l(_printf_hex_int_ll_ptr.o)
    0x080009b8   0x080009b8   0x00000188   Code   RO         6301    .text               c_w.l(__printf_flags_ss_wp.o)
    0x08000b40   0x08000b40   0x00000008   Code   RO         6398    .text               c_w.l(rt_errno_addr_intlibspace.o)
    0x08000b48   0x08000b48   0x0000008a   Code   RO         6400    .text               c_w.l(lludiv10.o)
    0x08000bd2   0x08000bd2   0x000000b2   Code   RO         6402    .text               c_w.l(_printf_intcommon.o)
    0x08000c84   0x08000c84   0x0000041e   Code   RO         6404    .text               c_w.l(_printf_fp_dec.o)
    0x080010a2   0x080010a2   0x00000002   PAD
    0x080010a4   0x080010a4   0x000002fc   Code   RO         6406    .text               c_w.l(_printf_fp_hex.o)
    0x080013a0   0x080013a0   0x0000002c   Code   RO         6411    .text               c_w.l(_printf_char.o)
    0x080013cc   0x080013cc   0x0000002c   Code   RO         6413    .text               c_w.l(_printf_wchar.o)
    0x080013f8   0x080013f8   0x00000040   Code   RO         6416    .text               c_w.l(_wcrtomb.o)
    0x08001438   0x08001438   0x00000008   Code   RO         6438    .text               c_w.l(libspace.o)
    0x08001440   0x08001440   0x0000004a   Code   RO         6441    .text               c_w.l(sys_stackheap_outer.o)
    0x0800148a   0x0800148a   0x00000002   PAD
    0x0800148c   0x0800148c   0x00000010   Code   RO         6443    .text               c_w.l(rt_ctype_table.o)
    0x0800149c   0x0800149c   0x00000008   Code   RO         6448    .text               c_w.l(rt_locale_intlibspace.o)
    0x080014a4   0x080014a4   0x00000080   Code   RO         6450    .text               c_w.l(_printf_fp_infnan.o)
    0x08001524   0x08001524   0x000000e4   Code   RO         6452    .text               c_w.l(bigflt0.o)
    0x08001608   0x08001608   0x00000012   Code   RO         6480    .text               c_w.l(exit.o)
    0x0800161a   0x0800161a   0x00000002   PAD
    0x0800161c   0x0800161c   0x00000080   Code   RO         6505    .text               c_w.l(strcmpv7m.o)
    0x0800169c   0x0800169c   0x0000000c   Code   RO         6552    .text               c_w.l(sys_exit.o)
    0x080016a8   0x080016a8   0x00000002   Code   RO         6571    .text               c_w.l(use_no_semi.o)
    0x080016aa   0x080016aa   0x00000000   Code   RO         6573    .text               c_w.l(indicate_semi.o)
    0x080016aa   0x080016aa   0x0000003e   Code   RO         6455    CL$$btod_d2e        c_w.l(btod.o)
    0x080016e8   0x080016e8   0x00000046   Code   RO         6457    CL$$btod_d2e_denorm_low  c_w.l(btod.o)
    0x0800172e   0x0800172e   0x00000060   Code   RO         6456    CL$$btod_d2e_norm_op1  c_w.l(btod.o)
    0x0800178e   0x0800178e   0x00000338   Code   RO         6465    CL$$btod_div_common  c_w.l(btod.o)
    0x08001ac6   0x08001ac6   0x000000dc   Code   RO         6462    CL$$btod_e2e        c_w.l(btod.o)
    0x08001ba2   0x08001ba2   0x0000002a   Code   RO         6459    CL$$btod_ediv       c_w.l(btod.o)
    0x08001bcc   0x08001bcc   0x0000002a   Code   RO         6458    CL$$btod_emul       c_w.l(btod.o)
    0x08001bf6   0x08001bf6   0x00000244   Code   RO         6464    CL$$btod_mult_common  c_w.l(btod.o)
    0x08001e3a   0x08001e3a   0x00000002   Code   RO          607    i.BusFault_Handler  stm32f4xx_it.o
    0x08001e3c   0x08001e3c   0x0000000c   Code   RO          608    i.CAN1_RX0_IRQHandler  stm32f4xx_it.o
    0x08001e48   0x08001e48   0x0000000c   Code   RO          609    i.CAN2_RX0_IRQHandler  stm32f4xx_it.o
    0x08001e54   0x08001e54   0x00000048   Code   RO         5604    i.CAN_angleControl  can_cmd_all.o
    0x08001e9c   0x08001e9c   0x00000048   Code   RO         5605    i.CAN_cmd_2006      can_cmd_all.o
    0x08001ee4   0x08001ee4   0x00000048   Code   RO         5606    i.CAN_cmd_6020      can_cmd_all.o
    0x08001f2c   0x08001f2c   0x00000048   Code   RO         5607    i.CAN_cmd_chassis   can_cmd_all.o
    0x08001f74   0x08001f74   0x0000000c   Code   RO          610    i.DMA1_Stream0_IRQHandler  stm32f4xx_it.o
    0x08001f80   0x08001f80   0x0000000c   Code   RO          611    i.DMA1_Stream1_IRQHandler  stm32f4xx_it.o
    0x08001f8c   0x08001f8c   0x0000000c   Code   RO          612    i.DMA1_Stream3_IRQHandler  stm32f4xx_it.o
    0x08001f98   0x08001f98   0x0000000c   Code   RO          613    i.DMA1_Stream6_IRQHandler  stm32f4xx_it.o
    0x08001fa4   0x08001fa4   0x0000000c   Code   RO          614    i.DMA2_Stream1_IRQHandler  stm32f4xx_it.o
    0x08001fb0   0x08001fb0   0x0000000c   Code   RO          615    i.DMA2_Stream6_IRQHandler  stm32f4xx_it.o
    0x08001fbc   0x08001fbc   0x00000028   Code   RO         1545    i.DMA_CalcBaseAndBitshift  stm32f4xx_hal_dma.o
    0x08001fe4   0x08001fe4   0x00000054   Code   RO         1546    i.DMA_CheckFifoParam  stm32f4xx_hal_dma.o
    0x08002038   0x08002038   0x00000028   Code   RO         1547    i.DMA_SetConfig     stm32f4xx_hal_dma.o
    0x08002060   0x08002060   0x00000002   Code   RO          616    i.DebugMon_Handler  stm32f4xx_it.o
    0x08002062   0x08002062   0x00000002   PAD
    0x08002064   0x08002064   0x00000022   Code   RO         6057    i.ECDFormat         gear_motor_ctrl.o
    0x08002086   0x08002086   0x00000006   Code   RO          617    i.EXTI0_IRQHandler  stm32f4xx_it.o
    0x0800208c   0x0800208c   0x00000006   Code   RO          618    i.EXTI2_IRQHandler  stm32f4xx_it.o
    0x08002092   0x08002092   0x00000004   Code   RO           13    i.Error_Handler     main.o
    0x08002096   0x08002096   0x00000024   Code   RO          801    i.HAL_CAN_ActivateNotification  stm32f4xx_hal_can.o
    0x080020ba   0x080020ba   0x000000c8   Code   RO          802    i.HAL_CAN_AddTxMessage  stm32f4xx_hal_can.o
    0x08002182   0x08002182   0x00000002   PAD
    0x08002184   0x08002184   0x0000010c   Code   RO          803    i.HAL_CAN_ConfigFilter  stm32f4xx_hal_can.o
    0x08002290   0x08002290   0x00000002   Code   RO          806    i.HAL_CAN_ErrorCallback  stm32f4xx_hal_can.o
    0x08002292   0x08002292   0x000000e8   Code   RO          809    i.HAL_CAN_GetRxMessage  stm32f4xx_hal_can.o
    0x0800237a   0x0800237a   0x000001fc   Code   RO          813    i.HAL_CAN_IRQHandler  stm32f4xx_hal_can.o
    0x08002576   0x08002576   0x0000011a   Code   RO          814    i.HAL_CAN_Init      stm32f4xx_hal_can.o
    0x08002690   0x08002690   0x000000fc   Code   RO          424    i.HAL_CAN_MspInit   can.o
    0x0800278c   0x0800278c   0x00000002   Code   RO          821    i.HAL_CAN_RxFifo0FullCallback  stm32f4xx_hal_can.o
    0x0800278e   0x0800278e   0x00000002   PAD
    0x08002790   0x08002790   0x000000d0   Code   RO         5465    i.HAL_CAN_RxFifo0MsgPendingCallback  can_receive.o
    0x08002860   0x08002860   0x00000002   Code   RO          823    i.HAL_CAN_RxFifo1FullCallback  stm32f4xx_hal_can.o
    0x08002862   0x08002862   0x00000002   Code   RO          824    i.HAL_CAN_RxFifo1MsgPendingCallback  stm32f4xx_hal_can.o
    0x08002864   0x08002864   0x00000002   Code   RO          825    i.HAL_CAN_SleepCallback  stm32f4xx_hal_can.o
    0x08002866   0x08002866   0x00000002   PAD
    0x08002868   0x08002868   0x00000058   Code   RO          826    i.HAL_CAN_Start     stm32f4xx_hal_can.o
    0x080028c0   0x080028c0   0x00000002   Code   RO          828    i.HAL_CAN_TxMailbox0AbortCallback  stm32f4xx_hal_can.o
    0x080028c2   0x080028c2   0x00000002   Code   RO          829    i.HAL_CAN_TxMailbox0CompleteCallback  stm32f4xx_hal_can.o
    0x080028c4   0x080028c4   0x00000002   Code   RO          830    i.HAL_CAN_TxMailbox1AbortCallback  stm32f4xx_hal_can.o
    0x080028c6   0x080028c6   0x00000002   Code   RO          831    i.HAL_CAN_TxMailbox1CompleteCallback  stm32f4xx_hal_can.o
    0x080028c8   0x080028c8   0x00000002   Code   RO          832    i.HAL_CAN_TxMailbox2AbortCallback  stm32f4xx_hal_can.o
    0x080028ca   0x080028ca   0x00000002   Code   RO          833    i.HAL_CAN_TxMailbox2CompleteCallback  stm32f4xx_hal_can.o
    0x080028cc   0x080028cc   0x00000002   Code   RO          835    i.HAL_CAN_WakeUpFromRxMsgCallback  stm32f4xx_hal_can.o
    0x080028ce   0x080028ce   0x00000092   Code   RO         1548    i.HAL_DMA_Abort     stm32f4xx_hal_dma.o
    0x08002960   0x08002960   0x00000024   Code   RO         1549    i.HAL_DMA_Abort_IT  stm32f4xx_hal_dma.o
    0x08002984   0x08002984   0x000001a0   Code   RO         1553    i.HAL_DMA_IRQHandler  stm32f4xx_hal_dma.o
    0x08002b24   0x08002b24   0x000000d4   Code   RO         1554    i.HAL_DMA_Init      stm32f4xx_hal_dma.o
    0x08002bf8   0x08002bf8   0x0000006e   Code   RO         1558    i.HAL_DMA_Start_IT  stm32f4xx_hal_dma.o
    0x08002c66   0x08002c66   0x00000002   PAD
    0x08002c68   0x08002c68   0x00000024   Code   RO         1985    i.HAL_Delay         stm32f4xx_hal.o
    0x08002c8c   0x08002c8c   0x00000002   Code   RO         1439    i.HAL_GPIO_EXTI_Callback  stm32f4xx_hal_gpio.o
    0x08002c8e   0x08002c8e   0x00000002   PAD
    0x08002c90   0x08002c90   0x00000018   Code   RO         1440    i.HAL_GPIO_EXTI_IRQHandler  stm32f4xx_hal_gpio.o
    0x08002ca8   0x08002ca8   0x00000234   Code   RO         1441    i.HAL_GPIO_Init     stm32f4xx_hal_gpio.o
    0x08002edc   0x08002edc   0x0000000a   Code   RO         1443    i.HAL_GPIO_ReadPin  stm32f4xx_hal_gpio.o
    0x08002ee6   0x08002ee6   0x0000000a   Code   RO         1445    i.HAL_GPIO_WritePin  stm32f4xx_hal_gpio.o
    0x08002ef0   0x08002ef0   0x0000000c   Code   RO         1993    i.HAL_GetTick       stm32f4xx_hal.o
    0x08002efc   0x08002efc   0x00000010   Code   RO         1999    i.HAL_IncTick       stm32f4xx_hal.o
    0x08002f0c   0x08002f0c   0x00000034   Code   RO         2000    i.HAL_Init          stm32f4xx_hal.o
    0x08002f40   0x08002f40   0x00000040   Code   RO         2001    i.HAL_InitTick      stm32f4xx_hal.o
    0x08002f80   0x08002f80   0x00000038   Code   RO          776    i.HAL_MspInit       stm32f4xx_hal_msp.o
    0x08002fb8   0x08002fb8   0x0000001a   Code   RO         1848    i.HAL_NVIC_EnableIRQ  stm32f4xx_hal_cortex.o
    0x08002fd2   0x08002fd2   0x00000002   PAD
    0x08002fd4   0x08002fd4   0x00000040   Code   RO         1854    i.HAL_NVIC_SetPriority  stm32f4xx_hal_cortex.o
    0x08003014   0x08003014   0x00000024   Code   RO         1855    i.HAL_NVIC_SetPriorityGrouping  stm32f4xx_hal_cortex.o
    0x08003038   0x08003038   0x00000134   Code   RO         1035    i.HAL_RCC_ClockConfig  stm32f4xx_hal_rcc.o
    0x0800316c   0x0800316c   0x00000020   Code   RO         1042    i.HAL_RCC_GetPCLK1Freq  stm32f4xx_hal_rcc.o
    0x0800318c   0x0800318c   0x00000020   Code   RO         1043    i.HAL_RCC_GetPCLK2Freq  stm32f4xx_hal_rcc.o
    0x080031ac   0x080031ac   0x00000064   Code   RO         1044    i.HAL_RCC_GetSysClockFreq  stm32f4xx_hal_rcc.o
    0x08003210   0x08003210   0x0000036c   Code   RO         1047    i.HAL_RCC_OscConfig  stm32f4xx_hal_rcc.o
    0x0800357c   0x0800357c   0x00000028   Code   RO         1859    i.HAL_SYSTICK_Config  stm32f4xx_hal_cortex.o
    0x080035a4   0x080035a4   0x00000054   Code   RO         2957    i.HAL_TIMEx_ConfigBreakDeadTime  stm32f4xx_hal_tim_ex.o
    0x080035f8   0x080035f8   0x00000090   Code   RO         2973    i.HAL_TIMEx_MasterConfigSynchronization  stm32f4xx_hal_tim_ex.o
    0x08003688   0x08003688   0x00000078   Code   RO         2253    i.HAL_TIM_Base_Start  stm32f4xx_hal_tim.o
    0x08003700   0x08003700   0x00000080   Code   RO          499    i.HAL_TIM_MspPostInit  tim.o
    0x08003780   0x08003780   0x000000cc   Code   RO         2322    i.HAL_TIM_PWM_ConfigChannel  stm32f4xx_hal_tim.o
    0x0800384c   0x0800384c   0x0000005a   Code   RO         2325    i.HAL_TIM_PWM_Init  stm32f4xx_hal_tim.o
    0x080038a6   0x080038a6   0x00000002   PAD
    0x080038a8   0x080038a8   0x00000040   Code   RO          501    i.HAL_TIM_PWM_MspInit  tim.o
    0x080038e8   0x080038e8   0x000000c8   Code   RO         2330    i.HAL_TIM_PWM_Start  stm32f4xx_hal_tim.o
    0x080039b0   0x080039b0   0x00000002   Code   RO         3232    i.HAL_UARTEx_RxEventCallback  stm32f4xx_hal_uart.o
    0x080039b2   0x080039b2   0x0000000e   Code   RO         5133    i.HAL_UART_ErrorCallback  commu_task.o
    0x080039c0   0x080039c0   0x00000268   Code   RO         3249    i.HAL_UART_IRQHandler  stm32f4xx_hal_uart.o
    0x08003c28   0x08003c28   0x00000062   Code   RO         3250    i.HAL_UART_Init     stm32f4xx_hal_uart.o
    0x08003c8a   0x08003c8a   0x00000002   PAD
    0x08003c8c   0x08003c8c   0x000002a4   Code   RO          554    i.HAL_UART_MspInit  usart.o
    0x08003f30   0x08003f30   0x0000002a   Code   RO         3254    i.HAL_UART_Receive_DMA  stm32f4xx_hal_uart.o
    0x08003f5a   0x08003f5a   0x00000002   PAD
    0x08003f5c   0x08003f5c   0x000000a0   Code   RO         5134    i.HAL_UART_RxCpltCallback  commu_task.o
    0x08003ffc   0x08003ffc   0x00000002   Code   RO         3257    i.HAL_UART_RxHalfCpltCallback  stm32f4xx_hal_uart.o
    0x08003ffe   0x08003ffe   0x00000002   PAD
    0x08004000   0x08004000   0x000000b2   Code   RO         3258    i.HAL_UART_Transmit  stm32f4xx_hal_uart.o
    0x080040b2   0x080040b2   0x00000002   Code   RO         3261    i.HAL_UART_TxCpltCallback  stm32f4xx_hal_uart.o
    0x080040b4   0x080040b4   0x00000002   Code   RO          619    i.HardFault_Handler  stm32f4xx_it.o
    0x080040b6   0x080040b6   0x00000002   PAD
    0x080040b8   0x080040b8   0x00000044   Code   RO          425    i.MX_CAN1_Init      can.o
    0x080040fc   0x080040fc   0x00000044   Code   RO          426    i.MX_CAN2_Init      can.o
    0x08004140   0x08004140   0x0000008c   Code   RO          472    i.MX_DMA_Init       dma.o
    0x080041cc   0x080041cc   0x00000068   Code   RO          372    i.MX_FREERTOS_Init  freertos.o
    0x08004234   0x08004234   0x00000120   Code   RO          264    i.MX_GPIO_Init      gpio.o
    0x08004354   0x08004354   0x000000a0   Code   RO          502    i.MX_TIM2_Init      tim.o
    0x080043f4   0x080043f4   0x000000a4   Code   RO          503    i.MX_TIM8_Init      tim.o
    0x08004498   0x08004498   0x00000038   Code   RO          555    i.MX_UART7_Init     usart.o
    0x080044d0   0x080044d0   0x00000038   Code   RO          556    i.MX_UART8_Init     usart.o
    0x08004508   0x08004508   0x00000038   Code   RO          557    i.MX_USART6_UART_Init  usart.o
    0x08004540   0x08004540   0x00000002   Code   RO          620    i.MemManage_Handler  stm32f4xx_it.o
    0x08004542   0x08004542   0x00000002   Code   RO          621    i.NMI_Handler       stm32f4xx_it.o
    0x08004544   0x08004544   0x0000002e   Code   RO         5674    i.PID_ECD_calc      motor_ctrl.o
    0x08004572   0x08004572   0x00000026   Code   RO         5358    i.PID_angle_calc    chassis_task.o
    0x08004598   0x08004598   0x00000164   Code   RO         5931    i.PID_calc          pid.o
    0x080046fc   0x080046fc   0x0000005c   Code   RO         5933    i.PID_init          pid.o
    0x08004758   0x08004758   0x0000010c   Code   RO         5359    i.PID_limit_calc    chassis_task.o
    0x08004864   0x08004864   0x00000018   Code   RO          622    i.SysTick_Handler   stm32f4xx_it.o
    0x0800487c   0x0800487c   0x00000094   Code   RO           14    i.SystemClock_Config  main.o
    0x08004910   0x08004910   0x00000010   Code   RO         3579    i.SystemInit        system_stm32f4xx.o
    0x08004920   0x08004920   0x000000c8   Code   RO         2343    i.TIM_Base_SetConfig  stm32f4xx_hal_tim.o
    0x080049e8   0x080049e8   0x0000001a   Code   RO         2344    i.TIM_CCxChannelCmd  stm32f4xx_hal_tim.o
    0x08004a02   0x08004a02   0x00000002   PAD
    0x08004a04   0x08004a04   0x00000060   Code   RO         2356    i.TIM_OC1_SetConfig  stm32f4xx_hal_tim.o
    0x08004a64   0x08004a64   0x0000006c   Code   RO         2357    i.TIM_OC2_SetConfig  stm32f4xx_hal_tim.o
    0x08004ad0   0x08004ad0   0x00000068   Code   RO         2358    i.TIM_OC3_SetConfig  stm32f4xx_hal_tim.o
    0x08004b38   0x08004b38   0x00000050   Code   RO         2359    i.TIM_OC4_SetConfig  stm32f4xx_hal_tim.o
    0x08004b88   0x08004b88   0x0000000c   Code   RO          623    i.UART7_IRQHandler  stm32f4xx_it.o
    0x08004b94   0x08004b94   0x0000000c   Code   RO          624    i.UART8_IRQHandler  stm32f4xx_it.o
    0x08004ba0   0x08004ba0   0x00000010   Code   RO         3263    i.UART_DMAAbortOnError  stm32f4xx_hal_uart.o
    0x08004bb0   0x08004bb0   0x0000004a   Code   RO         3264    i.UART_DMAError     stm32f4xx_hal_uart.o
    0x08004bfa   0x08004bfa   0x00000082   Code   RO         3265    i.UART_DMAReceiveCplt  stm32f4xx_hal_uart.o
    0x08004c7c   0x08004c7c   0x0000001a   Code   RO         3267    i.UART_DMARxHalfCplt  stm32f4xx_hal_uart.o
    0x08004c96   0x08004c96   0x0000004e   Code   RO         3273    i.UART_EndRxTransfer  stm32f4xx_hal_uart.o
    0x08004ce4   0x08004ce4   0x0000001c   Code   RO         3274    i.UART_EndTxTransfer  stm32f4xx_hal_uart.o
    0x08004d00   0x08004d00   0x000000c0   Code   RO         3275    i.UART_Receive_IT   stm32f4xx_hal_uart.o
    0x08004dc0   0x08004dc0   0x0000010c   Code   RO         3276    i.UART_SetConfig    stm32f4xx_hal_uart.o
    0x08004ecc   0x08004ecc   0x00000094   Code   RO         3277    i.UART_Start_Receive_DMA  stm32f4xx_hal_uart.o
    0x08004f60   0x08004f60   0x00000078   Code   RO         3279    i.UART_WaitOnFlagUntilTimeout  stm32f4xx_hal_uart.o
    0x08004fd8   0x08004fd8   0x0000000c   Code   RO          625    i.USART6_IRQHandler  stm32f4xx_it.o
    0x08004fe4   0x08004fe4   0x00000002   Code   RO          626    i.UsageFault_Handler  stm32f4xx_it.o
    0x08004fe6   0x08004fe6   0x00000030   Code   RO         6434    i.__ARM_fpclassify  m_wm.l(fpclassify.o)
    0x08005016   0x08005016   0x00000020   Code   RO         1861    i.__NVIC_SetPriority  stm32f4xx_hal_cortex.o
    0x08005036   0x08005036   0x00000002   PAD
    0x08005038   0x08005038   0x000000c8   Code   RO         6205    i.__hardfp_cos      m_wm.l(cos.o)
    0x08005100   0x08005100   0x000000c8   Code   RO         6217    i.__hardfp_sin      m_wm.l(sin.o)
    0x080051c8   0x080051c8   0x00000438   Code   RO         6367    i.__ieee754_rem_pio2  m_wm.l(rred.o)
    0x08005600   0x08005600   0x00000170   Code   RO         6350    i.__kernel_cos      m_wm.l(cos_i.o)
    0x08005770   0x08005770   0x000000f8   Code   RO         6436    i.__kernel_poly     m_wm.l(poly.o)
    0x08005868   0x08005868   0x00000130   Code   RO         6372    i.__kernel_sin      m_wm.l(sin_i.o)
    0x08005998   0x08005998   0x00000014   Code   RO         6354    i.__mathlib_dbl_infnan  m_wm.l(dunder.o)
    0x080059ac   0x080059ac   0x00000004   PAD
    0x080059b0   0x080059b0   0x00000020   Code   RO         6356    i.__mathlib_dbl_invalid  m_wm.l(dunder.o)
    0x080059d0   0x080059d0   0x00000020   Code   RO         6359    i.__mathlib_dbl_underflow  m_wm.l(dunder.o)
    0x080059f0   0x080059f0   0x0000000e   Code   RO         6294    i._is_digit         c_w.l(__printf_wp.o)
    0x080059fe   0x080059fe   0x00000002   PAD
    0x08005a00   0x08005a00   0x0000002c   Code   RO         5137    i.action_to_car     commu_task.o
    0x08005a2c   0x08005a2c   0x00000124   Code   RO         5360    i.angle_limit       chassis_task.o
    0x08005b50   0x08005b50   0x00000074   Code   RO         5675    i.angle_m6020_init  motor_ctrl.o
    0x08005bc4   0x08005bc4   0x00000018   Code   RO         5676    i.angle_m6020_to_next  motor_ctrl.o
    0x08005bdc   0x08005bdc   0x00000058   Code   RO         5837    i.can_filter_init   bsp_can.o
    0x08005c34   0x08005c34   0x00000050   Code   RO         5361    i.chassis_ctrl      chassis_task.o
    0x08005c84   0x08005c84   0x0000006c   Code   RO         5362    i.chassis_init      chassis_task.o
    0x08005cf0   0x08005cf0   0x00000060   Code   RO         5363    i.chassis_pid_calc  chassis_task.o
    0x08005d50   0x08005d50   0x00000078   Code   RO         5364    i.chassis_pid_init  chassis_task.o
    0x08005dc8   0x08005dc8   0x00000080   Code   RO         5365    i.chassis_task      chassis_task.o
    0x08005e48   0x08005e48   0x000000e8   Code   RO         5366    i.chassis_v_to_mecanum_speed  chassis_task.o
    0x08005f30   0x08005f30   0x00000094   Code   RO         5041    i.cmd_arm_grab_ground  servo_task.o
    0x08005fc4   0x08005fc4   0x0000009c   Code   RO         5042    i.cmd_arm_grab_material  servo_task.o
    0x08006060   0x08006060   0x00000098   Code   RO         5043    i.cmd_arm_place_ground  servo_task.o
    0x080060f8   0x080060f8   0x00000090   Code   RO         5044    i.cmd_arm_place_stuff  servo_task.o
    0x08006188   0x08006188   0x00000018   Code   RO         5045    i.cmd_arm_rst       servo_task.o
    0x080061a0   0x080061a0   0x00000038   Code   RO         5046    i.cmd_arm_to_code   servo_task.o
    0x080061d8   0x080061d8   0x00000024   Code   RO         5047    i.cmd_arm_to_stuff  servo_task.o
    0x080061fc   0x080061fc   0x000000f0   Code   RO         5138    i.commu_task        commu_task.o
    0x080062ec   0x080062ec   0x00000024   Code   RO         5139    i.commu_task_init   commu_task.o
    0x08006310   0x08006310   0x00000020   Code   RO         5367    i.deadbond          chassis_task.o
    0x08006330   0x08006330   0x00000038   Code   RO         5140    i.decode02          commu_task.o
    0x08006368   0x08006368   0x00000024   Code   RO         5142    i.decode_action     commu_task.o
    0x0800638c   0x0800638c   0x00000014   Code   RO         5677    i.ecd_format        motor_ctrl.o
    0x080063a0   0x080063a0   0x0000003a   Code   RO         5678    i.ecd_limit         motor_ctrl.o
    0x080063da   0x080063da   0x00000032   Code   RO         5143    i.encode            commu_task.o
    0x0800640c   0x0800640c   0x00000018   Code   RO         6430    i.fabs              m_wm.l(fabs.o)
    0x08006424   0x08006424   0x00000014   Code   RO         5466    i.get_motor_2006_measure_point  can_receive.o
    0x08006438   0x08006438   0x00000014   Code   RO         5467    i.get_motor_3508_measure_point  can_receive.o
    0x0800644c   0x0800644c   0x00000014   Code   RO         5471    i.get_motor_6020_measure_point  can_receive.o
    0x08006460   0x08006460   0x00000078   Code   RO         5679    i.give_pid_current_6020  motor_ctrl.o
    0x080064d8   0x080064d8   0x00000218   Code   RO         5368    i.goal_to_v         chassis_task.o
    0x080066f0   0x080066f0   0x000000ac   Code   RO         6058    i.initM2006ECDRoundsMonitor  gear_motor_ctrl.o
    0x0800679c   0x0800679c   0x00000018   Code   RO         6059    i.m2006_task        gear_motor_ctrl.o
    0x080067b4   0x080067b4   0x0000004c   Code   RO           15    i.main              main.o
    0x08006800   0x08006800   0x0000000c   Code   RO         4430    i.makeFreeRtosPriority  cmsis_os.o
    0x0800680c   0x0800680c   0x000000ec   Code   RO         6060    i.monitorM2006ECDRound  gear_motor_ctrl.o
    0x080068f8   0x080068f8   0x00000014   Code   RO         5144    i.my_uart6_enable_inpterr  commu_task.o
    0x0800690c   0x0800690c   0x00000014   Code   RO         5146    i.my_uart8_enable_inpterr  commu_task.o
    0x08006920   0x08006920   0x00000010   Code   RO         4432    i.osDelay           cmsis_os.o
    0x08006930   0x08006930   0x0000000a   Code   RO         4435    i.osKernelStart     cmsis_os.o
    0x0800693a   0x0800693a   0x0000005c   Code   RO         4469    i.osThreadCreate    cmsis_os.o
    0x08006996   0x08006996   0x00000002   PAD
    0x08006998   0x08006998   0x00000078   Code   RO         4098    i.prvAddCurrentTaskToDelayedList  tasks.o
    0x08006a10   0x08006a10   0x00000088   Code   RO         4099    i.prvAddNewTaskToReadyList  tasks.o
    0x08006a98   0x08006a98   0x00000040   Code   RO         4100    i.prvCheckTasksWaitingTermination  tasks.o
    0x08006ad8   0x08006ad8   0x00000040   Code   RO         4101    i.prvDeleteTCB      tasks.o
    0x08006b18   0x08006b18   0x00000050   Code   RO         4800    i.prvHeapInit       heap_4.o
    0x08006b68   0x08006b68   0x00000028   Code   RO         4102    i.prvIdleTask       tasks.o
    0x08006b90   0x08006b90   0x0000007e   Code   RO         4103    i.prvInitialiseNewTask  tasks.o
    0x08006c0e   0x08006c0e   0x00000002   PAD
    0x08006c10   0x08006c10   0x00000060   Code   RO         4104    i.prvInitialiseTaskLists  tasks.o
    0x08006c70   0x08006c70   0x0000005c   Code   RO         4801    i.prvInsertBlockIntoFreeList  heap_4.o
    0x08006ccc   0x08006ccc   0x00000024   Code   RO         4105    i.prvResetNextTaskUnblockTime  tasks.o
    0x08006cf0   0x08006cf0   0x00000030   Code   RO         4868    i.prvTaskExitError  port.o
    0x08006d20   0x08006d20   0x000000e8   Code   RO         4802    i.pvPortMalloc      heap_4.o
    0x08006e08   0x08006e08   0x0000002c   Code   RO         4869    i.pxPortInitialiseStack  port.o
    0x08006e34   0x08006e34   0x00000048   Code   RO         6061    i.refresh_M2006_ctrl  gear_motor_ctrl.o
    0x08006e7c   0x08006e7c   0x0000007e   Code   RO         4954    i.servo_angle_ctrl  servo.o
    0x08006efa   0x08006efa   0x00000002   PAD
    0x08006efc   0x08006efc   0x00000154   Code   RO         4955    i.servo_init        servo.o
    0x08007050   0x08007050   0x00000078   Code   RO         5048    i.servo_task        servo_task.o
    0x080070c8   0x080070c8   0x00000060   Code   RO         6062    i.set_M2006_current  gear_motor_ctrl.o
    0x08007128   0x08007128   0x00000038   Code   RO         6063    i.set_M2006_rotate_rounds  gear_motor_ctrl.o
    0x08007160   0x08007160   0x00000064   Code   RO         6064    i.set_M2006_speed   gear_motor_ctrl.o
    0x080071c4   0x080071c4   0x00000004   Code   RO         6065    i.startM2006Monitor  gear_motor_ctrl.o
    0x080071c8   0x080071c8   0x00000044   Code   RO         5147    i.uart7_printf      commu_task.o
    0x0800720c   0x0800720c   0x00000064   Code   RO         5749    i.uart7_tx_dma_enable  bsp_usart.o
    0x08007270   0x08007270   0x00000044   Code   RO         5148    i.uart8_printf      commu_task.o
    0x080072b4   0x080072b4   0x00000064   Code   RO         5751    i.uart8_tx_dma_enable  bsp_usart.o
    0x08007318   0x08007318   0x00000064   Code   RO         5752    i.usart6_tx_dma_enable  bsp_usart.o
    0x0800737c   0x0800737c   0x00000026   Code   RO         3724    i.uxListRemove      list.o
    0x080073a2   0x080073a2   0x00000002   PAD
    0x080073a4   0x080073a4   0x00000014   Code   RO          374    i.vApplicationGetIdleTaskMemory  freertos.o
    0x080073b8   0x080073b8   0x00000016   Code   RO         3725    i.vListInitialise   list.o
    0x080073ce   0x080073ce   0x00000006   Code   RO         3726    i.vListInitialiseItem  list.o
    0x080073d4   0x080073d4   0x00000036   Code   RO         3727    i.vListInsert       list.o
    0x0800740a   0x0800740a   0x00000018   Code   RO         3728    i.vListInsertEnd    list.o
    0x08007422   0x08007422   0x00000002   PAD
    0x08007424   0x08007424   0x00000040   Code   RO         4871    i.vPortEnterCritical  port.o
    0x08007464   0x08007464   0x0000002c   Code   RO         4872    i.vPortExitCritical  port.o
    0x08007490   0x08007490   0x00000064   Code   RO         4803    i.vPortFree         heap_4.o
    0x080074f4   0x080074f4   0x00000024   Code   RO         4873    i.vPortSetupTimerInterrupt  port.o
    0x08007518   0x08007518   0x00000050   Code   RO         4114    i.vTaskDelay        tasks.o
    0x08007568   0x08007568   0x00000088   Code   RO         4127    i.vTaskStartScheduler  tasks.o
    0x080075f0   0x080075f0   0x00000010   Code   RO         4129    i.vTaskSuspendAll   tasks.o
    0x08007600   0x08007600   0x00000060   Code   RO         4130    i.vTaskSwitchContext  tasks.o
    0x08007660   0x08007660   0x00000104   Code   RO         4875    i.xPortStartScheduler  port.o
    0x08007764   0x08007764   0x0000002c   Code   RO         4876    i.xPortSysTickHandler  port.o
    0x08007790   0x08007790   0x0000006c   Code   RO         4133    i.xTaskCreate       tasks.o
    0x080077fc   0x080077fc   0x00000060   Code   RO         4134    i.xTaskCreateStatic  tasks.o
    0x0800785c   0x0800785c   0x0000001c   Code   RO         4138    i.xTaskGetSchedulerState  tasks.o
    0x08007878   0x08007878   0x000000d4   Code   RO         4141    i.xTaskIncrementTick  tasks.o
    0x0800794c   0x0800794c   0x000000cc   Code   RO         4147    i.xTaskResumeAll    tasks.o
    0x08007a18   0x08007a18   0x0000002c   Code   RO         6478    locale$$code        c_w.l(lc_numeric_c.o)
    0x08007a44   0x08007a44   0x0000002c   Code   RO         6499    locale$$code        c_w.l(lc_ctype_c.o)
    0x08007a70   0x08007a70   0x00000018   Code   RO         6329    x$fpl$basic         fz_wm.l(basic.o)
    0x08007a88   0x08007a88   0x00000062   Code   RO         6185    x$fpl$d2f           fz_wm.l(d2f.o)
    0x08007aea   0x08007aea   0x00000002   PAD
    0x08007aec   0x08007aec   0x00000150   Code   RO         6187    x$fpl$dadd          fz_wm.l(daddsub_clz.o)
    0x08007c3c   0x08007c3c   0x00000018   Code   RO         6331    x$fpl$dcmpinf       fz_wm.l(dcmpi.o)
    0x08007c54   0x08007c54   0x000002b0   Code   RO         6194    x$fpl$ddiv          fz_wm.l(ddiv.o)
    0x08007f04   0x08007f04   0x0000005e   Code   RO         6418    x$fpl$dfix          fz_wm.l(dfix.o)
    0x08007f62   0x08007f62   0x0000002e   Code   RO         6423    x$fpl$dflt          fz_wm.l(dflt_clz.o)
    0x08007f90   0x08007f90   0x00000026   Code   RO         6422    x$fpl$dfltu         fz_wm.l(dflt_clz.o)
    0x08007fb6   0x08007fb6   0x00000002   PAD
    0x08007fb8   0x08007fb8   0x00000078   Code   RO         6197    x$fpl$dleqf         fz_wm.l(dleqf.o)
    0x08008030   0x08008030   0x00000154   Code   RO         6199    x$fpl$dmul          fz_wm.l(dmul.o)
    0x08008184   0x08008184   0x0000009c   Code   RO         6333    x$fpl$dnaninf       fz_wm.l(dnaninf.o)
    0x08008220   0x08008220   0x0000000c   Code   RO         6335    x$fpl$dretinf       fz_wm.l(dretinf.o)
    0x0800822c   0x0800822c   0x0000006c   Code   RO         6201    x$fpl$drleqf        fz_wm.l(drleqf.o)
    0x08008298   0x08008298   0x00000016   Code   RO         6188    x$fpl$drsb          fz_wm.l(daddsub_clz.o)
    0x080082ae   0x080082ae   0x00000002   PAD
    0x080082b0   0x080082b0   0x000001d4   Code   RO         6189    x$fpl$dsub          fz_wm.l(daddsub_clz.o)
    0x08008484   0x08008484   0x00000056   Code   RO         6203    x$fpl$f2d           fz_wm.l(f2d.o)
    0x080084da   0x080084da   0x0000008c   Code   RO         6337    x$fpl$fnaninf       fz_wm.l(fnaninf.o)
    0x08008566   0x08008566   0x0000000a   Code   RO         6567    x$fpl$fpinit        fz_wm.l(fpinit.o)
    0x08008570   0x08008570   0x0000000a   Code   RO         6339    x$fpl$fretinf       fz_wm.l(fretinf.o)
    0x0800857a   0x0800857a   0x00000004   Code   RO         6341    x$fpl$printf1       fz_wm.l(printf1.o)
    0x0800857e   0x0800857e   0x00000004   Code   RO         6343    x$fpl$printf2       fz_wm.l(printf2.o)
    0x08008582   0x08008582   0x00000000   Code   RO         6349    x$fpl$usenofp       fz_wm.l(usenofp.o)
    0x08008582   0x08008582   0x00000002   PAD
    0x08008584   0x08008584   0x00000070   Data   RO          376    .constdata          freertos.o
    0x080085f4   0x080085f4   0x00000008   Data   RO         1560    .constdata          stm32f4xx_hal_dma.o
    0x080085fc   0x080085fc   0x00000010   Data   RO         3580    .constdata          system_stm32f4xx.o
    0x0800860c   0x0800860c   0x00000008   Data   RO         3581    .constdata          system_stm32f4xx.o
    0x08008614   0x08008614   0x00000030   Data   RO         5370    .constdata          chassis_task.o
    0x08008644   0x08008644   0x00000018   Data   RO         5681    .constdata          motor_ctrl.o
    0x0800865c   0x0800865c   0x00000008   Data   RO         6253    .constdata          c_w.l(_printf_wctomb.o)
    0x08008664   0x08008664   0x00000028   Data   RO         6282    .constdata          c_w.l(_printf_hex_int_ll_ptr.o)
    0x0800868c   0x0800868c   0x00000011   Data   RO         6302    .constdata          c_w.l(__printf_flags_ss_wp.o)
    0x0800869d   0x0800869d   0x00000003   PAD
    0x080086a0   0x080086a0   0x00000030   Data   RO         6351    .constdata          m_wm.l(cos_i.o)
    0x080086d0   0x080086d0   0x000000c8   Data   RO         6369    .constdata          m_wm.l(rred.o)
    0x08008798   0x08008798   0x00000028   Data   RO         6373    .constdata          m_wm.l(sin_i.o)
    0x080087c0   0x080087c0   0x00000026   Data   RO         6407    .constdata          c_w.l(_printf_fp_hex.o)
    0x080087e6   0x080087e6   0x00000002   PAD
    0x080087e8   0x080087e8   0x00000094   Data   RO         6453    .constdata          c_w.l(bigflt0.o)
    0x0800887c   0x0800887c   0x0000002e   Data   RO          377    .conststring        freertos.o
    0x080088aa   0x080088aa   0x00000002   PAD
    0x080088ac   0x080088ac   0x00000020   Data   RO         6623    Region$$Table       anon$$obj.o
    0x080088cc   0x080088cc   0x0000001c   Data   RO         6477    locale$$data        c_w.l(lc_numeric_c.o)
    0x080088e8   0x080088e8   0x00000110   Data   RO         6498    locale$$data        c_w.l(lc_ctype_c.o)


    Execution Region RW_IRAM2 (Exec base: 0x10000000, Load base: 0x08008b18, Size: 0x00000000, Max: 0x00010000, ABSOLUTE)

    **** No section assigned to this execution region ****


    Execution Region RW_IRAM1 (Exec base: 0x20000000, Load base: 0x080089f8, Size: 0x00005660, Max: 0x00030000, ABSOLUTE)

    Exec Addr    Load Addr    Size         Type   Attr      Idx    E Section Name        Object

    0x20000000   0x080089f8   0x00000010   Data   RW          378    .data               freertos.o
    0x20000010   0x08008a08   0x00000004   Data   RW          428    .data               can.o
    0x20000014   0x08008a0c   0x0000000c   Data   RW         2007    .data               stm32f4xx_hal.o
    0x20000020   0x08008a18   0x00000004   Data   RW         3582    .data               system_stm32f4xx.o
    0x20000024   0x08008a1c   0x0000003c   Data   RW         4150    .data               tasks.o
    0x20000060   0x08008a58   0x00000020   Data   RW         4809    .data               heap_4.o
    0x20000080   0x08008a78   0x0000000c   Data   RW         4877    .data               port.o
    0x2000008c   0x08008a84   0x00000001   Data   RW         5049    .data               servo_task.o
    0x2000008d   0x08008a85   0x00000003   PAD
    0x20000090   0x08008a88   0x00000018   Data   RW         5152    .data               commu_task.o
    0x200000a8   0x08008aa0   0x00000020   Data   RW         5477    .data               can_receive.o
    0x200000c8   0x08008ac0   0x00000008   Data   RW         5478    .data               can_receive.o
    0x200000d0   0x08008ac8   0x00000008   Data   RW         5480    .data               can_receive.o
    0x200000d8   0x08008ad0   0x00000008   Data   RW         5481    .data               can_receive.o
    0x200000e0   0x08008ad8   0x0000000e   Data   RW         5682    .data               motor_ctrl.o
    0x200000ee   0x08008ae6   0x00000002   PAD
    0x200000f0   0x08008ae8   0x00000030   Data   RW         6067    .data               gear_motor_ctrl.o
    0x20000120        -       0x00000254   Zero   RW          375    .bss                freertos.o
    0x20000374        -       0x00000050   Zero   RW          427    .bss                can.o
    0x200003c4        -       0x00000090   Zero   RW          504    .bss                tim.o
    0x20000454        -       0x0000030c   Zero   RW          558    .bss                usart.o
    0x20000760        -       0x000000f0   Zero   RW         4149    .bss                tasks.o
    0x20000850        -       0x00003c00   Zero   RW         4808    .bss                heap_4.o
    0x20004450        -       0x00000280   Zero   RW         4957    .bss                servo.o
    0x200046d0        -       0x000002c0   Zero   RW         5149    .bss                commu_task.o
    0x20004990        -       0x00000288   Zero   RW         5369    .bss                chassis_task.o
    0x20004c18        -       0x00000050   Zero   RW         5472    .bss                can_receive.o
    0x20004c68        -       0x00000018   Zero   RW         5473    .bss                can_receive.o
    0x20004c80        -       0x00000018   Zero   RW         5475    .bss                can_receive.o
    0x20004c98        -       0x00000018   Zero   RW         5476    .bss                can_receive.o
    0x20004cb0        -       0x00000090   Zero   RW         5680    .bss                motor_ctrl.o
    0x20004d40        -       0x000002c0   Zero   RW         6066    .bss                gear_motor_ctrl.o
    0x20005000        -       0x00000060   Zero   RW         6439    .bss                c_w.l(libspace.o)
    0x20005060        -       0x00000200   Zero   RW            2    HEAP                startup_stm32f427xx.o
    0x20005260        -       0x00000400   Zero   RW            1    STACK               startup_stm32f427xx.o


==============================================================================

Image component sizes


      Code (inc. data)   RO Data    RW Data    ZI Data      Debug   Object Name

        88          8          0          0          0     611986   bsp_can.o
       300         40          0          0          0       2552   bsp_usart.o
       388         40          0          4         80       2622   can.o
       288         48          0          0          0       2835   can_cmd_all.o
       268         22          0         56        152     618223   can_receive.o
      1930        176         48          0        648      24753   chassis_task.o
       130          0          0          0          0      25795   cmsis_os.o
       812        128          0         24        704     635224   commu_task.o
       140          4          0          0          0        910   dma.o
         0          0          0          0          0      19532   event_groups.o
       124         12        158         16        596       2569   freertos.o
       794         50          0         48        704       8968   gear_motor_ctrl.o
       288         22          0          0          0     748067   gpio.o
       504         32          0         32      15360       7783   heap_4.o
       144          0          0          0          0       3762   list.o
       228          8          0          0          0     115783   main.o
       384         42         24         14        144       8646   motor_ctrl.o
       448         10          0          0          0     613934   pid.o
       730         82          0         12          0      11424   port.o
       466         14          0          0        640       2660   servo.o
       836         86          0          1          0      10064   servo_task.o
        64         26        428          0       1536        868   startup_stm32f427xx.o
       180         28          0         12          0       9793   stm32f4xx_hal.o
      1638          6          0          0          0      14847   stm32f4xx_hal_can.o
       198         14          0          0          0      34295   stm32f4xx_hal_cortex.o
      1084         16          8          0          0       7610   stm32f4xx_hal_dma.o
       610         60          0          0          0       4215   stm32f4xx_hal_gpio.o
        56          4          0          0          0        926   stm32f4xx_hal_msp.o
      1348         76          0          0          0       5408   stm32f4xx_hal_rcc.o
      1228        138          0          0          0       9415   stm32f4xx_hal_tim.o
       228         28          0          0          0       2248   stm32f4xx_hal_tim_ex.o
      2020         30          0          0          0      14659   stm32f4xx_hal_uart.o
       180         66          0          0          0      17551   stm32f4xx_it.o
         0          0          0          0          0        408   stream_buffer.o
        16          4         24          4          0       1211   system_stm32f4xx.o
      1658        146          0         60        240      21894   tasks.o
       516         38          0          0        144       3360   tim.o
         0          0          0          0          0       2516   timers.o
       844         64          0          0        780       3834   usart.o

    ----------------------------------------------------------------------
     21198       1568        724        288      21728    3633150   Object Totals
         0          0         32          0          0          0   (incl. Generated)
        40          0          2          5          0          0   (incl. Padding)

    ----------------------------------------------------------------------

      Code (inc. data)   RO Data    RW Data    ZI Data      Debug   Library Member Name

         8          0          0          0          0         68   __main.o
       392          4         17          0          0         92   __printf_flags_ss_wp.o
        14          0          0          0          0         68   __printf_wp.o
         0          0          0          0          0          0   __rtentry.o
        12          0          0          0          0          0   __rtentry2.o
         6          0          0          0          0          0   __rtentry4.o
        52          8          0          0          0          0   __scatter.o
        26          0          0          0          0          0   __scatter_copy.o
        28          0          0          0          0          0   __scatter_zi.o
         6          0          0          0          0          0   _printf_a.o
         6          0          0          0          0          0   _printf_c.o
        44          0          0          0          0        108   _printf_char.o
        48          6          0          0          0         96   _printf_char_common.o
        40          0          0          0          0         68   _printf_charcount.o
         6          0          0          0          0          0   _printf_d.o
       120         16          0          0          0         92   _printf_dec.o
         6          0          0          0          0          0   _printf_e.o
         6          0          0          0          0          0   _printf_f.o
      1054          0          0          0          0        216   _printf_fp_dec.o
       764          8         38          0          0        100   _printf_fp_hex.o
       128         16          0          0          0         84   _printf_fp_infnan.o
         6          0          0          0          0          0   _printf_g.o
       148          4         40          0          0        160   _printf_hex_int_ll_ptr.o
         6          0          0          0          0          0   _printf_i.o
       178          0          0          0          0         88   _printf_intcommon.o
        10          0          0          0          0          0   _printf_l.o
         6          0          0          0          0          0   _printf_lc.o
        10          0          0          0          0          0   _printf_ll.o
         6          0          0          0          0          0   _printf_lld.o
         6          0          0          0          0          0   _printf_lli.o
         6          0          0          0          0          0   _printf_llo.o
         6          0          0          0          0          0   _printf_llu.o
         6          0          0          0          0          0   _printf_llx.o
       124         16          0          0          0         92   _printf_longlong_dec.o
         6          0          0          0          0          0   _printf_ls.o
         6          0          0          0          0          0   _printf_n.o
         6          0          0          0          0          0   _printf_o.o
       112         10          0          0          0        124   _printf_oct_int_ll.o
         6          0          0          0          0          0   _printf_p.o
        78          0          0          0          0        108   _printf_pad.o
         0          0          0          0          0          0   _printf_percent.o
         4          0          0          0          0          0   _printf_percent_end.o
         6          0          0          0          0          0   _printf_s.o
        82          0          0          0          0         80   _printf_str.o
        36          0          0          0          0         84   _printf_truncate.o
         6          0          0          0          0          0   _printf_u.o
        44          0          0          0          0        108   _printf_wchar.o
       188          6          8          0          0         92   _printf_wctomb.o
         6          0          0          0          0          0   _printf_x.o
        22          0          0          0          0        100   _rserrno.o
        10          0          0          0          0         68   _sputc.o
        64          0          0          0          0         92   _wcrtomb.o
       228          4        148          0          0         96   bigflt0.o
      1936        128          0          0          0        672   btod.o
        18          0          0          0          0         80   exit.o
         6          0          0          0          0        152   heapauxi.o
         0          0          0          0          0          0   indicate_semi.o
        44         10        272          0          0         76   lc_ctype_c.o
        44         10         28          0          0         76   lc_numeric_c.o
         2          0          0          0          0          0   libinit.o
        34          0          0          0          0          0   libinit2.o
         2          0          0          0          0          0   libshutdown.o
         2          0          0          0          0          0   libshutdown2.o
         8          4          0          0         96         68   libspace.o
       138          0          0          0          0         80   lludiv10.o
       238          0          0          0          0        100   lludivv7m.o
        16          4          0          0          0         76   rt_ctype_table.o
         8          4          0          0          0         68   rt_errno_addr_intlibspace.o
         8          4          0          0          0         68   rt_locale_intlibspace.o
        78          0          0          0          0         80   rt_memclr_w.o
       100          0          0          0          0         80   rt_memcpy_w.o
         2          0          0          0          0          0   rtexit.o
        10          0          0          0          0          0   rtexit2.o
       128          0          0          0          0         68   strcmpv7m.o
        12          4          0          0          0         68   sys_exit.o
        74          0          0          0          0         80   sys_stackheap_outer.o
         2          0          0          0          0         68   use_no_semi.o
        36          4          0          0          0         76   vsprintf.o
        24          0          0          0          0        164   basic.o
        98          4          0          0          0        140   d2f.o
       826         16          0          0          0        492   daddsub_clz.o
        24          0          0          0          0        116   dcmpi.o
       688        140          0          0          0        256   ddiv.o
        94          4          0          0          0        140   dfix.o
        84          0          0          0          0        232   dflt_clz.o
       120          4          0          0          0        140   dleqf.o
       340         12          0          0          0        152   dmul.o
       156          4          0          0          0        140   dnaninf.o
        12          0          0          0          0        116   dretinf.o
       108          0          0          0          0        128   drleqf.o
        86          4          0          0          0        132   f2d.o
       140          4          0          0          0        132   fnaninf.o
        10          0          0          0          0        116   fpinit.o
        10          0          0          0          0        116   fretinf.o
         4          0          0          0          0        116   printf1.o
         4          0          0          0          0        116   printf2.o
         0          0          0          0          0          0   usenofp.o
       200         20          0          0          0        164   cos.o
       368         46         48          0          0        200   cos_i.o
        84         16          0          0          0        372   dunder.o
        24          0          0          0          0        124   fabs.o
        48          0          0          0          0        124   fpclassify.o
       248          0          0          0          0        152   poly.o
      1080        142        200          0          0        188   rred.o
       200         20          0          0          0        164   sin.o
       304         24         40          0          0        208   sin_i.o

    ----------------------------------------------------------------------
     12554        730        844          0         96       8960   Library Totals
        30          0          5          0          0          0   (incl. Padding)

    ----------------------------------------------------------------------

      Code (inc. data)   RO Data    RW Data    ZI Data      Debug   Library Name

      7140        270        551          0         96       4320   c_w.l
      2828        192          0          0          0       2944   fz_wm.l
      2556        268        288          0          0       1696   m_wm.l

    ----------------------------------------------------------------------
     12554        730        844          0         96       8960   Library Totals

    ----------------------------------------------------------------------

==============================================================================


      Code (inc. data)   RO Data    RW Data    ZI Data      Debug   

     33752       2298       1568        288      21824    3616670   Grand Totals
     33752       2298       1568        288      21824    3616670   ELF Image Totals
     33752       2298       1568        288          0          0   ROM Totals

==============================================================================

    Total RO  Size (Code + RO Data)                35320 (  34.49kB)
    Total RW  Size (RW Data + ZI Data)             22112 (  21.59kB)
    Total ROM Size (Code + RO Data + RW Data)      35608 (  34.77kB)

==============================================================================

