<html>
<body>
<pre>
<h1>µVision Build Log</h1>
<h2>Tool Versions:</h2>
IDE-Version: ¦ÌVision V5.29.0.0
Copyright (C) 2019 ARM Ltd and ARM Germany GmbH. All rights reserved.
License Information: 1 xiaozhu, 1, LIC=585FJ-U5W5X-KPGZY-IXUG8-4HUEL-9F8CM
 
Tool Versions:
Toolchain:       MDK-ARM Plus  Version: 5.29.0.0
Toolchain Path:  D:\Develop\Keil V5\ARM\ARMCC\Bin
C Compiler:      Armcc.exe V5.06 update 6 (build 750)
Assembler:       Armasm.exe V5.06 update 6 (build 750)
Linker/Locator:  ArmLink.exe V5.06 update 6 (build 750)
Library Manager: ArmAr.exe V5.06 update 6 (build 750)
Hex Converter:   FromElf.exe V5.06 update 6 (build 750)
CPU DLL:         SARMCM3.DLL V5.29.0.0
Dialog DLL:      DCM.DLL V1.17.3.0
Target DLL:      CMSIS_AGDI.dll V1.32.0.0
Dialog DLL:      TCM.DLL V1.36.5.0
 
<h2>Project:</h2>
C:\Users\xiaozhu\Desktop\2023 EIC\backup\2023-EIC-71f719c5718f9d24add9a463811c861d6767e7f7\Logistic_Robot_v1\MDK-ARM\Logistic_Robot_v1.uvprojx
Project File Date:  10/20/2023

<h2>Output:</h2>
*** Using Compiler 'V5.06 update 6 (build 750)', folder: 'D:\Develop\Keil V5\ARM\ARMCC\Bin'
Build target 'Logistic_Robot_v1'
compiling gear_motor_ctrl.c...
compiling chassis_task.c...
compiling commu_task.c...
..\application\servo_task.h(29): warning:  #1295-D: Deprecated declaration cmd_arm_rst - give arg types
  void cmd_arm_rst();
..\application\servo_task.h(30): warning:  #1295-D: Deprecated declaration cmd_arm_to_code - give arg types
  void cmd_arm_to_code();
..\application\servo_task.h(31): warning:  #1295-D: Deprecated declaration cmd_arm_to_stuff - give arg types
  void cmd_arm_to_stuff();
..\application\servo_task.h(32): warning:  #1295-D: Deprecated declaration cmd_arm_grab_material - give arg types
  void cmd_arm_grab_material();
..\application\servo_task.h(33): warning:  #1295-D: Deprecated declaration cmd_arm_place_ground - give arg types
  void cmd_arm_place_ground();
..\application\servo_task.h(34): warning:  #1295-D: Deprecated declaration cmd_arm_grab_ground - give arg types
  void cmd_arm_grab_ground();
..\application\servo_task.h(35): warning:  #1295-D: Deprecated declaration cmd_arm_place_stuff - give arg types
  void cmd_arm_place_stuff();
../algorithm/gear_motor_ctrl.h(7): warning:  #1295-D: Deprecated declaration startM2006Monitor - give arg types
  extern void startM2006Monitor();
..\application\commu_task.c(241): warning:  #177-D: variable "initangle"  was declared but never referenced
  	int initangle=120;
..\application\commu_task.c: 9 warnings, 0 errors
compiling freertos.c...
../application/servo_task.h(29): warning:  #1295-D: Deprecated declaration cmd_arm_rst - give arg types
  void cmd_arm_rst();
../application/servo_task.h(30): warning:  #1295-D: Deprecated declaration cmd_arm_to_code - give arg types
  void cmd_arm_to_code();
../application/servo_task.h(31): warning:  #1295-D: Deprecated declaration cmd_arm_to_stuff - give arg types
  void cmd_arm_to_stuff();
../application/servo_task.h(32): warning:  #1295-D: Deprecated declaration cmd_arm_grab_material - give arg types
  void cmd_arm_grab_material();
../application/servo_task.h(33): warning:  #1295-D: Deprecated declaration cmd_arm_place_ground - give arg types
  void cmd_arm_place_ground();
../application/servo_task.h(34): warning:  #1295-D: Deprecated declaration cmd_arm_grab_ground - give arg types
  void cmd_arm_grab_ground();
../application/servo_task.h(35): warning:  #1295-D: Deprecated declaration cmd_arm_place_stuff - give arg types
  void cmd_arm_place_stuff();
../algorithm/gear_motor_ctrl.h(7): warning:  #1295-D: Deprecated declaration startM2006Monitor - give arg types
  extern void startM2006Monitor();
../Core/Src/freertos.c: 8 warnings, 0 errors
compiling servo_task.c...
..\application\servo_task.h(29): warning:  #1295-D: Deprecated declaration cmd_arm_rst - give arg types
  void cmd_arm_rst();
..\application\servo_task.h(30): warning:  #1295-D: Deprecated declaration cmd_arm_to_code - give arg types
  void cmd_arm_to_code();
..\application\servo_task.h(31): warning:  #1295-D: Deprecated declaration cmd_arm_to_stuff - give arg types
  void cmd_arm_to_stuff();
..\application\servo_task.h(32): warning:  #1295-D: Deprecated declaration cmd_arm_grab_material - give arg types
  void cmd_arm_grab_material();
..\application\servo_task.h(33): warning:  #1295-D: Deprecated declaration cmd_arm_place_ground - give arg types
  void cmd_arm_place_ground();
..\application\servo_task.h(34): warning:  #1295-D: Deprecated declaration cmd_arm_grab_ground - give arg types
  void cmd_arm_grab_ground();
..\application\servo_task.h(35): warning:  #1295-D: Deprecated declaration cmd_arm_place_stuff - give arg types
  void cmd_arm_place_stuff();
../algorithm/gear_motor_ctrl.h(7): warning:  #1295-D: Deprecated declaration startM2006Monitor - give arg types
  extern void startM2006Monitor();
..\application\servo_task.c: 8 warnings, 0 errors
compiling main.c...
../application/servo_task.h(29): warning:  #1295-D: Deprecated declaration cmd_arm_rst - give arg types
  void cmd_arm_rst();
../application/servo_task.h(30): warning:  #1295-D: Deprecated declaration cmd_arm_to_code - give arg types
  void cmd_arm_to_code();
../application/servo_task.h(31): warning:  #1295-D: Deprecated declaration cmd_arm_to_stuff - give arg types
  void cmd_arm_to_stuff();
../application/servo_task.h(32): warning:  #1295-D: Deprecated declaration cmd_arm_grab_material - give arg types
  void cmd_arm_grab_material();
../application/servo_task.h(33): warning:  #1295-D: Deprecated declaration cmd_arm_place_ground - give arg types
  void cmd_arm_place_ground();
../application/servo_task.h(34): warning:  #1295-D: Deprecated declaration cmd_arm_grab_ground - give arg types
  void cmd_arm_grab_ground();
../application/servo_task.h(35): warning:  #1295-D: Deprecated declaration cmd_arm_place_stuff - give arg types
  void cmd_arm_place_stuff();
../algorithm/gear_motor_ctrl.h(7): warning:  #1295-D: Deprecated declaration startM2006Monitor - give arg types
  extern void startM2006Monitor();
../Core/Src/main.c: 8 warnings, 0 errors
linking...
Program Size: Code=26144 RO-data=1224 RW-data=268 ZI-data=21084  
FromELF: creating hex file...
"Logistic_Robot_v1\Logistic_Robot_v1.axf" - 0 Error(s), 33 Warning(s).

<h2>Software Packages used:</h2>

Package Vendor: ARM
                http://www.keil.com/pack/ARM.CMSIS.5.6.0.pack
                ARM.CMSIS.5.6.0
                CMSIS (Cortex Microcontroller Software Interface Standard)
   * Component: CORE Version: 5.3.0
   * Component: DSP Variant: Library Version: 1.7.0

Package Vendor: Keil
                https://www.keil.com/pack/Keil.STM32F4xx_DFP.2.17.0.pack
                Keil.STM32F4xx_DFP.2.17.0
                STMicroelectronics STM32F4 Series Device Support, Drivers and Examples

<h2>Collection of Component include folders:</h2>
  .\RTE\_Logistic_Robot_v1
  C:\Users\xiaozhu\AppData\Local\Arm\Packs\ARM\CMSIS\5.6.0\CMSIS\Core\Include
  C:\Users\xiaozhu\AppData\Local\Arm\Packs\ARM\CMSIS\5.6.0\CMSIS\DSP\Include
  C:\Users\xiaozhu\AppData\Local\Arm\Packs\Keil\STM32F4xx_DFP\2.17.0\Drivers\CMSIS\Device\ST\STM32F4xx\Include

<h2>Collection of Component Files used:</h2>

   * Component: ARM::CMSIS:CORE:5.3.0

   * Component: ARM::CMSIS:DSP:Library:1.7.0
      Include file:  CMSIS\DSP\Include\arm_math.h
      Library file:  CMSIS\DSP\Lib\ARM\arm_cortexM4lf_math.lib
Build Time Elapsed:  00:00:04
</pre>
</body>
</html>
