<html>
<body>
<pre>
<h1>µVision Build Log</h1>
<h2>Tool Versions:</h2>
IDE-Version: ¦ÌVision V5.29.0.0
Copyright (C) 2019 ARM Ltd and ARM Germany GmbH. All rights reserved.
License Information: 1 xiaozhu, 1, LIC=585FJ-U5W5X-KPGZY-IXUG8-4HUEL-9F8CM
 
Tool Versions:
Toolchain:       MDK-ARM Plus  Version: 5.29.0.0
Toolchain Path:  D:\Develop\Keil V5\ARM\ARMCC\Bin
C Compiler:      Armcc.exe V5.06 update 6 (build 750)
Assembler:       Armasm.exe V5.06 update 6 (build 750)
Linker/Locator:  ArmLink.exe V5.06 update 6 (build 750)
Library Manager: ArmAr.exe V5.06 update 6 (build 750)
Hex Converter:   FromElf.exe V5.06 update 6 (build 750)
CPU DLL:         SARMCM3.DLL V5.29.0.0
Dialog DLL:      DCM.DLL V1.17.3.0
Target DLL:      STLink\ST-LINKIII-KEIL_SWO.dll V3.0.7.0
Dialog DLL:      TCM.DLL V1.36.5.0
 
<h2>Project:</h2>
C:\Users\xiaozhu\Desktop\EIC\2023-EIC\Logistic_Robot_v1\MDK-ARM\Logistic_Robot_v1.uvprojx
Project File Date:  10/25/2023

<h2>Output:</h2>
*** Using Compiler 'V5.06 update 6 (build 750)', folder: 'D:\Develop\Keil V5\ARM\ARMCC\Bin'
Build target 'Logistic_Robot_v1'
compiling motor_ctrl.c...
..\application\motor_ctrl.h(8): warning:  #1295-D: Deprecated declaration give_pid_current_6020 - give arg types
  extern void give_pid_current_6020();
..\application\motor_ctrl.c(51): warning:  #940-D: missing return statement at end of non-void function "ecd_limit" 
  }
..\application\motor_ctrl.c(76): warning:  #940-D: missing return statement at end of non-void function "PID_6020_calc" 
  }
..\application\motor_ctrl.c: 3 warnings, 0 errors
linking...
Program Size: Code=27288 RO-data=1248 RW-data=284 ZI-data=21228  
FromELF: creating hex file...
"Logistic_Robot_v1\Logistic_Robot_v1.axf" - 0 Error(s), 3 Warning(s).

<h2>Software Packages used:</h2>

Package Vendor: ARM
                http://www.keil.com/pack/ARM.CMSIS.5.6.0.pack
                ARM.CMSIS.5.6.0
                CMSIS (Cortex Microcontroller Software Interface Standard)
   * Component: CORE Version: 5.3.0
   * Component: DSP Variant: Library Version: 1.7.0

Package Vendor: Keil
                https://www.keil.com/pack/Keil.STM32F4xx_DFP.2.17.0.pack
                Keil.STM32F4xx_DFP.2.17.0
                STMicroelectronics STM32F4 Series Device Support, Drivers and Examples

<h2>Collection of Component include folders:</h2>
  .\RTE\_Logistic_Robot_v1
  C:\Users\xiaozhu\AppData\Local\Arm\Packs\ARM\CMSIS\5.6.0\CMSIS\Core\Include
  C:\Users\xiaozhu\AppData\Local\Arm\Packs\ARM\CMSIS\5.6.0\CMSIS\DSP\Include
  C:\Users\xiaozhu\AppData\Local\Arm\Packs\Keil\STM32F4xx_DFP\2.17.0\Drivers\CMSIS\Device\ST\STM32F4xx\Include

<h2>Collection of Component Files used:</h2>

   * Component: ARM::CMSIS:CORE:5.3.0

   * Component: ARM::CMSIS:DSP:Library:1.7.0
      Include file:  CMSIS\DSP\Include\arm_math.h
      Library file:  CMSIS\DSP\Lib\ARM\arm_cortexM4lf_math.lib
Build Time Elapsed:  00:00:03
</pre>
</body>
</html>
