Component: ARM Compiler 5.06 update 5 (build 528) Tool: armlink [4d35e2]

==============================================================================

Section Cross References

    startup_stm32f427xx.o(STACK) refers (Special) to heapauxi.o(.text) for __use_two_region_memory
    startup_stm32f427xx.o(HEAP) refers (Special) to heapauxi.o(.text) for __use_two_region_memory
    startup_stm32f427xx.o(RESET) refers (Special) to heapauxi.o(.text) for __use_two_region_memory
    startup_stm32f427xx.o(RESET) refers to startup_stm32f427xx.o(STACK) for __initial_sp
    startup_stm32f427xx.o(RESET) refers to startup_stm32f427xx.o(.text) for Reset_Handler
    startup_stm32f427xx.o(RESET) refers to stm32f4xx_it.o(i.NMI_Handler) for NMI_Handler
    startup_stm32f427xx.o(RESET) refers to stm32f4xx_it.o(i.HardFault_Handler) for HardFault_Handler
    startup_stm32f427xx.o(RESET) refers to stm32f4xx_it.o(i.MemManage_Handler) for MemManage_Handler
    startup_stm32f427xx.o(RESET) refers to stm32f4xx_it.o(i.BusFault_Handler) for BusFault_Handler
    startup_stm32f427xx.o(RESET) refers to stm32f4xx_it.o(i.UsageFault_Handler) for UsageFault_Handler
    startup_stm32f427xx.o(RESET) refers to port.o(.emb_text) for SVC_Handler
    startup_stm32f427xx.o(RESET) refers to stm32f4xx_it.o(i.DebugMon_Handler) for DebugMon_Handler
    startup_stm32f427xx.o(RESET) refers to stm32f4xx_it.o(i.SysTick_Handler) for SysTick_Handler
    startup_stm32f427xx.o(RESET) refers to stm32f4xx_it.o(i.EXTI0_IRQHandler) for EXTI0_IRQHandler
    startup_stm32f427xx.o(RESET) refers to stm32f4xx_it.o(i.EXTI2_IRQHandler) for EXTI2_IRQHandler
    startup_stm32f427xx.o(RESET) refers to stm32f4xx_it.o(i.DMA1_Stream0_IRQHandler) for DMA1_Stream0_IRQHandler
    startup_stm32f427xx.o(RESET) refers to stm32f4xx_it.o(i.DMA1_Stream1_IRQHandler) for DMA1_Stream1_IRQHandler
    startup_stm32f427xx.o(RESET) refers to stm32f4xx_it.o(i.DMA1_Stream3_IRQHandler) for DMA1_Stream3_IRQHandler
    startup_stm32f427xx.o(RESET) refers to stm32f4xx_it.o(i.DMA1_Stream6_IRQHandler) for DMA1_Stream6_IRQHandler
    startup_stm32f427xx.o(RESET) refers to stm32f4xx_it.o(i.CAN1_RX0_IRQHandler) for CAN1_RX0_IRQHandler
    startup_stm32f427xx.o(RESET) refers to stm32f4xx_it.o(i.DMA2_Stream1_IRQHandler) for DMA2_Stream1_IRQHandler
    startup_stm32f427xx.o(RESET) refers to stm32f4xx_it.o(i.CAN2_RX0_IRQHandler) for CAN2_RX0_IRQHandler
    startup_stm32f427xx.o(RESET) refers to stm32f4xx_it.o(i.DMA2_Stream6_IRQHandler) for DMA2_Stream6_IRQHandler
    startup_stm32f427xx.o(RESET) refers to stm32f4xx_it.o(i.USART6_IRQHandler) for USART6_IRQHandler
    startup_stm32f427xx.o(RESET) refers to stm32f4xx_it.o(i.UART7_IRQHandler) for UART7_IRQHandler
    startup_stm32f427xx.o(RESET) refers to stm32f4xx_it.o(i.UART8_IRQHandler) for UART8_IRQHandler
    startup_stm32f427xx.o(.text) refers (Special) to heapauxi.o(.text) for __use_two_region_memory
    startup_stm32f427xx.o(.text) refers to system_stm32f4xx.o(i.SystemInit) for SystemInit
    startup_stm32f427xx.o(.text) refers to __main.o(!!!main) for __main
    startup_stm32f427xx.o(.text) refers to startup_stm32f427xx.o(HEAP) for Heap_Mem
    startup_stm32f427xx.o(.text) refers to startup_stm32f427xx.o(STACK) for Stack_Mem
    main.o(i.SystemClock_Config) refers to rt_memclr_w.o(.text) for __aeabi_memclr4
    main.o(i.SystemClock_Config) refers to stm32f4xx_hal_rcc.o(i.HAL_RCC_OscConfig) for HAL_RCC_OscConfig
    main.o(i.SystemClock_Config) refers to stm32f4xx_hal_rcc.o(i.HAL_RCC_ClockConfig) for HAL_RCC_ClockConfig
    main.o(i.main) refers to stm32f4xx_hal.o(i.HAL_Init) for HAL_Init
    main.o(i.main) refers to main.o(i.SystemClock_Config) for SystemClock_Config
    main.o(i.main) refers to gpio.o(i.MX_GPIO_Init) for MX_GPIO_Init
    main.o(i.main) refers to dma.o(i.MX_DMA_Init) for MX_DMA_Init
    main.o(i.main) refers to usart.o(i.MX_UART8_Init) for MX_UART8_Init
    main.o(i.main) refers to usart.o(i.MX_USART6_UART_Init) for MX_USART6_UART_Init
    main.o(i.main) refers to can.o(i.MX_CAN1_Init) for MX_CAN1_Init
    main.o(i.main) refers to tim.o(i.MX_TIM2_Init) for MX_TIM2_Init
    main.o(i.main) refers to tim.o(i.MX_TIM8_Init) for MX_TIM8_Init
    main.o(i.main) refers to usart.o(i.MX_UART7_Init) for MX_UART7_Init
    main.o(i.main) refers to can.o(i.MX_CAN2_Init) for MX_CAN2_Init
    main.o(i.main) refers to bsp_can.o(i.can_filter_init) for can_filter_init
    main.o(i.main) refers to servo.o(i.servo_init) for servo_init
    main.o(i.main) refers to can_cmd_all.o(i.CAN_angleControl) for CAN_angleControl
    main.o(i.main) refers to motor_ctrl.o(i.angle_m6020_init) for angle_m6020_init
    main.o(i.main) refers to freertos.o(i.MX_FREERTOS_Init) for MX_FREERTOS_Init
    main.o(i.main) refers to cmsis_os.o(i.osKernelStart) for osKernelStart
    main.o(i.usart_printf) refers to vsprintf.o(.text) for vsprintf
    main.o(i.usart_printf) refers to stm32f4xx_hal_uart.o(i.HAL_UART_Transmit) for HAL_UART_Transmit
[...]
    DMA1_Stream1_IRQHandler                  0x08001fc9   Thumb Code     6  stm32f4xx_it.o(i.DMA1_Stream1_IRQHandler)
    DMA1_Stream3_IRQHandler                  0x08001fd5   Thumb Code     6  stm32f4xx_it.o(i.DMA1_Stream3_IRQHandler)
    DMA1_Stream6_IRQHandler                  0x08001fe1   Thumb Code     6  stm32f4xx_it.o(i.DMA1_Stream6_IRQHandler)
    DMA2_Stream1_IRQHandler                  0x08001fed   Thumb Code     6  stm32f4xx_it.o(i.DMA2_Stream1_IRQHandler)
    DMA2_Stream6_IRQHandler                  0x08001ff9   Thumb Code     6  stm32f4xx_it.o(i.DMA2_Stream6_IRQHandler)
    DebugMon_Handler                         0x080020a9   Thumb Code     2  stm32f4xx_it.o(i.DebugMon_Handler)
    EXTI0_IRQHandler                         0x080020cf   Thumb Code     6  stm32f4xx_it.o(i.EXTI0_IRQHandler)
    EXTI2_IRQHandler                         0x080020d5   Thumb Code     6  stm32f4xx_it.o(i.EXTI2_IRQHandler)
    Error_Handler                            0x080020db   Thumb Code     4  main.o(i.Error_Handler)
    HAL_CAN_ActivateNotification             0x080020df   Thumb Code    36  stm32f4xx_hal_can.o(i.HAL_CAN_ActivateNotification)
    HAL_CAN_AddTxMessage                     0x08002103   Thumb Code   200  stm32f4xx_hal_can.o(i.HAL_CAN_AddTxMessage)
    HAL_CAN_ConfigFilter                     0x080021cd   Thumb Code   262  stm32f4xx_hal_can.o(i.HAL_CAN_ConfigFilter)
    HAL_CAN_ErrorCallback                    0x080022d9   Thumb Code     2  stm32f4xx_hal_can.o(i.HAL_CAN_ErrorCallback)
    HAL_CAN_GetRxMessage                     0x080022db   Thumb Code   232  stm32f4xx_hal_can.o(i.HAL_CAN_GetRxMessage)
    HAL_CAN_IRQHandler                       0x080023c3   Thumb Code   508  stm32f4xx_hal_can.o(i.HAL_CAN_IRQHandler)
    HAL_CAN_Init                             0x080025bf   Thumb Code   282  stm32f4xx_hal_can.o(i.HAL_CAN_Init)
    HAL_CAN_MspInit                          0x080026d9   Thumb Code   228  can.o(i.HAL_CAN_MspInit)
    HAL_CAN_RxFifo0FullCallback              0x080027d5   Thumb Code     2  stm32f4xx_hal_can.o(i.HAL_CAN_RxFifo0FullCallback)
    HAL_CAN_RxFifo0MsgPendingCallback        0x080027d9   Thumb Code   198  can_receive.o(i.HAL_CAN_RxFifo0MsgPendingCallback)
    HAL_CAN_RxFifo1FullCallback              0x080028a9   Thumb Code     2  stm32f4xx_hal_can.o(i.HAL_CAN_RxFifo1FullCallback)
    HAL_CAN_RxFifo1MsgPendingCallback        0x080028ab   Thumb Code     2  stm32f4xx_hal_can.o(i.HAL_CAN_RxFifo1MsgPendingCallback)
    HAL_CAN_SleepCallback                    0x080028ad   Thumb Code     2  stm32f4xx_hal_can.o(i.HAL_CAN_SleepCallback)
    HAL_CAN_Start                            0x080028b1   Thumb Code    88  stm32f4xx_hal_can.o(i.HAL_CAN_Start)
    HAL_CAN_TxMailbox0AbortCallback          0x08002909   Thumb Code     2  stm32f4xx_hal_can.o(i.HAL_CAN_TxMailbox0AbortCallback)
    HAL_CAN_TxMailbox0CompleteCallback       0x0800290b   Thumb Code     2  stm32f4xx_hal_can.o(i.HAL_CAN_TxMailbox0CompleteCallback)
    HAL_CAN_TxMailbox1AbortCallback          0x0800290d   Thumb Code     2  stm32f4xx_hal_can.o(i.HAL_CAN_TxMailbox1AbortCallback)
    HAL_CAN_TxMailbox1CompleteCallback       0x0800290f   Thumb Code     2  stm32f4xx_hal_can.o(i.HAL_CAN_TxMailbox1CompleteCallback)
    HAL_CAN_TxMailbox2AbortCallback          0x08002911   Thumb Code     2  stm32f4xx_hal_can.o(i.HAL_CAN_TxMailbox2AbortCallback)
    HAL_CAN_TxMailbox2CompleteCallback       0x08002913   Thumb Code     2  stm32f4xx_hal_can.o(i.HAL_CAN_TxMailbox2CompleteCallback)
    HAL_CAN_WakeUpFromRxMsgCallback          0x08002915   Thumb Code     2  stm32f4xx_hal_can.o(i.HAL_CAN_WakeUpFromRxMsgCallback)
    HAL_DMA_Abort                            0x08002917   Thumb Code   146  stm32f4xx_hal_dma.o(i.HAL_DMA_Abort)
    HAL_DMA_Abort_IT                         0x080029a9   Thumb Code    36  stm32f4xx_hal_dma.o(i.HAL_DMA_Abort_IT)
    HAL_DMA_IRQHandler                       0x080029cd   Thumb Code   412  stm32f4xx_hal_dma.o(i.HAL_DMA_IRQHandler)
    HAL_DMA_Init                             0x08002b6d   Thumb Code   206  stm32f4xx_hal_dma.o(i.HAL_DMA_Init)
    HAL_DMA_Start_IT                         0x08002c41   Thumb Code   110  stm32f4xx_hal_dma.o(i.HAL_DMA_Start_IT)
    HAL_Delay                                0x08002cb1   Thumb Code    32  stm32f4xx_hal.o(i.HAL_Delay)
    HAL_GPIO_EXTI_Callback                   0x08002cd5   Thumb Code     2  stm32f4xx_hal_gpio.o(i.HAL_GPIO_EXTI_Callback)
    HAL_GPIO_EXTI_IRQHandler                 0x08002cd9   Thumb Code    18  stm32f4xx_hal_gpio.o(i.HAL_GPIO_EXTI_IRQHandler)
    HAL_GPIO_Init                            0x08002cf1   Thumb Code   510  stm32f4xx_hal_gpio.o(i.HAL_GPIO_Init)
    HAL_GPIO_ReadPin                         0x08002f25   Thumb Code    10  stm32f4xx_hal_gpio.o(i.HAL_GPIO_ReadPin)
    HAL_GPIO_WritePin                        0x08002f2f   Thumb Code    10  stm32f4xx_hal_gpio.o(i.HAL_GPIO_WritePin)
    HAL_GetTick                              0x08002f39   Thumb Code     6  stm32f4xx_hal.o(i.HAL_GetTick)
    HAL_IncTick                              0x08002f45   Thumb Code    12  stm32f4xx_hal.o(i.HAL_IncTick)
    HAL_Init                                 0x08002f55   Thumb Code    48  stm32f4xx_hal.o(i.HAL_Init)
    HAL_InitTick                             0x08002f89   Thumb Code    54  stm32f4xx_hal.o(i.HAL_InitTick)
    HAL_MspInit                              0x08002fc9   Thumb Code    52  stm32f4xx_hal_msp.o(i.HAL_MspInit)
    HAL_NVIC_EnableIRQ                       0x08003001   Thumb Code    26  stm32f4xx_hal_cortex.o(i.HAL_NVIC_EnableIRQ)
    HAL_NVIC_SetPriority                     0x0800301d   Thumb Code    60  stm32f4xx_hal_cortex.o(i.HAL_NVIC_SetPriority)
    HAL_NVIC_SetPriorityGrouping             0x0800305d   Thumb Code    26  stm32f4xx_hal_cortex.o(i.HAL_NVIC_SetPriorityGrouping)
    HAL_RCC_ClockConfig                      0x08003081   Thumb Code   288  stm32f4xx_hal_rcc.o(i.HAL_RCC_ClockConfig)
    HAL_RCC_GetPCLK1Freq                     0x080031b5   Thumb Code    20  stm32f4xx_hal_rcc.o(i.HAL_RCC_GetPCLK1Freq)
    HAL_RCC_GetPCLK2Freq                     0x080031d5   Thumb Code    20  stm32f4xx_hal_rcc.o(i.HAL_RCC_GetPCLK2Freq)
    HAL_RCC_GetSysClockFreq                  0x080031f5   Thumb Code    88  stm32f4xx_hal_rcc.o(i.HAL_RCC_GetSysClockFreq)
    HAL_RCC_OscConfig                        0x08003259   Thumb Code   856  stm32f4xx_hal_rcc.o(i.HAL_RCC_OscConfig)
    HAL_SYSTICK_Config                       0x080035c5   Thumb Code    40  stm32f4xx_hal_cortex.o(i.HAL_SYSTICK_Config)
    HAL_TIMEx_ConfigBreakDeadTime            0x080035ed   Thumb Code    84  stm32f4xx_hal_tim_ex.o(i.HAL_TIMEx_ConfigBreakDeadTime)
    HAL_TIMEx_MasterConfigSynchronization    0x08003641   Thumb Code   116  stm32f4xx_hal_tim_ex.o(i.HAL_TIMEx_MasterConfigSynchronization)
    HAL_TIM_Base_Start                       0x080036d1   Thumb Code    90  stm32f4xx_hal_tim.o(i.HAL_TIM_Base_Start)
    HAL_TIM_MspPostInit                      0x08003749   Thumb Code   112  tim.o(i.HAL_TIM_MspPostInit)
    HAL_TIM_PWM_ConfigChannel                0x080037c9   Thumb Code   204  stm32f4xx_hal_tim.o(i.HAL_TIM_PWM_ConfigChannel)
    HAL_TIM_PWM_Init                         0x08003895   Thumb Code    90  stm32f4xx_hal_tim.o(i.HAL_TIM_PWM_Init)
    HAL_TIM_PWM_MspInit                      0x080038f1   Thumb Code    56  tim.o(i.HAL_TIM_PWM_MspInit)
    HAL_TIM_PWM_Start                        0x08003931   Thumb Code   172  stm32f4xx_hal_tim.o(i.HAL_TIM_PWM_Start)
    HAL_UARTEx_RxEventCallback               0x080039f9   Thumb Code     2  stm32f4xx_hal_uart.o(i.HAL_UARTEx_RxEventCallback)
    HAL_UART_ErrorCallback                   0x080039fb   Thumb Code    14  commu_task.o(i.HAL_UART_ErrorCallback)
    HAL_UART_IRQHandler                      0x08003a09   Thumb Code   610  stm32f4xx_hal_uart.o(i.HAL_UART_IRQHandler)
    HAL_UART_Init                            0x08003c71   Thumb Code    98  stm32f4xx_hal_uart.o(i.HAL_UART_Init)
    HAL_UART_MspInit                         0x08003cd5   Thumb Code   636  usart.o(i.HAL_UART_MspInit)
    HAL_UART_Receive_DMA                     0x08003f79   Thumb Code    42  stm32f4xx_hal_uart.o(i.HAL_UART_Receive_DMA)
    HAL_UART_RxCpltCallback                  0x08003fa5   Thumb Code   144  commu_task.o(i.HAL_UART_RxCpltCallback)
    HAL_UART_RxHalfCpltCallback              0x08004045   Thumb Code     2  stm32f4xx_hal_uart.o(i.HAL_UART_RxHalfCpltCallback)
    HAL_UART_Transmit                        0x08004049   Thumb Code   178  stm32f4xx_hal_uart.o(i.HAL_UART_Transmit)
    HAL_UART_TxCpltCallback                  0x080040fb   Thumb Code     2  stm32f4xx_hal_uart.o(i.HAL_UART_TxCpltCallback)
    HardFault_Handler                        0x080040fd   Thumb Code     2  stm32f4xx_it.o(i.HardFault_Handler)
    MX_CAN1_Init                             0x08004101   Thumb Code    60  can.o(i.MX_CAN1_Init)
    MX_CAN2_Init                             0x08004145   Thumb Code    60  can.o(i.MX_CAN2_Init)
    MX_DMA_Init                              0x08004189   Thumb Code   136  dma.o(i.MX_DMA_Init)
    MX_FREERTOS_Init                         0x08004215   Thumb Code    96  freertos.o(i.MX_FREERTOS_Init)
    MX_GPIO_Init                             0x0800427d   Thumb Code   230  gpio.o(i.MX_GPIO_Init)
    MX_TIM2_Init                             0x08004375   Thumb Code   154  tim.o(i.MX_TIM2_Init)
    MX_TIM8_Init                             0x08004415   Thumb Code   156  tim.o(i.MX_TIM8_Init)
    MX_UART7_Init                            0x080044b9   Thumb Code    48  usart.o(i.MX_UART7_Init)
    MX_UART8_Init                            0x080044f1   Thumb Code    48  usart.o(i.MX_UART8_Init)
    MX_USART6_UART_Init                      0x08004529   Thumb Code    48  usart.o(i.MX_USART6_UART_Init)
    MemManage_Handler                        0x08004561   Thumb Code     2  stm32f4xx_it.o(i.MemManage_Handler)
    NMI_Handler                              0x08004563   Thumb Code     2  stm32f4xx_it.o(i.NMI_Handler)
    PID_ECD_calc                             0x08004565   Thumb Code    46  motor_ctrl.o(i.PID_ECD_calc)
    PID_angle_calc                           0x08004593   Thumb Code    38  chassis_task.o(i.PID_angle_calc)
    PID_calc                                 0x080045b9   Thumb Code   292  pid.o(i.PID_calc)
    PID_init                                 0x080046e1   Thumb Code    88  pid.o(i.PID_init)
    Stract                                   0x0800473d   Thumb Code    30  commu_task.o(i.Stract)
    SysTick_Handler                          0x0800475b   Thumb Code    24  stm32f4xx_it.o(i.SysTick_Handler)
    SystemClock_Config                       0x08004775   Thumb Code   140  main.o(i.SystemClock_Config)
    SystemInit                               0x08004809   Thumb Code    12  system_stm32f4xx.o(i.SystemInit)
    TIM_Base_SetConfig                       0x08004819   Thumb Code   156  stm32f4xx_hal_tim.o(i.TIM_Base_SetConfig)
    TIM_CCxChannelCmd                        0x080048e1   Thumb Code    26  stm32f4xx_hal_tim.o(i.TIM_CCxChannelCmd)
    TIM_OC2_SetConfig                        0x0800495d   Thumb Code    98  stm32f4xx_hal_tim.o(i.TIM_OC2_SetConfig)
    UART7_IRQHandler                         0x08004a81   Thumb Code     6  stm32f4xx_it.o(i.UART7_IRQHandler)
    UART8_IRQHandler                         0x08004a8d   Thumb Code     6  stm32f4xx_it.o(i.UART8_IRQHandler)
    UART_Start_Receive_DMA                   0x08004dc5   Thumb Code   134  stm32f4xx_hal_uart.o(i.UART_Start_Receive_DMA)
    USART6_IRQHandler                        0x08004ed1   Thumb Code     6  stm32f4xx_it.o(i.USART6_IRQHandler)
    Update_position                          0x08004edd   Thumb Code    78  commu_task.o(i.Update_position)
    UsageFault_Handler                       0x08004f39   Thumb Code     2  stm32f4xx_it.o(i.UsageFault_Handler)
    __ARM_fpclassify                         0x08004f3b   Thumb Code    48  fpclassify.o(i.__ARM_fpclassify)
    __hardfp_cos                             0x08004f91   Thumb Code   180  cos.o(i.__hardfp_cos)
    __hardfp_sin                             0x08005059   Thumb Code   180  sin.o(i.__hardfp_sin)
    __ieee754_rem_pio2                       0x08005121   Thumb Code   938  rred.o(i.__ieee754_rem_pio2)
    __kernel_cos                             0x08005559   Thumb Code   322  cos_i.o(i.__kernel_cos)
    __kernel_poly                            0x080056c9   Thumb Code   248  poly.o(i.__kernel_poly)
    __kernel_sin                             0x080057c1   Thumb Code   280  sin_i.o(i.__kernel_sin)
    __mathlib_dbl_infnan                     0x080058f1   Thumb Code    20  dunder.o(i.__mathlib_dbl_infnan)
    __mathlib_dbl_invalid                    0x08005909   Thumb Code    24  dunder.o(i.__mathlib_dbl_invalid)
    __mathlib_dbl_underflow                  0x08005929   Thumb Code    24  dunder.o(i.__mathlib_dbl_underflow)
    _is_digit                                0x08005949   Thumb Code    14  __printf_wp.o(i._is_digit)
    action_to_car                            0x08005959   Thumb Code    38  commu_task.o(i.action_to_car)
    angle_limit                              0x08005985   Thumb Code   274  chassis_task.o(i.angle_limit)
    angle_m6020_init                         0x08005aa9   Thumb Code    84  motor_ctrl.o(i.angle_m6020_init)
    angle_m6020_to_next                      0x08005b19   Thumb Code    20  motor_ctrl.o(i.angle_m6020_to_next)
    can_filter_init                          0x08005b31   Thumb Code    80  bsp_can.o(i.can_filter_init)
    chassis_ctrl                             0x08005b89   Thumb Code    76  chassis_task.o(i.chassis_ctrl)
    chassis_init                             0x08005bd9   Thumb Code    88  chassis_task.o(i.chassis_init)
    chassis_pid_calc                         0x08005c45   Thumb Code   120  chassis_task.o(i.chassis_pid_calc)
    chassis_pid_init                         0x08005ccd   Thumb Code    82  chassis_task.o(i.chassis_pid_init)
    chassis_task                             0x08005d31   Thumb Code    24  chassis_task.o(i.chassis_task)
    chassis_v_to_mecanum_speed               0x08005d49   Thumb Code   160  chassis_task.o(i.chassis_v_to_mecanum_speed)
    cmd_arm_grab_ground                      0x08005e01   Thumb Code   144  servo_task.o(i.cmd_arm_grab_ground)
    cmd_arm_grab_material                    0x08005e99   Thumb Code   150  servo_task.o(i.cmd_arm_grab_material)
    cmd_arm_place_ground                     0x08005f3d   Thumb Code   132  servo_task.o(i.cmd_arm_place_ground)
    cmd_arm_place_stuff                      0x08005fc9   Thumb Code   142  servo_task.o(i.cmd_arm_place_stuff)
    cmd_arm_rst                              0x08006061   Thumb Code    18  servo_task.o(i.cmd_arm_rst)
    cmd_arm_to_code                          0x08006079   Thumb Code    46  servo_task.o(i.cmd_arm_to_code)
    cmd_arm_to_stuff                         0x080060b1   Thumb Code    26  servo_task.o(i.cmd_arm_to_stuff)
    commu_task                               0x080060d5   Thumb Code   278  commu_task.o(i.commu_task)
    commu_task_init                          0x0800622d   Thumb Code    24  commu_task.o(i.commu_task_init)
    deadbond                                 0x08006251   Thumb Code    26  chassis_task.o(i.deadbond)
    decode02                                 0x08006271   Thumb Code    52  commu_task.o(i.decode02)
    decode_action                            0x080062a9   Thumb Code    30  commu_task.o(i.decode_action)
    ecd_format                               0x080062cd   Thumb Code    20  motor_ctrl.o(i.ecd_format)
    ecd_limit                                0x080062e1   Thumb Code    58  motor_ctrl.o(i.ecd_limit)
    encode                                   0x0800631b   Thumb Code    50  commu_task.o(i.encode)
    fabs                                     0x0800634d   Thumb Code    24  fabs.o(i.fabs)
    get_motor_2006_measure_point             0x08006365   Thumb Code    16  can_receive.o(i.get_motor_2006_measure_point)
    get_motor_3508_measure_point             0x08006379   Thumb Code    16  can_receive.o(i.get_motor_3508_measure_point)
    get_motor_6020_measure_point             0x0800638d   Thumb Code    16  can_receive.o(i.get_motor_6020_measure_point)
    give_pid_current_6020                    0x080063a1   Thumb Code   112  motor_ctrl.o(i.give_pid_current_6020)
    goal_to_v                                0x08006419   Thumb Code   428  chassis_task.o(i.goal_to_v)
    m2006_task                               0x08006689   Thumb Code    24  gear_motor_ctrl.o(i.m2006_task)
    main                                     0x080066a1   Thumb Code    76  main.o(i.main)
    my_uart6_enable_inpterr                  0x080067e5   Thumb Code    10  commu_task.o(i.my_uart6_enable_inpterr)
    my_uart8_enable_inpterr                  0x080067f9   Thumb Code    10  commu_task.o(i.my_uart8_enable_inpterr)
    osDelay                                  0x0800680d   Thumb Code    16  cmsis_os.o(i.osDelay)
    osKernelStart                            0x0800681d   Thumb Code    10  cmsis_os.o(i.osKernelStart)
    osThreadCreate                           0x08006827   Thumb Code    92  cmsis_os.o(i.osThreadCreate)
    pvPortMalloc                             0x08006c0d   Thumb Code   224  heap_4.o(i.pvPortMalloc)
    pxPortInitialiseStack                    0x08006cf5   Thumb Code    38  port.o(i.pxPortInitialiseStack)
    refresh_M2006_ctrl                       0x08006d21   Thumb Code    66  gear_motor_ctrl.o(i.refresh_M2006_ctrl)
    servo_angle_ctrl                         0x08006d69   Thumb Code   126  servo.o(i.servo_angle_ctrl)
    servo_init                               0x08006de9   Thumb Code   326  servo.o(i.servo_init)
    servo_task                               0x08006f3d   Thumb Code    88  servo_task.o(i.servo_task)
    set_M2006_current                        0x08006f99   Thumb Code    92  gear_motor_ctrl.o(i.set_M2006_current)
    set_M2006_rotate_rounds                  0x08006ff9   Thumb Code    46  gear_motor_ctrl.o(i.set_M2006_rotate_rounds)
    set_M2006_speed                          0x0800702d   Thumb Code    96  gear_motor_ctrl.o(i.set_M2006_speed)
    startM2006Monitor                        0x08007091   Thumb Code     4  gear_motor_ctrl.o(i.startM2006Monitor)
    uart7_printf                             0x08007095   Thumb Code    54  commu_task.o(i.uart7_printf)
    uart7_tx_dma_enable                      0x080070d9   Thumb Code    86  bsp_usart.o(i.uart7_tx_dma_enable)
    uart8_printf                             0x0800713d   Thumb Code    54  commu_task.o(i.uart8_printf)
    uart8_tx_dma_enable                      0x08007181   Thumb Code    86  bsp_usart.o(i.uart8_tx_dma_enable)
    usart6_tx_dma_enable                     0x080071e5   Thumb Code    88  bsp_usart.o(i.usart6_tx_dma_enable)
    uxListRemove                             0x08007249   Thumb Code    38  list.o(i.uxListRemove)
    vApplicationGetIdleTaskMemory            0x08007271   Thumb Code    16  freertos.o(i.vApplicationGetIdleTaskMemory)
    vListInitialise                          0x08007285   Thumb Code    22  list.o(i.vListInitialise)
    vListInitialiseItem                      0x0800729b   Thumb Code     6  list.o(i.vListInitialiseItem)
    vListInsert                              0x080072a1   Thumb Code    54  list.o(i.vListInsert)
    vListInsertEnd                           0x080072d7   Thumb Code    24  list.o(i.vListInsertEnd)
    vPortEnterCritical                       0x080072f1   Thumb Code    54  port.o(i.vPortEnterCritical)
    vPortExitCritical                        0x08007331   Thumb Code    38  port.o(i.vPortExitCritical)
    vPortFree                                0x0800735d   Thumb Code    94  heap_4.o(i.vPortFree)
    vPortSetupTimerInterrupt                 0x080073c1   Thumb Code    32  port.o(i.vPortSetupTimerInterrupt)
    vTaskDelay                               0x080073e5   Thumb Code    70  tasks.o(i.vTaskDelay)
    vTaskStartScheduler                      0x08007435   Thumb Code   120  tasks.o(i.vTaskStartScheduler)
    vTaskSuspendAll                          0x080074bd   Thumb Code    10  tasks.o(i.vTaskSuspendAll)
    vTaskSwitchContext                       0x080074cd   Thumb Code    86  tasks.o(i.vTaskSwitchContext)
    xPortStartScheduler                      0x0800752d   Thumb Code   232  port.o(i.xPortStartScheduler)
    xPortSysTickHandler                      0x08007631   Thumb Code    38  port.o(i.xPortSysTickHandler)
    xTaskCreate                              0x0800765d   Thumb Code   108  tasks.o(i.xTaskCreate)
    xTaskCreateStatic                        0x080076c9   Thumb Code    96  tasks.o(i.xTaskCreateStatic)
    xTaskGetSchedulerState                   0x08007729   Thumb Code    24  tasks.o(i.xTaskGetSchedulerState)
    xTaskIncrementTick                       0x08007745   Thumb Code   202  tasks.o(i.xTaskIncrementTick)
    xTaskResumeAll                           0x08007819   Thumb Code   190  tasks.o(i.xTaskResumeAll)
    _get_lc_numeric                          0x080078e5   Thumb Code    44  lc_numeric_c.o(locale$$code)
    _get_lc_ctype                            0x08007911   Thumb Code    44  lc_ctype_c.o(locale$$code)
    __aeabi_dneg                             0x0800793d   Thumb Code     0  basic.o(x$fpl$basic)
    _dneg                                    0x0800793d   Thumb Code     6  basic.o(x$fpl$basic)
    __aeabi_fneg                             0x08007943   Thumb Code     0  basic.o(x$fpl$basic)
    _fneg                                    0x08007943   Thumb Code     6  basic.o(x$fpl$basic)
    _dabs                                    0x08007949   Thumb Code     6  basic.o(x$fpl$basic)
    _fabs                                    0x0800794f   Thumb Code     6  basic.o(x$fpl$basic)
    __aeabi_d2f                              0x08007955   Thumb Code     0  d2f.o(x$fpl$d2f)
    _d2f                                     0x08007955   Thumb Code    98  d2f.o(x$fpl$d2f)
    __aeabi_dadd                             0x080079b9   Thumb Code     0  daddsub_clz.o(x$fpl$dadd)
    _dadd                                    0x080079b9   Thumb Code   332  daddsub_clz.o(x$fpl$dadd)
    __fpl_dcmp_Inf                           0x08007b09   Thumb Code    24  dcmpi.o(x$fpl$dcmpinf)
    __aeabi_ddiv                             0x08007b21   Thumb Code     0  ddiv.o(x$fpl$ddiv)
    _ddiv                                    0x08007b21   Thumb Code   552  ddiv.o(x$fpl$ddiv)
    __aeabi_d2iz                             0x08007dd1   Thumb Code     0  dfix.o(x$fpl$dfix)
    _dfix                                    0x08007dd1   Thumb Code    94  dfix.o(x$fpl$dfix)
    __aeabi_i2d                              0x08007e2f   Thumb Code     0  dflt_clz.o(x$fpl$dflt)
    _dflt                                    0x08007e2f   Thumb Code    46  dflt_clz.o(x$fpl$dflt)
    __aeabi_ui2d                             0x08007e5d   Thumb Code     0  dflt_clz.o(x$fpl$dfltu)
    _dfltu                                   0x08007e5d   Thumb Code    38  dflt_clz.o(x$fpl$dfltu)
    __aeabi_cdcmple                          0x08007e85   Thumb Code     0  dleqf.o(x$fpl$dleqf)
    _dcmple                                  0x08007e85   Thumb Code   120  dleqf.o(x$fpl$dleqf)
    __fpl_dcmple_InfNaN                      0x08007ee7   Thumb Code     0  dleqf.o(x$fpl$dleqf)
    __aeabi_dmul                             0x08007efd   Thumb Code     0  dmul.o(x$fpl$dmul)
    _dmul                                    0x08007efd   Thumb Code   332  dmul.o(x$fpl$dmul)
    __fpl_dnaninf                            0x08008051   Thumb Code   156  dnaninf.o(x$fpl$dnaninf)
    __fpl_dretinf                            0x080080ed   Thumb Code    12  dretinf.o(x$fpl$dretinf)
    __aeabi_cdrcmple                         0x080080f9   Thumb Code     0  drleqf.o(x$fpl$drleqf)
    _drcmple                                 0x080080f9   Thumb Code   108  drleqf.o(x$fpl$drleqf)
    __aeabi_drsub                            0x08008165   Thumb Code     0  daddsub_clz.o(x$fpl$drsb)
    _drsb                                    0x08008165   Thumb Code    22  daddsub_clz.o(x$fpl$drsb)
    __aeabi_dsub                             0x0800817d   Thumb Code     0  daddsub_clz.o(x$fpl$dsub)
    _dsub                                    0x0800817d   Thumb Code   464  daddsub_clz.o(x$fpl$dsub)
    __aeabi_f2d                              0x08008351   Thumb Code     0  f2d.o(x$fpl$f2d)
    _f2d                                     0x08008351   Thumb Code    86  f2d.o(x$fpl$f2d)
    __fpl_fnaninf                            0x080083a7   Thumb Code   140  fnaninf.o(x$fpl$fnaninf)
    _fp_init                                 0x08008433   Thumb Code    10  fpinit.o(x$fpl$fpinit)
    __fplib_config_fpu_vfp                   0x0800843b   Thumb Code     0  fpinit.o(x$fpl$fpinit)
    __fplib_config_pureend_doubles           0x0800843b   Thumb Code     0  fpinit.o(x$fpl$fpinit)
    __fpl_fretinf                            0x0800843d   Thumb Code    10  fretinf.o(x$fpl$fretinf)
    _printf_fp_dec                           0x08008447   Thumb Code     4  printf1.o(x$fpl$printf1)
    _printf_fp_hex                           0x0800844b   Thumb Code     4  printf2.o(x$fpl$printf2)
    __I$use$fp                               0x0800844e   Number         0  usenofp.o(x$fpl$usenofp)
    AHBPrescTable                            0x080084c8   Data          16  system_stm32f4xx.o(.constdata)
    APBPrescTable                            0x080084d8   Data           8  system_stm32f4xx.o(.constdata)
    pid_k                                    0x080084e8   Data          12  chassis_task.o(.constdata)
    pid_chassis_v                            0x080084f4   Data          12  chassis_task.o(.constdata)
    pid_chassis_w                            0x08008500   Data          12  chassis_task.o(.constdata)
    pid_6020_angle                           0x0800850c   Data          12  motor_ctrl.o(.constdata)
    pid_6020_speed                           0x08008518   Data          12  motor_ctrl.o(.constdata)
    Region$$Table$$Base                      0x08008774   Number         0  anon$$obj.o(Region$$Table)
    Region$$Table$$Limit                     0x08008794   Number         0  anon$$obj.o(Region$$Table)
    __ctype                                  0x080087bd   Data           0  lc_ctype_c.o(locale$$data)
    commuTaskHandle                          0x20000000   Data           4  freertos.o(.data)
    servoTaskHandle                          0x20000004   Data           4  freertos.o(.data)
    chassisTaskHandle                        0x20000008   Data           4  freertos.o(.data)
    m2006TaskHandle                          0x2000000c   Data           4  freertos.o(.data)
    uwTickFreq                               0x20000014   Data           1  stm32f4xx_hal.o(.data)
    uwTickPrio                               0x20000018   Data           4  stm32f4xx_hal.o(.data)
    uwTick                                   0x2000001c   Data           4  stm32f4xx_hal.o(.data)
    SystemCoreClock                          0x20000020   Data           4  system_stm32f4xx.o(.data)
    pxCurrentTCB                             0x20000024   Data           4  tasks.o(.data)
    my_arm                                   0x20000090   Data           1  commu_task.o(.data)
    rising_falling_flag                      0x20000091   Data           1  commu_task.o(.data)
    rising_falling_flag1                     0x20000092   Data           1  commu_task.o(.data)
    action_count                             0x20000098   Data           4  commu_task.o(.data)
    rx_data                                  0x200000c0   Data           8  can_receive.o(.data)
    chassis_can_send_data                    0x200000c8   Data           8  can_receive.o(.data)
    motor_2006_can_send_data                 0x200000d0   Data           8  can_receive.o(.data)
    motor_can_send_data                      0x200000d8   Data           8  can_receive.o(.data)
    cnt                                      0x200000e0   Data           1  motor_ctrl.o(.data)
    motor_6020                               0x200000e4   Data           4  motor_ctrl.o(.data)
    pid_m2006                                0x200000f0   Data          24  gear_motor_ctrl.o(.data)
    angle_pid_m2006                          0x20000108   Data          24  gear_motor_ctrl.o(.data)
    hcan1                                    0x20000374   Data          40  can.o(.bss)
    hcan2                                    0x2000039c   Data          40  can.o(.bss)
    htim2                                    0x200003c4   Data          72  tim.o(.bss)
    htim8                                    0x2000040c   Data          72  tim.o(.bss)
    huart7                                   0x20000454   Data          68  usart.o(.bss)
    huart8                                   0x20000498   Data          68  usart.o(.bss)
    huart6                                   0x200004dc   Data          68  usart.o(.bss)
    hdma_uart7_tx                            0x20000520   Data          96  usart.o(.bss)
    hdma_uart7_rx                            0x20000580   Data          96  usart.o(.bss)
    hdma_uart8_rx                            0x200005e0   Data          96  usart.o(.bss)
    hdma_uart8_tx                            0x20000640   Data          96  usart.o(.bss)
    hdma_usart6_rx                           0x200006a0   Data          96  usart.o(.bss)
    hdma_usart6_tx                           0x20000700   Data          96  usart.o(.bss)
    servo                                    0x20004450   Data         640  servo.o(.bss)
    my_uart8_redata                          0x200048d0   Data         100  commu_task.o(.bss)
    my_uart6_redata                          0x20004934   Data          40  commu_task.o(.bss)
    my_action_data                           0x2000495c   Data          24  commu_task.o(.bss)
    my_move                                  0x20004974   Data          12  commu_task.o(.bss)
    my_car_data                              0x20004980   Data          16  commu_task.o(.bss)
    chassis_motor                            0x200049b0   Data          16  chassis_task.o(.bss)
    chassis_v_pid                            0x200049c0   Data         144  chassis_task.o(.bss)
    chassis_w_pid                            0x20004a50   Data          72  chassis_task.o(.bss)
    v                                        0x20004a98   Data          12  chassis_task.o(.bss)
    v_tmp                                    0x20004aa4   Data          12  chassis_task.o(.bss)
    pid                                      0x20004ab0   Data         288  chassis_task.o(.bss)
    chassis_tx_message                       0x20004c20   Data          24  can_receive.o(.bss)
    motor_2006_tx_message                    0x20004c38   Data          24  can_receive.o(.bss)
    motor_tx_message                         0x20004c50   Data          24  can_receive.o(.bss)
    pid_angle_6020                           0x20004c68   Data          72  motor_ctrl.o(.bss)
    pid_speed_6020                           0x20004cb0   Data          72  motor_ctrl.o(.bss)
    M2006Ctrl                                0x20004cf8   Data         704  gear_motor_ctrl.o(.bss)
    __libspace_start                         0x20004fb8   Data          96  libspace.o(.bss)
    __temporary_stack_top$libspace           0x20005018   Data           0  libspace.o(.bss)



==============================================================================

Memory Map of the image

  Image Entry point : 0x080001ad

  Load Region LR_IROM1 (Base: 0x08000000, Size: 0x000089e0, Max: 0x00200000, ABSOLUTE)

    Execution Region ER_IROM1 (Exec base: 0x08000000, Load base: 0x08000000, Size: 0x000088c0, Max: 0x00200000, ABSOLUTE)

    Exec Addr    Load Addr    Size         Type   Attr      Idx    E Section Name        Object

    0x08000000   0x08000000   0x000001ac   Data   RO            3    RESET               startup_stm32f427xx.o
    0x080001ac   0x080001ac   0x00000008   Code   RO         5956  * !!!main             c_w.l(__main.o)
    0x080001b4   0x080001b4   0x00000034   Code   RO         6398    !!!scatter          c_w.l(__scatter.o)
    0x080001e8   0x080001e8   0x0000001a   Code   RO         6400    !!handler_copy      c_w.l(__scatter_copy.o)
    0x08000202   0x08000202   0x00000002   PAD
    0x08000204   0x08000204   0x0000001c   Code   RO         6402    !!handler_zi        c_w.l(__scatter_zi.o)
    0x08000220   0x08000220   0x00000000   Code   RO         6090    .ARM.Collect$$_printf_percent$$00000000  c_w.l(_printf_percent.o)
    0x08000220   0x08000220   0x00000006   Code   RO         6079    .ARM.Collect$$_printf_percent$$00000001  c_w.l(_printf_n.o)
    0x08000226   0x08000226   0x00000006   Code   RO         6081    .ARM.Collect$$_printf_percent$$00000002  c_w.l(_printf_p.o)
    0x0800022c   0x0800022c   0x00000006   Code   RO         6086    .ARM.Collect$$_printf_percent$$00000003  c_w.l(_printf_f.o)
    0x08000232   0x08000232   0x00000006   Code   RO         6087    .ARM.Collect$$_printf_percent$$00000004  c_w.l(_printf_e.o)
    0x08000238   0x08000238   0x00000006   Code   RO         6088    .ARM.Collect$$_printf_percent$$00000005  c_w.l(_printf_g.o)
    0x0800023e   0x0800023e   0x00000006   Code   RO         6089    .ARM.Collect$$_printf_percent$$00000006  c_w.l(_printf_a.o)
    0x08000244   0x08000244   0x0000000a   Code   RO         6094    .ARM.Collect$$_printf_percent$$00000007  c_w.l(_printf_ll.o)
    0x0800024e   0x0800024e   0x00000006   Code   RO         6083    .ARM.Collect$$_printf_percent$$00000008  c_w.l(_printf_i.o)
    0x08000254   0x08000254   0x00000006   Code   RO         6084    .ARM.Collect$$_printf_percent$$00000009  c_w.l(_printf_d.o)
    0x0800025a   0x0800025a   0x00000006   Code   RO         6085    .ARM.Collect$$_printf_percent$$0000000A  c_w.l(_printf_u.o)
    0x08000260   0x08000260   0x00000006   Code   RO         6082    .ARM.Collect$$_printf_percent$$0000000B  c_w.l(_printf_o.o)
    0x08000266   0x08000266   0x00000006   Code   RO         6080    .ARM.Collect$$_printf_percent$$0000000C  c_w.l(_printf_x.o)
    0x0800026c   0x0800026c   0x00000006   Code   RO         6091    .ARM.Collect$$_printf_percent$$0000000D  c_w.l(_printf_lli.o)
    0x08000272   0x08000272   0x00000006   Code   RO         6092    .ARM.Collect$$_printf_percent$$0000000E  c_w.l(_printf_lld.o)
    0x08000278   0x08000278   0x00000006   Code   RO         6093    .ARM.Collect$$_printf_percent$$0000000F  c_w.l(_printf_llu.o)
    0x0800027e   0x0800027e   0x00000006   Code   RO         6098    .ARM.Collect$$_printf_percent$$00000010  c_w.l(_printf_llo.o)
    0x08000284   0x08000284   0x00000006   Code   RO         6099    .ARM.Collect$$_printf_percent$$00000011  c_w.l(_printf_llx.o)
    0x0800028a   0x0800028a   0x0000000a   Code   RO         6095    .ARM.Collect$$_printf_percent$$00000012  c_w.l(_printf_l.o)
    0x08000294   0x08000294   0x00000006   Code   RO         6077    .ARM.Collect$$_printf_percent$$00000013  c_w.l(_printf_c.o)
    0x0800029a   0x0800029a   0x00000006   Code   RO         6078    .ARM.Collect$$_printf_percent$$00000014  c_w.l(_printf_s.o)
    0x080002a0   0x080002a0   0x00000006   Code   RO         6096    .ARM.Collect$$_printf_percent$$00000015  c_w.l(_printf_lc.o)
    0x080002a6   0x080002a6   0x00000006   Code   RO         6097    .ARM.Collect$$_printf_percent$$00000016  c_w.l(_printf_ls.o)
    0x080002ac   0x080002ac   0x00000004   Code   RO         6188    .ARM.Collect$$_printf_percent$$00000017  c_w.l(_printf_percent_end.o)
    0x080002b0   0x080002b0   0x00000002   Code   RO         6264    .ARM.Collect$$libinit$$00000000  c_w.l(libinit.o)
    0x080002b2   0x080002b2   0x00000004   Code   RO         6280    .ARM.Collect$$libinit$$00000001  c_w.l(libinit2.o)
    0x080002b6   0x080002b6   0x00000000   Code   RO         6283    .ARM.Collect$$libinit$$00000004  c_w.l(libinit2.o)
    0x080002b6   0x080002b6   0x00000000   Code   RO         6286    .ARM.Collect$$libinit$$0000000A  c_w.l(libinit2.o)
    0x080002b6   0x080002b6   0x00000000   Code   RO         6288    .ARM.Collect$$libinit$$0000000C  c_w.l(libinit2.o)
    0x080002b6   0x080002b6   0x00000000   Code   RO         6290    .ARM.Collect$$libinit$$0000000E  c_w.l(libinit2.o)
    0x080002b6   0x080002b6   0x00000006   Code   RO         6291    .ARM.Collect$$libinit$$0000000F  c_w.l(libinit2.o)
    0x080002bc   0x080002bc   0x00000000   Code   RO         6293    .ARM.Collect$$libinit$$00000011  c_w.l(libinit2.o)
    0x080002bc   0x080002bc   0x0000000c   Code   RO         6294    .ARM.Collect$$libinit$$00000012  c_w.l(libinit2.o)
    0x080002c8   0x080002c8   0x00000000   Code   RO         6295    .ARM.Collect$$libinit$$00000013  c_w.l(libinit2.o)
    0x080002c8   0x080002c8   0x00000000   Code   RO         6297    .ARM.Collect$$libinit$$00000015  c_w.l(libinit2.o)
    0x080002c8   0x080002c8   0x0000000a   Code   RO         6298    .ARM.Collect$$libinit$$00000016  c_w.l(libinit2.o)
    0x080002d2   0x080002d2   0x00000000   Code   RO         6299    .ARM.Collect$$libinit$$00000017  c_w.l(libinit2.o)
    0x080002d2   0x080002d2   0x00000000   Code   RO         6301    .ARM.Collect$$libinit$$00000019  c_w.l(libinit2.o)
    0x080002d2   0x080002d2   0x00000000   Code   RO         6303    .ARM.Collect$$libinit$$0000001B  c_w.l(libinit2.o)
    0x080002d2   0x080002d2   0x00000000   Code   RO         6305    .ARM.Collect$$libinit$$0000001D  c_w.l(libinit2.o)
    0x080002d2   0x080002d2   0x00000000   Code   RO         6307    .ARM.Collect$$libinit$$0000001F  c_w.l(libinit2.o)
    0x080002d2   0x080002d2   0x00000000   Code   RO         6309    .ARM.Collect$$libinit$$00000021  c_w.l(libinit2.o)
    0x080002d2   0x080002d2   0x00000000   Code   RO         6311    .ARM.Collect$$libinit$$00000023  c_w.l(libinit2.o)
    0x080002d2   0x080002d2   0x00000000   Code   RO         6313    .ARM.Collect$$libinit$$00000025  c_w.l(libinit2.o)
    0x080002d2   0x080002d2   0x00000000   Code   RO         6317    .ARM.Collect$$libinit$$0000002C  c_w.l(libinit2.o)
    0x080002d2   0x080002d2   0x00000000   Code   RO         6319    .ARM.Collect$$libinit$$0000002E  c_w.l(libinit2.o)
    0x080002d2   0x080002d2   0x00000000   Code   RO         6321    .ARM.Collect$$libinit$$00000030  c_w.l(libinit2.o)
    0x080002d2   0x080002d2   0x00000000   Code   RO         6323    .ARM.Collect$$libinit$$00000032  c_w.l(libinit2.o)
    0x080002d2   0x080002d2   0x00000002   Code   RO         6324    .ARM.Collect$$libinit$$00000033  c_w.l(libinit2.o)
    0x080002d4   0x080002d4   0x00000002   Code   RO         6355    .ARM.Collect$$libshutdown$$00000000  c_w.l(libshutdown.o)
    0x080002d6   0x080002d6   0x00000000   Code   RO         6381    .ARM.Collect$$libshutdown$$00000002  c_w.l(libshutdown2.o)
    0x080002d6   0x080002d6   0x00000000   Code   RO         6383    .ARM.Collect$$libshutdown$$00000004  c_w.l(libshutdown2.o)
    0x080002d6   0x080002d6   0x00000000   Code   RO         6386    .ARM.Collect$$libshutdown$$00000007  c_w.l(libshutdown2.o)
    0x080002d6   0x080002d6   0x00000000   Code   RO         6389    .ARM.Collect$$libshutdown$$0000000A  c_w.l(libshutdown2.o)
    0x080002d6   0x080002d6   0x00000000   Code   RO         6391    .ARM.Collect$$libshutdown$$0000000C  c_w.l(libshutdown2.o)
    0x080002d6   0x080002d6   0x00000000   Code   RO         6394    .ARM.Collect$$libshutdown$$0000000F  c_w.l(libshutdown2.o)
    0x080002d6   0x080002d6   0x00000002   Code   RO         6395    .ARM.Collect$$libshutdown$$00000010  c_w.l(libshutdown2.o)
    0x080002d8   0x080002d8   0x00000000   Code   RO         6002    .ARM.Collect$$rtentry$$00000000  c_w.l(__rtentry.o)
    0x080002d8   0x080002d8   0x00000000   Code   RO         6152    .ARM.Collect$$rtentry$$00000002  c_w.l(__rtentry2.o)
    0x080002d8   0x080002d8   0x00000006   Code   RO         6164    .ARM.Collect$$rtentry$$00000004  c_w.l(__rtentry4.o)
    0x080002de   0x080002de   0x00000000   Code   RO         6154    .ARM.Collect$$rtentry$$00000009  c_w.l(__rtentry2.o)
    0x080002de   0x080002de   0x00000004   Code   RO         6155    .ARM.Collect$$rtentry$$0000000A  c_w.l(__rtentry2.o)
    0x080002e2   0x080002e2   0x00000000   Code   RO         6157    .ARM.Collect$$rtentry$$0000000C  c_w.l(__rtentry2.o)
    0x080002e2   0x080002e2   0x00000008   Code   RO         6158    .ARM.Collect$$rtentry$$0000000D  c_w.l(__rtentry2.o)
    0x080002ea   0x080002ea   0x00000002   Code   RO         6267    .ARM.Collect$$rtexit$$00000000  c_w.l(rtexit.o)
    0x080002ec   0x080002ec   0x00000000   Code   RO         6328    .ARM.Collect$$rtexit$$00000002  c_w.l(rtexit2.o)
    0x080002ec   0x080002ec   0x00000004   Code   RO         6329    .ARM.Collect$$rtexit$$00000003  c_w.l(rtexit2.o)
    0x080002f0   0x080002f0   0x00000006   Code   RO         6330    .ARM.Collect$$rtexit$$00000004  c_w.l(rtexit2.o)
    0x080002f6   0x080002f6   0x00000002   PAD
    0x080002f8   0x080002f8   0x000000be   Code   RO         4740    .emb_text           port.o
    0x080003b6   0x080003b6   0x00000002   PAD
    0x080003b8   0x080003b8   0x00000040   Code   RO            4    .text               startup_stm32f427xx.o
    0x080003f8   0x080003f8   0x000000ee   Code   RO         5942    .text               c_w.l(lludivv7m.o)
    0x080004e6   0x080004e6   0x00000002   PAD
    0x080004e8   0x080004e8   0x00000024   Code   RO         5944    .text               c_w.l(vsprintf.o)
    0x0800050c   0x0800050c   0x00000064   Code   RO         5948    .text               c_w.l(rt_memcpy_w.o)
    0x08000570   0x08000570   0x0000004e   Code   RO         5952    .text               c_w.l(rt_memclr_w.o)
    0x080005be   0x080005be   0x00000006   Code   RO         5954    .text               c_w.l(heapauxi.o)
    0x080005c4   0x080005c4   0x00000016   Code   RO         6007    .text               c_w.l(_rserrno.o)
    0x080005da   0x080005da   0x0000004e   Code   RO         6011    .text               c_w.l(_printf_pad.o)
    0x08000628   0x08000628   0x00000024   Code   RO         6013    .text               c_w.l(_printf_truncate.o)
    0x0800064c   0x0800064c   0x00000052   Code   RO         6015    .text               c_w.l(_printf_str.o)
    0x0800069e   0x0800069e   0x00000002   PAD
    0x080006a0   0x080006a0   0x00000078   Code   RO         6017    .text               c_w.l(_printf_dec.o)
    0x08000718   0x08000718   0x00000028   Code   RO         6019    .text               c_w.l(_printf_charcount.o)
    0x08000740   0x08000740   0x00000030   Code   RO         6021    .text               c_w.l(_printf_char_common.o)
    0x08000770   0x08000770   0x0000000a   Code   RO         6023    .text               c_w.l(_sputc.o)
    0x0800077a   0x0800077a   0x00000002   PAD
    0x0800077c   0x0800077c   0x000000bc   Code   RO         6025    .text               c_w.l(_printf_wctomb.o)
    0x08000838   0x08000838   0x0000007c   Code   RO         6028    .text               c_w.l(_printf_longlong_dec.o)
    0x080008b4   0x080008b4   0x00000070   Code   RO         6034    .text               c_w.l(_printf_oct_int_ll.o)
    0x08000924   0x08000924   0x00000094   Code   RO         6054    .text               c_w.l(_printf_hex_int_ll_ptr.o)
    0x080009b8   0x080009b8   0x00000188   Code   RO         6074    .text               c_w.l(__printf_flags_ss_wp.o)
    0x08000b40   0x08000b40   0x00000008   Code   RO         6171    .text               c_w.l(rt_errno_addr_intlibspace.o)
    0x08000b48   0x08000b48   0x0000008a   Code   RO         6173    .text               c_w.l(lludiv10.o)
    0x08000bd2   0x08000bd2   0x000000b2   Code   RO         6175    .text               c_w.l(_printf_intcommon.o)
    0x08000c84   0x08000c84   0x0000041e   Code   RO         6177    .text               c_w.l(_printf_fp_dec.o)
    0x080010a2   0x080010a2   0x00000002   PAD
    0x080010a4   0x080010a4   0x000002fc   Code   RO         6179    .text               c_w.l(_printf_fp_hex.o)
    0x080013a0   0x080013a0   0x0000002c   Code   RO         6184    .text               c_w.l(_printf_char.o)
    0x080013cc   0x080013cc   0x0000002c   Code   RO         6186    .text               c_w.l(_printf_wchar.o)
    0x080013f8   0x080013f8   0x00000040   Code   RO         6189    .text               c_w.l(_wcrtomb.o)
    0x08001438   0x08001438   0x00000008   Code   RO         6211    .text               c_w.l(libspace.o)
    0x08001440   0x08001440   0x0000004a   Code   RO         6214    .text               c_w.l(sys_stackheap_outer.o)
    0x0800148a   0x0800148a   0x00000002   PAD
    0x0800148c   0x0800148c   0x00000010   Code   RO         6216    .text               c_w.l(rt_ctype_table.o)
    0x0800149c   0x0800149c   0x00000008   Code   RO         6221    .text               c_w.l(rt_locale_intlibspace.o)
    0x080014a4   0x080014a4   0x00000080   Code   RO         6223    .text               c_w.l(_printf_fp_infnan.o)
    0x08001524   0x08001524   0x000000e4   Code   RO         6225    .text               c_w.l(bigflt0.o)
    0x08001608   0x08001608   0x00000012   Code   RO         6253    .text               c_w.l(exit.o)
    0x0800161a   0x0800161a   0x00000002   PAD
    0x0800161c   0x0800161c   0x00000080   Code   RO         6278    .text               c_w.l(strcmpv7m.o)
    0x0800169c   0x0800169c   0x0000000c   Code   RO         6325    .text               c_w.l(sys_exit.o)
    0x080016a8   0x080016a8   0x00000002   Code   RO         6344    .text               c_w.l(use_no_semi.o)
    0x080016aa   0x080016aa   0x00000000   Code   RO         6346    .text               c_w.l(indicate_semi.o)
    0x080016aa   0x080016aa   0x0000003e   Code   RO         6228    CL$$btod_d2e        c_w.l(btod.o)
    0x080016e8   0x080016e8   0x00000046   Code   RO         6230    CL$$btod_d2e_denorm_low  c_w.l(btod.o)
    0x0800172e   0x0800172e   0x00000060   Code   RO         6229    CL$$btod_d2e_norm_op1  c_w.l(btod.o)
    0x0800178e   0x0800178e   0x00000338   Code   RO         6238    CL$$btod_div_common  c_w.l(btod.o)
    0x08001ac6   0x08001ac6   0x000000dc   Code   RO         6235    CL$$btod_e2e        c_w.l(btod.o)
    0x08001ba2   0x08001ba2   0x0000002a   Code   RO         6232    CL$$btod_ediv       c_w.l(btod.o)
    0x08001bcc   0x08001bcc   0x0000002a   Code   RO         6231    CL$$btod_emul       c_w.l(btod.o)
    0x08001bf6   0x08001bf6   0x00000244   Code   RO         6237    CL$$btod_mult_common  c_w.l(btod.o)
    0x08001e3a   0x08001e3a   0x00000002   Code   RO          520    i.BusFault_Handler  stm32f4xx_it.o
    0x08001e3c   0x08001e3c   0x0000000c   Code   RO          521    i.CAN1_RX0_IRQHandler  stm32f4xx_it.o
    0x08001e48   0x08001e48   0x0000000c   Code   RO          522    i.CAN2_RX0_IRQHandler  stm32f4xx_it.o
    0x08001e54   0x08001e54   0x00000048   Code   RO         5401    i.CAN_angleControl  can_cmd_all.o
    0x08001e9c   0x08001e9c   0x00000048   Code   RO         5402    i.CAN_cmd_2006      can_cmd_all.o
    0x08001ee4   0x08001ee4   0x00000048   Code   RO         5403    i.CAN_cmd_6020      can_cmd_all.o
    0x08001f2c   0x08001f2c   0x00000048   Code   RO         5404    i.CAN_cmd_chassis   can_cmd_all.o
    0x08001f74   0x08001f74   0x00000048   Code   RO         5405    i.CAN_delta_angleControl  can_cmd_all.o
    0x08001fbc   0x08001fbc   0x0000000c   Code   RO          523    i.DMA1_Stream0_IRQHandler  stm32f4xx_it.o
    0x08001fc8   0x08001fc8   0x0000000c   Code   RO          524    i.DMA1_Stream1_IRQHandler  stm32f4xx_it.o
    0x08001fd4   0x08001fd4   0x0000000c   Code   RO          525    i.DMA1_Stream3_IRQHandler  stm32f4xx_it.o
    0x08001fe0   0x08001fe0   0x0000000c   Code   RO          526    i.DMA1_Stream6_IRQHandler  stm32f4xx_it.o
    0x08001fec   0x08001fec   0x0000000c   Code   RO          527    i.DMA2_Stream1_IRQHandler  stm32f4xx_it.o
    0x08001ff8   0x08001ff8   0x0000000c   Code   RO          528    i.DMA2_Stream6_IRQHandler  stm32f4xx_it.o
    0x08002004   0x08002004   0x00000028   Code   RO         1431    i.DMA_CalcBaseAndBitshift  stm32f4xx_hal_dma.o
    0x0800202c   0x0800202c   0x00000054   Code   RO         1432    i.DMA_CheckFifoParam  stm32f4xx_hal_dma.o
    0x08002080   0x08002080   0x00000028   Code   RO         1433    i.DMA_SetConfig     stm32f4xx_hal_dma.o
    0x080020a8   0x080020a8   0x00000002   Code   RO          529    i.DebugMon_Handler  stm32f4xx_it.o
    0x080020aa   0x080020aa   0x00000002   PAD
    0x080020ac   0x080020ac   0x00000022   Code   RO         5836    i.ECDFormat         gear_motor_ctrl.o
    0x080020ce   0x080020ce   0x00000006   Code   RO          530    i.EXTI0_IRQHandler  stm32f4xx_it.o
    0x080020d4   0x080020d4   0x00000006   Code   RO          531    i.EXTI2_IRQHandler  stm32f4xx_it.o
    0x080020da   0x080020da   0x00000004   Code   RO           13    i.Error_Handler     main.o
    0x080020de   0x080020de   0x00000024   Code   RO          687    i.HAL_CAN_ActivateNotification  stm32f4xx_hal_can.o
    0x08002102   0x08002102   0x000000c8   Code   RO          688    i.HAL_CAN_AddTxMessage  stm32f4xx_hal_can.o
    0x080021ca   0x080021ca   0x00000002   PAD
    0x080021cc   0x080021cc   0x0000010c   Code   RO          689    i.HAL_CAN_ConfigFilter  stm32f4xx_hal_can.o
    0x080022d8   0x080022d8   0x00000002   Code   RO          692    i.HAL_CAN_ErrorCallback  stm32f4xx_hal_can.o
    0x080022da   0x080022da   0x000000e8   Code   RO          695    i.HAL_CAN_GetRxMessage  stm32f4xx_hal_can.o
    0x080023c2   0x080023c2   0x000001fc   Code   RO          699    i.HAL_CAN_IRQHandler  stm32f4xx_hal_can.o
    0x080025be   0x080025be   0x0000011a   Code   RO          700    i.HAL_CAN_Init      stm32f4xx_hal_can.o
    0x080026d8   0x080026d8   0x000000fc   Code   RO          340    i.HAL_CAN_MspInit   can.o
    0x080027d4   0x080027d4   0x00000002   Code   RO          707    i.HAL_CAN_RxFifo0FullCallback  stm32f4xx_hal_can.o
    0x080027d6   0x080027d6   0x00000002   PAD
    0x080027d8   0x080027d8   0x000000d0   Code   RO         5322    i.HAL_CAN_RxFifo0MsgPendingCallback  can_receive.o
    0x080028a8   0x080028a8   0x00000002   Code   RO          709    i.HAL_CAN_RxFifo1FullCallback  stm32f4xx_hal_can.o
    0x080028aa   0x080028aa   0x00000002   Code   RO          710    i.HAL_CAN_RxFifo1MsgPendingCallback  stm32f4xx_hal_can.o
    0x080028ac   0x080028ac   0x00000002   Code   RO          711    i.HAL_CAN_SleepCallback  stm32f4xx_hal_can.o
    0x080028ae   0x080028ae   0x00000002   PAD
    0x080028b0   0x080028b0   0x00000058   Code   RO          712    i.HAL_CAN_Start     stm32f4xx_hal_can.o
    0x08002908   0x08002908   0x00000002   Code   RO          714    i.HAL_CAN_TxMailbox0AbortCallback  stm32f4xx_hal_can.o
    0x0800290a   0x0800290a   0x00000002   Code   RO          715    i.HAL_CAN_TxMailbox0CompleteCallback  stm32f4xx_hal_can.o
    0x0800290c   0x0800290c   0x00000002   Code   RO          716    i.HAL_CAN_TxMailbox1AbortCallback  stm32f4xx_hal_can.o
    0x0800290e   0x0800290e   0x00000002   Code   RO          717    i.HAL_CAN_TxMailbox1CompleteCallback  stm32f4xx_hal_can.o
    0x08002910   0x08002910   0x00000002   Code   RO          718    i.HAL_CAN_TxMailbox2AbortCallback  stm32f4xx_hal_can.o
    0x08002912   0x08002912   0x00000002   Code   RO          719    i.HAL_CAN_TxMailbox2CompleteCallback  stm32f4xx_hal_can.o
    0x08002914   0x08002914   0x00000002   Code   RO          721    i.HAL_CAN_WakeUpFromRxMsgCallback  stm32f4xx_hal_can.o
    0x08002916   0x08002916   0x00000092   Code   RO         1434    i.HAL_DMA_Abort     stm32f4xx_hal_dma.o
    0x080029a8   0x080029a8   0x00000024   Code   RO         1435    i.HAL_DMA_Abort_IT  stm32f4xx_hal_dma.o
    0x080029cc   0x080029cc   0x000001a0   Code   RO         1439    i.HAL_DMA_IRQHandler  stm32f4xx_hal_dma.o
    0x08002b6c   0x08002b6c   0x000000d4   Code   RO         1440    i.HAL_DMA_Init      stm32f4xx_hal_dma.o
    0x08002c40   0x08002c40   0x0000006e   Code   RO         1444    i.HAL_DMA_Start_IT  stm32f4xx_hal_dma.o
    0x08002cae   0x08002cae   0x00000002   PAD
    0x08002cb0   0x08002cb0   0x00000024   Code   RO         1871    i.HAL_Delay         stm32f4xx_hal.o
    0x08002cd4   0x08002cd4   0x00000002   Code   RO         1325    i.HAL_GPIO_EXTI_Callback  stm32f4xx_hal_gpio.o
    0x08002cd6   0x08002cd6   0x00000002   PAD
    0x08002cd8   0x08002cd8   0x00000018   Code   RO         1326    i.HAL_GPIO_EXTI_IRQHandler  stm32f4xx_hal_gpio.o
    0x08002cf0   0x08002cf0   0x00000234   Code   RO         1327    i.HAL_GPIO_Init     stm32f4xx_hal_gpio.o
    0x08002f24   0x08002f24   0x0000000a   Code   RO         1329    i.HAL_GPIO_ReadPin  stm32f4xx_hal_gpio.o
    0x08002f2e   0x08002f2e   0x0000000a   Code   RO         1331    i.HAL_GPIO_WritePin  stm32f4xx_hal_gpio.o
    0x08002f38   0x08002f38   0x0000000c   Code   RO         1879    i.HAL_GetTick       stm32f4xx_hal.o
    0x08002f44   0x08002f44   0x00000010   Code   RO         1885    i.HAL_IncTick       stm32f4xx_hal.o
    0x08002f54   0x08002f54   0x00000034   Code   RO         1886    i.HAL_Init          stm32f4xx_hal.o
    0x08002f88   0x08002f88   0x00000040   Code   RO         1887    i.HAL_InitTick      stm32f4xx_hal.o
    0x08002fc8   0x08002fc8   0x00000038   Code   RO          662    i.HAL_MspInit       stm32f4xx_hal_msp.o
    0x08003000   0x08003000   0x0000001a   Code   RO         1734    i.HAL_NVIC_EnableIRQ  stm32f4xx_hal_cortex.o
    0x0800301a   0x0800301a   0x00000002   PAD
    0x0800301c   0x0800301c   0x00000040   Code   RO         1740    i.HAL_NVIC_SetPriority  stm32f4xx_hal_cortex.o
    0x0800305c   0x0800305c   0x00000024   Code   RO         1741    i.HAL_NVIC_SetPriorityGrouping  stm32f4xx_hal_cortex.o
    0x08003080   0x08003080   0x00000134   Code   RO          921    i.HAL_RCC_ClockConfig  stm32f4xx_hal_rcc.o
    0x080031b4   0x080031b4   0x00000020   Code   RO          928    i.HAL_RCC_GetPCLK1Freq  stm32f4xx_hal_rcc.o
    0x080031d4   0x080031d4   0x00000020   Code   RO          929    i.HAL_RCC_GetPCLK2Freq  stm32f4xx_hal_rcc.o
    0x080031f4   0x080031f4   0x00000064   Code   RO          930    i.HAL_RCC_GetSysClockFreq  stm32f4xx_hal_rcc.o
    0x08003258   0x08003258   0x0000036c   Code   RO          933    i.HAL_RCC_OscConfig  stm32f4xx_hal_rcc.o
    0x080035c4   0x080035c4   0x00000028   Code   RO         1745    i.HAL_SYSTICK_Config  stm32f4xx_hal_cortex.o
    0x080035ec   0x080035ec   0x00000054   Code   RO         2843    i.HAL_TIMEx_ConfigBreakDeadTime  stm32f4xx_hal_tim_ex.o
    0x08003640   0x08003640   0x00000090   Code   RO         2859    i.HAL_TIMEx_MasterConfigSynchronization  stm32f4xx_hal_tim_ex.o
    0x080036d0   0x080036d0   0x00000078   Code   RO         2139    i.HAL_TIM_Base_Start  stm32f4xx_hal_tim.o
    0x08003748   0x08003748   0x00000080   Code   RO          412    i.HAL_TIM_MspPostInit  tim.o
    0x080037c8   0x080037c8   0x000000cc   Code   RO         2208    i.HAL_TIM_PWM_ConfigChannel  stm32f4xx_hal_tim.o
    0x08003894   0x08003894   0x0000005a   Code   RO         2211    i.HAL_TIM_PWM_Init  stm32f4xx_hal_tim.o
    0x080038ee   0x080038ee   0x00000002   PAD
    0x080038f0   0x080038f0   0x00000040   Code   RO          414    i.HAL_TIM_PWM_MspInit  tim.o
    0x08003930   0x08003930   0x000000c8   Code   RO         2216    i.HAL_TIM_PWM_Start  stm32f4xx_hal_tim.o
    0x080039f8   0x080039f8   0x00000002   Code   RO         3118    i.HAL_UARTEx_RxEventCallback  stm32f4xx_hal_uart.o
    0x080039fa   0x080039fa   0x0000000e   Code   RO         4993    i.HAL_UART_ErrorCallback  commu_task.o
    0x08003a08   0x08003a08   0x00000268   Code   RO         3135    i.HAL_UART_IRQHandler  stm32f4xx_hal_uart.o
    0x08003c70   0x08003c70   0x00000062   Code   RO         3136    i.HAL_UART_Init     stm32f4xx_hal_uart.o
    0x08003cd2   0x08003cd2   0x00000002   PAD
    0x08003cd4   0x08003cd4   0x000002a4   Code   RO          467    i.HAL_UART_MspInit  usart.o
    0x08003f78   0x08003f78   0x0000002a   Code   RO         3140    i.HAL_UART_Receive_DMA  stm32f4xx_hal_uart.o
    0x08003fa2   0x08003fa2   0x00000002   PAD
    0x08003fa4   0x08003fa4   0x000000a0   Code   RO         4994    i.HAL_UART_RxCpltCallback  commu_task.o
    0x08004044   0x08004044   0x00000002   Code   RO         3143    i.HAL_UART_RxHalfCpltCallback  stm32f4xx_hal_uart.o
    0x08004046   0x08004046   0x00000002   PAD
    0x08004048   0x08004048   0x000000b2   Code   RO         3144    i.HAL_UART_Transmit  stm32f4xx_hal_uart.o
    0x080040fa   0x080040fa   0x00000002   Code   RO         3147    i.HAL_UART_TxCpltCallback  stm32f4xx_hal_uart.o
    0x080040fc   0x080040fc   0x00000002   Code   RO          532    i.HardFault_Handler  stm32f4xx_it.o
    0x080040fe   0x080040fe   0x00000002   PAD
    0x08004100   0x08004100   0x00000044   Code   RO          341    i.MX_CAN1_Init      can.o
    0x08004144   0x08004144   0x00000044   Code   RO          342    i.MX_CAN2_Init      can.o
    0x08004188   0x08004188   0x0000008c   Code   RO          388    i.MX_DMA_Init       dma.o
    0x08004214   0x08004214   0x00000068   Code   RO          288    i.MX_FREERTOS_Init  freertos.o
    0x0800427c   0x0800427c   0x000000f8   Code   RO          264    i.MX_GPIO_Init      gpio.o
    0x08004374   0x08004374   0x000000a0   Code   RO          415    i.MX_TIM2_Init      tim.o
    0x08004414   0x08004414   0x000000a4   Code   RO          416    i.MX_TIM8_Init      tim.o
    0x080044b8   0x080044b8   0x00000038   Code   RO          468    i.MX_UART7_Init     usart.o
    0x080044f0   0x080044f0   0x00000038   Code   RO          469    i.MX_UART8_Init     usart.o
    0x08004528   0x08004528   0x00000038   Code   RO          470    i.MX_USART6_UART_Init  usart.o
    0x08004560   0x08004560   0x00000002   Code   RO          533    i.MemManage_Handler  stm32f4xx_it.o
    0x08004562   0x08004562   0x00000002   Code   RO          534    i.NMI_Handler       stm32f4xx_it.o
    0x08004564   0x08004564   0x0000002e   Code   RO         5468    i.PID_ECD_calc      motor_ctrl.o
    0x08004592   0x08004592   0x00000026   Code   RO         5221    i.PID_angle_calc    chassis_task.o
    0x080045b8   0x080045b8   0x00000128   Code   RO         5710    i.PID_calc          pid.o
    0x080046e0   0x080046e0   0x0000005c   Code   RO         5712    i.PID_init          pid.o
    0x0800473c   0x0800473c   0x0000001e   Code   RO         4995    i.Stract            commu_task.o
    0x0800475a   0x0800475a   0x00000018   Code   RO          535    i.SysTick_Handler   stm32f4xx_it.o
    0x08004772   0x08004772   0x00000002   PAD
    0x08004774   0x08004774   0x00000094   Code   RO           14    i.SystemClock_Config  main.o
    0x08004808   0x08004808   0x00000010   Code   RO         3465    i.SystemInit        system_stm32f4xx.o
    0x08004818   0x08004818   0x000000c8   Code   RO         2229    i.TIM_Base_SetConfig  stm32f4xx_hal_tim.o
    0x080048e0   0x080048e0   0x0000001a   Code   RO         2230    i.TIM_CCxChannelCmd  stm32f4xx_hal_tim.o
    0x080048fa   0x080048fa   0x00000002   PAD
    0x080048fc   0x080048fc   0x00000060   Code   RO         2242    i.TIM_OC1_SetConfig  stm32f4xx_hal_tim.o
    0x0800495c   0x0800495c   0x0000006c   Code   RO         2243    i.TIM_OC2_SetConfig  stm32f4xx_hal_tim.o
    0x080049c8   0x080049c8   0x00000068   Code   RO         2244    i.TIM_OC3_SetConfig  stm32f4xx_hal_tim.o
    0x08004a30   0x08004a30   0x00000050   Code   RO         2245    i.TIM_OC4_SetConfig  stm32f4xx_hal_tim.o
    0x08004a80   0x08004a80   0x0000000c   Code   RO          536    i.UART7_IRQHandler  stm32f4xx_it.o
    0x08004a8c   0x08004a8c   0x0000000c   Code   RO          537    i.UART8_IRQHandler  stm32f4xx_it.o
    0x08004a98   0x08004a98   0x00000010   Code   RO         3149    i.UART_DMAAbortOnError  stm32f4xx_hal_uart.o
    0x08004aa8   0x08004aa8   0x0000004a   Code   RO         3150    i.UART_DMAError     stm32f4xx_hal_uart.o
    0x08004af2   0x08004af2   0x00000082   Code   RO         3151    i.UART_DMAReceiveCplt  stm32f4xx_hal_uart.o
    0x08004b74   0x08004b74   0x0000001a   Code   RO         3153    i.UART_DMARxHalfCplt  stm32f4xx_hal_uart.o
    0x08004b8e   0x08004b8e   0x0000004e   Code   RO         3159    i.UART_EndRxTransfer  stm32f4xx_hal_uart.o
    0x08004bdc   0x08004bdc   0x0000001c   Code   RO         3160    i.UART_EndTxTransfer  stm32f4xx_hal_uart.o
    0x08004bf8   0x08004bf8   0x000000c0   Code   RO         3161    i.UART_Receive_IT   stm32f4xx_hal_uart.o
    0x08004cb8   0x08004cb8   0x0000010c   Code   RO         3162    i.UART_SetConfig    stm32f4xx_hal_uart.o
    0x08004dc4   0x08004dc4   0x00000094   Code   RO         3163    i.UART_Start_Receive_DMA  stm32f4xx_hal_uart.o
    0x08004e58   0x08004e58   0x00000078   Code   RO         3165    i.UART_WaitOnFlagUntilTimeout  stm32f4xx_hal_uart.o
    0x08004ed0   0x08004ed0   0x0000000c   Code   RO          538    i.USART6_IRQHandler  stm32f4xx_it.o
    0x08004edc   0x08004edc   0x0000005c   Code   RO         4996    i.Update_position   commu_task.o
    0x08004f38   0x08004f38   0x00000002   Code   RO          539    i.UsageFault_Handler  stm32f4xx_it.o
    0x08004f3a   0x08004f3a   0x00000030   Code   RO         6207    i.__ARM_fpclassify  m_wm.l(fpclassify.o)
    0x08004f6a   0x08004f6a   0x00000020   Code   RO         1747    i.__NVIC_SetPriority  stm32f4xx_hal_cortex.o
    0x08004f8a   0x08004f8a   0x00000006   PAD
    0x08004f90   0x08004f90   0x000000c8   Code   RO         5978    i.__hardfp_cos      m_wm.l(cos.o)
    0x08005058   0x08005058   0x000000c8   Code   RO         5990    i.__hardfp_sin      m_wm.l(sin.o)
    0x08005120   0x08005120   0x00000438   Code   RO         6140    i.__ieee754_rem_pio2  m_wm.l(rred.o)
    0x08005558   0x08005558   0x00000170   Code   RO         6123    i.__kernel_cos      m_wm.l(cos_i.o)
    0x080056c8   0x080056c8   0x000000f8   Code   RO         6209    i.__kernel_poly     m_wm.l(poly.o)
    0x080057c0   0x080057c0   0x00000130   Code   RO         6145    i.__kernel_sin      m_wm.l(sin_i.o)
    0x080058f0   0x080058f0   0x00000014   Code   RO         6127    i.__mathlib_dbl_infnan  m_wm.l(dunder.o)
    0x08005904   0x08005904   0x00000004   PAD
    0x08005908   0x08005908   0x00000020   Code   RO         6129    i.__mathlib_dbl_invalid  m_wm.l(dunder.o)
    0x08005928   0x08005928   0x00000020   Code   RO         6132    i.__mathlib_dbl_underflow  m_wm.l(dunder.o)
    0x08005948   0x08005948   0x0000000e   Code   RO         6067    i._is_digit         c_w.l(__printf_wp.o)
    0x08005956   0x08005956   0x00000002   PAD
    0x08005958   0x08005958   0x0000002c   Code   RO         4997    i.action_to_car     commu_task.o
    0x08005984   0x08005984   0x00000124   Code   RO         5222    i.angle_limit       chassis_task.o
    0x08005aa8   0x08005aa8   0x00000070   Code   RO         5469    i.angle_m6020_init  motor_ctrl.o
    0x08005b18   0x08005b18   0x00000018   Code   RO         5470    i.angle_m6020_to_next  motor_ctrl.o
    0x08005b30   0x08005b30   0x00000058   Code   RO         5616    i.can_filter_init   bsp_can.o
    0x08005b88   0x08005b88   0x00000050   Code   RO         5223    i.chassis_ctrl      chassis_task.o
    0x08005bd8   0x08005bd8   0x0000006c   Code   RO         5224    i.chassis_init      chassis_task.o
    0x08005c44   0x08005c44   0x00000088   Code   RO         5225    i.chassis_pid_calc  chassis_task.o
    0x08005ccc   0x08005ccc   0x00000064   Code   RO         5226    i.chassis_pid_init  chassis_task.o
    0x08005d30   0x08005d30   0x00000018   Code   RO         5227    i.chassis_task      chassis_task.o
    0x08005d48   0x08005d48   0x000000b8   Code   RO         5228    i.chassis_v_to_mecanum_speed  chassis_task.o
    0x08005e00   0x08005e00   0x00000098   Code   RO         4910    i.cmd_arm_grab_ground  servo_task.o
    0x08005e98   0x08005e98   0x000000a4   Code   RO         4911    i.cmd_arm_grab_material  servo_task.o
    0x08005f3c   0x08005f3c   0x0000008c   Code   RO         4912    i.cmd_arm_place_ground  servo_task.o
    0x08005fc8   0x08005fc8   0x00000098   Code   RO         4913    i.cmd_arm_place_stuff  servo_task.o
    0x08006060   0x08006060   0x00000018   Code   RO         4914    i.cmd_arm_rst       servo_task.o
    0x08006078   0x08006078   0x00000038   Code   RO         4915    i.cmd_arm_to_code   servo_task.o
    0x080060b0   0x080060b0   0x00000024   Code   RO         4916    i.cmd_arm_to_stuff  servo_task.o
    0x080060d4   0x080060d4   0x00000158   Code   RO         4998    i.commu_task        commu_task.o
    0x0800622c   0x0800622c   0x00000024   Code   RO         4999    i.commu_task_init   commu_task.o
    0x08006250   0x08006250   0x00000020   Code   RO         5229    i.deadbond          chassis_task.o
    0x08006270   0x08006270   0x00000038   Code   RO         5000    i.decode02          commu_task.o
    0x080062a8   0x080062a8   0x00000024   Code   RO         5002    i.decode_action     commu_task.o
    0x080062cc   0x080062cc   0x00000014   Code   RO         5471    i.ecd_format        motor_ctrl.o
    0x080062e0   0x080062e0   0x0000003a   Code   RO         5472    i.ecd_limit         motor_ctrl.o
    0x0800631a   0x0800631a   0x00000032   Code   RO         5003    i.encode            commu_task.o
    0x0800634c   0x0800634c   0x00000018   Code   RO         6203    i.fabs              m_wm.l(fabs.o)
    0x08006364   0x08006364   0x00000014   Code   RO         5323    i.get_motor_2006_measure_point  can_receive.o
    0x08006378   0x08006378   0x00000014   Code   RO         5324    i.get_motor_3508_measure_point  can_receive.o
    0x0800638c   0x0800638c   0x00000014   Code   RO         5328    i.get_motor_6020_measure_point  can_receive.o
    0x080063a0   0x080063a0   0x00000078   Code   RO         5473    i.give_pid_current_6020  motor_ctrl.o
    0x08006418   0x08006418   0x000001c0   Code   RO         5230    i.goal_to_v         chassis_task.o
    0x080065d8   0x080065d8   0x000000b0   Code   RO         5837    i.initM2006ECDRoundsMonitor  gear_motor_ctrl.o
    0x08006688   0x08006688   0x00000018   Code   RO         5838    i.m2006_task        gear_motor_ctrl.o
    0x080066a0   0x080066a0   0x0000004c   Code   RO           15    i.main              main.o
    0x080066ec   0x080066ec   0x0000000c   Code   RO         4306    i.makeFreeRtosPriority  cmsis_os.o
    0x080066f8   0x080066f8   0x000000ec   Code   RO         5839    i.monitorM2006ECDRound  gear_motor_ctrl.o
    0x080067e4   0x080067e4   0x00000014   Code   RO         5004    i.my_uart6_enable_inpterr  commu_task.o
    0x080067f8   0x080067f8   0x00000014   Code   RO         5006    i.my_uart8_enable_inpterr  commu_task.o
    0x0800680c   0x0800680c   0x00000010   Code   RO         4308    i.osDelay           cmsis_os.o
    0x0800681c   0x0800681c   0x0000000a   Code   RO         4311    i.osKernelStart     cmsis_os.o
    0x08006826   0x08006826   0x0000005c   Code   RO         4345    i.osThreadCreate    cmsis_os.o
    0x08006882   0x08006882   0x00000002   PAD
    0x08006884   0x08006884   0x00000078   Code   RO         3977    i.prvAddCurrentTaskToDelayedList  tasks.o
    0x080068fc   0x080068fc   0x00000088   Code   RO         3978    i.prvAddNewTaskToReadyList  tasks.o
    0x08006984   0x08006984   0x00000040   Code   RO         3979    i.prvCheckTasksWaitingTermination  tasks.o
    0x080069c4   0x080069c4   0x00000040   Code   RO         3980    i.prvDeleteTCB      tasks.o
    0x08006a04   0x08006a04   0x00000050   Code   RO         4673    i.prvHeapInit       heap_4.o
    0x08006a54   0x08006a54   0x00000028   Code   RO         3981    i.prvIdleTask       tasks.o
    0x08006a7c   0x08006a7c   0x0000007e   Code   RO         3982    i.prvInitialiseNewTask  tasks.o
    0x08006afa   0x08006afa   0x00000002   PAD
    0x08006afc   0x08006afc   0x00000060   Code   RO         3983    i.prvInitialiseTaskLists  tasks.o
    0x08006b5c   0x08006b5c   0x0000005c   Code   RO         4674    i.prvInsertBlockIntoFreeList  heap_4.o
    0x08006bb8   0x08006bb8   0x00000024   Code   RO         3984    i.prvResetNextTaskUnblockTime  tasks.o
    0x08006bdc   0x08006bdc   0x00000030   Code   RO         4741    i.prvTaskExitError  port.o
    0x08006c0c   0x08006c0c   0x000000e8   Code   RO         4675    i.pvPortMalloc      heap_4.o
    0x08006cf4   0x08006cf4   0x0000002c   Code   RO         4742    i.pxPortInitialiseStack  port.o
    0x08006d20   0x08006d20   0x00000048   Code   RO         5840    i.refresh_M2006_ctrl  gear_motor_ctrl.o
    0x08006d68   0x08006d68   0x0000007e   Code   RO         4827    i.servo_angle_ctrl  servo.o
    0x08006de6   0x08006de6   0x00000002   PAD
    0x08006de8   0x08006de8   0x00000154   Code   RO         4828    i.servo_init        servo.o
    0x08006f3c   0x08006f3c   0x0000005c   Code   RO         4917    i.servo_task        servo_task.o
    0x08006f98   0x08006f98   0x00000060   Code   RO         5841    i.set_M2006_current  gear_motor_ctrl.o
    0x08006ff8   0x08006ff8   0x00000034   Code   RO         5842    i.set_M2006_rotate_rounds  gear_motor_ctrl.o
    0x0800702c   0x0800702c   0x00000064   Code   RO         5843    i.set_M2006_speed   gear_motor_ctrl.o
    0x08007090   0x08007090   0x00000004   Code   RO         5844    i.startM2006Monitor  gear_motor_ctrl.o
    0x08007094   0x08007094   0x00000044   Code   RO         5007    i.uart7_printf      commu_task.o
    0x080070d8   0x080070d8   0x00000064   Code   RO         5528    i.uart7_tx_dma_enable  bsp_usart.o
    0x0800713c   0x0800713c   0x00000044   Code   RO         5008    i.uart8_printf      commu_task.o
    0x08007180   0x08007180   0x00000064   Code   RO         5530    i.uart8_tx_dma_enable  bsp_usart.o
    0x080071e4   0x080071e4   0x00000064   Code   RO         5531    i.usart6_tx_dma_enable  bsp_usart.o
    0x08007248   0x08007248   0x00000026   Code   RO         3603    i.uxListRemove      list.o
    0x0800726e   0x0800726e   0x00000002   PAD
    0x08007270   0x08007270   0x00000014   Code   RO          290    i.vApplicationGetIdleTaskMemory  freertos.o
    0x08007284   0x08007284   0x00000016   Code   RO         3604    i.vListInitialise   list.o
    0x0800729a   0x0800729a   0x00000006   Code   RO         3605    i.vListInitialiseItem  list.o
    0x080072a0   0x080072a0   0x00000036   Code   RO         3606    i.vListInsert       list.o
    0x080072d6   0x080072d6   0x00000018   Code   RO         3607    i.vListInsertEnd    list.o
    0x080072ee   0x080072ee   0x00000002   PAD
    0x080072f0   0x080072f0   0x00000040   Code   RO         4744    i.vPortEnterCritical  port.o
    0x08007330   0x08007330   0x0000002c   Code   RO         4745    i.vPortExitCritical  port.o
    0x0800735c   0x0800735c   0x00000064   Code   RO         4676    i.vPortFree         heap_4.o
    0x080073c0   0x080073c0   0x00000024   Code   RO         4746    i.vPortSetupTimerInterrupt  port.o
    0x080073e4   0x080073e4   0x00000050   Code   RO         3993    i.vTaskDelay        tasks.o
    0x08007434   0x08007434   0x00000088   Code   RO         4006    i.vTaskStartScheduler  tasks.o
    0x080074bc   0x080074bc   0x00000010   Code   RO         4008    i.vTaskSuspendAll   tasks.o
    0x080074cc   0x080074cc   0x00000060   Code   RO         4009    i.vTaskSwitchContext  tasks.o
    0x0800752c   0x0800752c   0x00000104   Code   RO         4748    i.xPortStartScheduler  port.o
    0x08007630   0x08007630   0x0000002c   Code   RO         4749    i.xPortSysTickHandler  port.o
    0x0800765c   0x0800765c   0x0000006c   Code   RO         4012    i.xTaskCreate       tasks.o
    0x080076c8   0x080076c8   0x00000060   Code   RO         4013    i.xTaskCreateStatic  tasks.o
    0x08007728   0x08007728   0x0000001c   Code   RO         4017    i.xTaskGetSchedulerState  tasks.o
    0x08007744   0x08007744   0x000000d4   Code   RO         4020    i.xTaskIncrementTick  tasks.o
    0x08007818   0x08007818   0x000000cc   Code   RO         4026    i.xTaskResumeAll    tasks.o
    0x080078e4   0x080078e4   0x0000002c   Code   RO         6251    locale$$code        c_w.l(lc_numeric_c.o)
    0x08007910   0x08007910   0x0000002c   Code   RO         6272    locale$$code        c_w.l(lc_ctype_c.o)
    0x0800793c   0x0800793c   0x00000018   Code   RO         6102    x$fpl$basic         fz_wm.l(basic.o)
    0x08007954   0x08007954   0x00000062   Code   RO         5958    x$fpl$d2f           fz_wm.l(d2f.o)
    0x080079b6   0x080079b6   0x00000002   PAD
    0x080079b8   0x080079b8   0x00000150   Code   RO         5960    x$fpl$dadd          fz_wm.l(daddsub_clz.o)
    0x08007b08   0x08007b08   0x00000018   Code   RO         6104    x$fpl$dcmpinf       fz_wm.l(dcmpi.o)
    0x08007b20   0x08007b20   0x000002b0   Code   RO         5967    x$fpl$ddiv          fz_wm.l(ddiv.o)
    0x08007dd0   0x08007dd0   0x0000005e   Code   RO         6191    x$fpl$dfix          fz_wm.l(dfix.o)
    0x08007e2e   0x08007e2e   0x0000002e   Code   RO         6196    x$fpl$dflt          fz_wm.l(dflt_clz.o)
    0x08007e5c   0x08007e5c   0x00000026   Code   RO         6195    x$fpl$dfltu         fz_wm.l(dflt_clz.o)
    0x08007e82   0x08007e82   0x00000002   PAD
    0x08007e84   0x08007e84   0x00000078   Code   RO         5970    x$fpl$dleqf         fz_wm.l(dleqf.o)
    0x08007efc   0x08007efc   0x00000154   Code   RO         5972    x$fpl$dmul          fz_wm.l(dmul.o)
    0x08008050   0x08008050   0x0000009c   Code   RO         6106    x$fpl$dnaninf       fz_wm.l(dnaninf.o)
    0x080080ec   0x080080ec   0x0000000c   Code   RO         6108    x$fpl$dretinf       fz_wm.l(dretinf.o)
    0x080080f8   0x080080f8   0x0000006c   Code   RO         5974    x$fpl$drleqf        fz_wm.l(drleqf.o)
    0x08008164   0x08008164   0x00000016   Code   RO         5961    x$fpl$drsb          fz_wm.l(daddsub_clz.o)
    0x0800817a   0x0800817a   0x00000002   PAD
    0x0800817c   0x0800817c   0x000001d4   Code   RO         5962    x$fpl$dsub          fz_wm.l(daddsub_clz.o)
    0x08008350   0x08008350   0x00000056   Code   RO         5976    x$fpl$f2d           fz_wm.l(f2d.o)
    0x080083a6   0x080083a6   0x0000008c   Code   RO         6110    x$fpl$fnaninf       fz_wm.l(fnaninf.o)
    0x08008432   0x08008432   0x0000000a   Code   RO         6340    x$fpl$fpinit        fz_wm.l(fpinit.o)
    0x0800843c   0x0800843c   0x0000000a   Code   RO         6112    x$fpl$fretinf       fz_wm.l(fretinf.o)
    0x08008446   0x08008446   0x00000004   Code   RO         6114    x$fpl$printf1       fz_wm.l(printf1.o)
    0x0800844a   0x0800844a   0x00000004   Code   RO         6116    x$fpl$printf2       fz_wm.l(printf2.o)
    0x0800844e   0x0800844e   0x00000000   Code   RO         6122    x$fpl$usenofp       fz_wm.l(usenofp.o)
    0x0800844e   0x0800844e   0x00000002   PAD
    0x08008450   0x08008450   0x00000070   Data   RO          292    .constdata          freertos.o
    0x080084c0   0x080084c0   0x00000008   Data   RO         1446    .constdata          stm32f4xx_hal_dma.o
    0x080084c8   0x080084c8   0x00000010   Data   RO         3466    .constdata          system_stm32f4xx.o
    0x080084d8   0x080084d8   0x00000008   Data   RO         3467    .constdata          system_stm32f4xx.o
    0x080084e0   0x080084e0   0x00000008   Data   RO         5010    .constdata          commu_task.o
    0x080084e8   0x080084e8   0x00000024   Data   RO         5232    .constdata          chassis_task.o
    0x0800850c   0x0800850c   0x00000018   Data   RO         5475    .constdata          motor_ctrl.o
    0x08008524   0x08008524   0x00000008   Data   RO         6026    .constdata          c_w.l(_printf_wctomb.o)
    0x0800852c   0x0800852c   0x00000028   Data   RO         6055    .constdata          c_w.l(_printf_hex_int_ll_ptr.o)
    0x08008554   0x08008554   0x00000011   Data   RO         6075    .constdata          c_w.l(__printf_flags_ss_wp.o)
    0x08008565   0x08008565   0x00000003   PAD
    0x08008568   0x08008568   0x00000030   Data   RO         6124    .constdata          m_wm.l(cos_i.o)
    0x08008598   0x08008598   0x000000c8   Data   RO         6142    .constdata          m_wm.l(rred.o)
    0x08008660   0x08008660   0x00000028   Data   RO         6146    .constdata          m_wm.l(sin_i.o)
    0x08008688   0x08008688   0x00000026   Data   RO         6180    .constdata          c_w.l(_printf_fp_hex.o)
    0x080086ae   0x080086ae   0x00000002   PAD
    0x080086b0   0x080086b0   0x00000094   Data   RO         6226    .constdata          c_w.l(bigflt0.o)
    0x08008744   0x08008744   0x0000002e   Data   RO          293    .conststring        freertos.o
    0x08008772   0x08008772   0x00000002   PAD
    0x08008774   0x08008774   0x00000020   Data   RO         6396    Region$$Table       anon$$obj.o
    0x08008794   0x08008794   0x0000001c   Data   RO         6250    locale$$data        c_w.l(lc_numeric_c.o)
    0x080087b0   0x080087b0   0x00000110   Data   RO         6271    locale$$data        c_w.l(lc_ctype_c.o)


    Execution Region RW_IRAM2 (Exec base: 0x10000000, Load base: 0x080089e0, Size: 0x00000000, Max: 0x00010000, ABSOLUTE)

    **** No section assigned to this execution region ****


    Execution Region RW_IRAM1 (Exec base: 0x20000000, Load base: 0x080088c0, Size: 0x00005618, Max: 0x00030000, ABSOLUTE)

    Exec Addr    Load Addr    Size         Type   Attr      Idx    E Section Name        Object

    0x20000000   0x080088c0   0x00000010   Data   RW          294    .data               freertos.o
    0x20000010   0x080088d0   0x00000004   Data   RW          344    .data               can.o
    0x20000014   0x080088d4   0x0000000c   Data   RW         1893    .data               stm32f4xx_hal.o
    0x20000020   0x080088e0   0x00000004   Data   RW         3468    .data               system_stm32f4xx.o
    0x20000024   0x080088e4   0x0000003c   Data   RW         4029    .data               tasks.o
    0x20000060   0x08008920   0x00000020   Data   RW         4682    .data               heap_4.o
    0x20000080   0x08008940   0x0000000c   Data   RW         4750    .data               port.o
    0x2000008c   0x0800894c   0x00000001   Data   RW         4918    .data               servo_task.o
    0x2000008d   0x0800894d   0x00000003   PAD
    0x20000090   0x08008950   0x00000018   Data   RW         5012    .data               commu_task.o
    0x200000a8   0x08008968   0x00000020   Data   RW         5334    .data               can_receive.o
    0x200000c8   0x08008988   0x00000008   Data   RW         5335    .data               can_receive.o
    0x200000d0   0x08008990   0x00000008   Data   RW         5337    .data               can_receive.o
    0x200000d8   0x08008998   0x00000008   Data   RW         5338    .data               can_receive.o
    0x200000e0   0x080089a0   0x0000000e   Data   RW         5476    .data               motor_ctrl.o
    0x200000ee   0x080089ae   0x00000002   PAD
    0x200000f0   0x080089b0   0x00000030   Data   RW         5846    .data               gear_motor_ctrl.o
    0x20000120        -       0x00000254   Zero   RW          291    .bss                freertos.o
    0x20000374        -       0x00000050   Zero   RW          343    .bss                can.o
    0x200003c4        -       0x00000090   Zero   RW          417    .bss                tim.o
    0x20000454        -       0x0000030c   Zero   RW          471    .bss                usart.o
    0x20000760        -       0x000000f0   Zero   RW         4028    .bss                tasks.o
    0x20000850        -       0x00003c00   Zero   RW         4681    .bss                heap_4.o
    0x20004450        -       0x00000280   Zero   RW         4830    .bss                servo.o
    0x200046d0        -       0x000002c0   Zero   RW         5009    .bss                commu_task.o
    0x20004990        -       0x00000240   Zero   RW         5231    .bss                chassis_task.o
    0x20004bd0        -       0x00000050   Zero   RW         5329    .bss                can_receive.o
    0x20004c20        -       0x00000018   Zero   RW         5330    .bss                can_receive.o
    0x20004c38        -       0x00000018   Zero   RW         5332    .bss                can_receive.o
    0x20004c50        -       0x00000018   Zero   RW         5333    .bss                can_receive.o
    0x20004c68        -       0x00000090   Zero   RW         5474    .bss                motor_ctrl.o
    0x20004cf8        -       0x000002c0   Zero   RW         5845    .bss                gear_motor_ctrl.o
    0x20004fb8        -       0x00000060   Zero   RW         6212    .bss                c_w.l(libspace.o)
    0x20005018        -       0x00000200   Zero   RW            2    HEAP                startup_stm32f427xx.o
    0x20005218        -       0x00000400   Zero   RW            1    STACK               startup_stm32f427xx.o


==============================================================================

Image component sizes


      Code (inc. data)   RO Data    RW Data    ZI Data      Debug   Object Name

        88          8          0          0          0     612094   bsp_can.o
       300         40          0          0          0       2632   bsp_usart.o
       388         40          0          4         80       2722   can.o
       360         60          0          0          0       3588   can_cmd_all.o
       268         22          0         56        152       6963   can_receive.o
      1442        126         36          0        576       9907   chassis_task.o
       130          0          0          0          0      23559   cmsis_os.o
      1038        172          8         24        704     646904   commu_task.o
       140          4          0          0          0        950   dma.o
         0          0          0          0          0      17172   event_groups.o
       124         12        158         16        596       2633   freertos.o
       794         50          0         48        704       9224   gear_motor_ctrl.o
       248         18          0          0          0       1195   gpio.o
       504         32          0         32      15360       7943   heap_4.o
       144          0          0          0          0       3902   list.o
       228          8          0          0          0     791979   main.o
       380         40         24         14        144       4770   motor_ctrl.o
       388          8          0          0          0     614066   pid.o
       730         82          0         12          0      11644   port.o
       466         14          0          0        640       3476   servo.o
       816         80          0          1          0       9540   servo_task.o
        64         26        428          0       1536        892   startup_stm32f427xx.o
       180         28          0         12          0       9953   stm32f4xx_hal.o
      1638          6          0          0          0      15247   stm32f4xx_hal_can.o
       198         14          0          0          0      34483   stm32f4xx_hal_cortex.o
      1084         16          8          0          0       7790   stm32f4xx_hal_dma.o
       610         60          0          0          0       4335   stm32f4xx_hal_gpio.o
        56          4          0          0          0        966   stm32f4xx_hal_msp.o
      1348         76          0          0          0       5528   stm32f4xx_hal_rcc.o
      1228        138          0          0          0       9635   stm32f4xx_hal_tim.o
       228         28          0          0          0       2308   stm32f4xx_hal_tim_ex.o
      2020         30          0          0          0      15019   stm32f4xx_hal_uart.o
       180         66          0          0          0      10467   stm32f4xx_it.o
         0          0          0          0          0        448   stream_buffer.o
        16          4         24          4          0       1271   system_stm32f4xx.o
      1658        146          0         60        240      22314   tasks.o
       516         38          0          0        144       3480   tim.o
       844         64          0          0        780       3954   usart.o

    ----------------------------------------------------------------------
     20890       1560        720        288      21656    2934953   Object Totals
         0          0         32          0          0          0   (incl. Generated)
        46          0          2          5          0          0   (incl. Padding)

    ----------------------------------------------------------------------

      Code (inc. data)   RO Data    RW Data    ZI Data      Debug   Library Member Name

         8          0          0          0          0         68   __main.o
       392          4         17          0          0         92   __printf_flags_ss_wp.o
        14          0          0          0          0         68   __printf_wp.o
         0          0          0          0          0          0   __rtentry.o
        12          0          0          0          0          0   __rtentry2.o
         6          0          0          0          0          0   __rtentry4.o
        52          8          0          0          0          0   __scatter.o
        26          0          0          0          0          0   __scatter_copy.o
        28          0          0          0          0          0   __scatter_zi.o
         6          0          0          0          0          0   _printf_a.o
         6          0          0          0          0          0   _printf_c.o
        44          0          0          0          0        108   _printf_char.o
        48          6          0          0          0         96   _printf_char_common.o
        40          0          0          0          0         68   _printf_charcount.o
         6          0          0          0          0          0   _printf_d.o
       120         16          0          0          0         92   _printf_dec.o
         6          0          0          0          0          0   _printf_e.o
         6          0          0          0          0          0   _printf_f.o
      1054          0          0          0          0        216   _printf_fp_dec.o
       764          8         38          0          0        100   _printf_fp_hex.o
       128         16          0          0          0         84   _printf_fp_infnan.o
         6          0          0          0          0          0   _printf_g.o
       148          4         40          0          0        160   _printf_hex_int_ll_ptr.o
         6          0          0          0          0          0   _printf_i.o
       178          0          0          0          0         88   _printf_intcommon.o
        10          0          0          0          0          0   _printf_l.o
         6          0          0          0          0          0   _printf_lc.o
        10          0          0          0          0          0   _printf_ll.o
         6          0          0          0          0          0   _printf_lld.o
         6          0          0          0          0          0   _printf_lli.o
         6          0          0          0          0          0   _printf_llo.o
         6          0          0          0          0          0   _printf_llu.o
         6          0          0          0          0          0   _printf_llx.o
       124         16          0          0          0         92   _printf_longlong_dec.o
         6          0          0          0          0          0   _printf_ls.o
         6          0          0          0          0          0   _printf_n.o
         6          0          0          0          0          0   _printf_o.o
       112         10          0          0          0        124   _printf_oct_int_ll.o
         6          0          0          0          0          0   _printf_p.o
        78          0          0          0          0        108   _printf_pad.o
         0          0          0          0          0          0   _printf_percent.o
         4          0          0          0          0          0   _printf_percent_end.o
         6          0          0          0          0          0   _printf_s.o
        82          0          0          0          0         80   _printf_str.o
        36          0          0          0          0         84   _printf_truncate.o
         6          0          0          0          0          0   _printf_u.o
        44          0          0          0          0        108   _printf_wchar.o
       188          6          8          0          0         92   _printf_wctomb.o
         6          0          0          0          0          0   _printf_x.o
        22          0          0          0          0        100   _rserrno.o
        10          0          0          0          0         68   _sputc.o
        64          0          0          0          0         92   _wcrtomb.o
       228          4        148          0          0         96   bigflt0.o
      1936        128          0          0          0        672   btod.o
        18          0          0          0          0         80   exit.o
         6          0          0          0          0        152   heapauxi.o
         0          0          0          0          0          0   indicate_semi.o
        44         10        272          0          0         76   lc_ctype_c.o
        44         10         28          0          0         76   lc_numeric_c.o
         2          0          0          0          0          0   libinit.o
        34          0          0          0          0          0   libinit2.o
         2          0          0          0          0          0   libshutdown.o
         2          0          0          0          0          0   libshutdown2.o
         8          4          0          0         96         68   libspace.o
       138          0          0          0          0         80   lludiv10.o
       238          0          0          0          0        100   lludivv7m.o
        16          4          0          0          0         76   rt_ctype_table.o
         8          4          0          0          0         68   rt_errno_addr_intlibspace.o
         8          4          0          0          0         68   rt_locale_intlibspace.o
        78          0          0          0          0         80   rt_memclr_w.o
       100          0          0          0          0         80   rt_memcpy_w.o
         2          0          0          0          0          0   rtexit.o
        10          0          0          0          0          0   rtexit2.o
       128          0          0          0          0         68   strcmpv7m.o
        12          4          0          0          0         68   sys_exit.o
        74          0          0          0          0         80   sys_stackheap_outer.o
         2          0          0          0          0         68   use_no_semi.o
        36          4          0          0          0         76   vsprintf.o
        24          0          0          0          0        164   basic.o
        98          4          0          0          0        140   d2f.o
       826         16          0          0          0        492   daddsub_clz.o
        24          0          0          0          0        116   dcmpi.o
       688        140          0          0          0        256   ddiv.o
        94          4          0          0          0        140   dfix.o
        84          0          0          0          0        232   dflt_clz.o
       120          4          0          0          0        140   dleqf.o
       340         12          0          0          0        152   dmul.o
       156          4          0          0          0        140   dnaninf.o
        12          0          0          0          0        116   dretinf.o
       108          0          0          0          0        128   drleqf.o
        86          4          0          0          0        132   f2d.o
       140          4          0          0          0        132   fnaninf.o
        10          0          0          0          0        116   fpinit.o
        10          0          0          0          0        116   fretinf.o
         4          0          0          0          0        116   printf1.o
         4          0          0          0          0        116   printf2.o
         0          0          0          0          0          0   usenofp.o
       200         20          0          0          0        164   cos.o
       368         46         48          0          0        200   cos_i.o
        84         16          0          0          0        372   dunder.o
        24          0          0          0          0        124   fabs.o
        48          0          0          0          0        124   fpclassify.o
       248          0          0          0          0        152   poly.o
      1080        142        200          0          0        188   rred.o
       200         20          0          0          0        164   sin.o
       304         24         40          0          0        208   sin_i.o

    ----------------------------------------------------------------------
     12554        730        844          0         96       8960   Library Totals
        30          0          5          0          0          0   (incl. Padding)

    ----------------------------------------------------------------------

      Code (inc. data)   RO Data    RW Data    ZI Data      Debug   Library Name

      7140        270        551          0         96       4320   c_w.l
      2828        192          0          0          0       2944   fz_wm.l
      2556        268        288          0          0       1696   m_wm.l

    ----------------------------------------------------------------------
     12554        730        844          0         96       8960   Library Totals

    ----------------------------------------------------------------------

==============================================================================


      Code (inc. data)   RO Data    RW Data    ZI Data      Debug   

     33444       2290       1564        288      21752    2918173   Grand Totals
     33444       2290       1564        288      21752    2918173   ELF Image Totals
     33444       2290       1564        288          0          0   ROM Totals

==============================================================================

    Total RO  Size (Code + RO Data)                35008 (  34.19kB)
    Total RW  Size (RW Data + ZI Data)             22040 (  21.52kB)
    Total ROM Size (Code + RO Data + RW Data)      35296 (  34.47kB)

==============================================================================

